2025-09-29T06:56:34.8877044Z Current runner version: '2.328.0'
2025-09-29T06:56:34.8909715Z ##[group]Runner Image Provisioner
2025-09-29T06:56:34.8910820Z Hosted Compute Agent
2025-09-29T06:56:34.8911856Z Version: 20250912.392
2025-09-29T06:56:34.8912999Z Commit: d921fda672a98b64f4f82364647e2f10b2267d0b
2025-09-29T06:56:34.8914403Z Build Date: 2025-09-12T15:23:14Z
2025-09-29T06:56:34.8915454Z ##[endgroup]
2025-09-29T06:56:34.8916241Z ##[group]Operating System
2025-09-29T06:56:34.8917240Z Ubuntu
2025-09-29T06:56:34.8917981Z 24.04.3
2025-09-29T06:56:34.8918723Z LTS
2025-09-29T06:56:34.8919447Z ##[endgroup]
2025-09-29T06:56:34.8920340Z ##[group]Runner Image
2025-09-29T06:56:34.8921256Z Image: ubuntu-24.04
2025-09-29T06:56:34.8922884Z Version: 20250922.53.1
2025-09-29T06:56:34.8924786Z Included Software: https://github.com/actions/runner-images/blob/ubuntu24/20250922.53/images/ubuntu/Ubuntu2404-Readme.md
2025-09-29T06:56:34.8927597Z Image Release: https://github.com/actions/runner-images/releases/tag/ubuntu24%2F20250922.53
2025-09-29T06:56:34.8929461Z ##[endgroup]
2025-09-29T06:56:34.8934042Z ##[group]GITHUB_TOKEN Permissions
2025-09-29T06:56:34.8937049Z Actions: write
2025-09-29T06:56:34.8937978Z Attestations: write
2025-09-29T06:56:34.8938772Z Checks: write
2025-09-29T06:56:34.8939546Z Contents: write
2025-09-29T06:56:34.8940445Z Deployments: write
2025-09-29T06:56:34.8941260Z Discussions: write
2025-09-29T06:56:34.8942381Z Issues: write
2025-09-29T06:56:34.8943218Z Metadata: read
2025-09-29T06:56:34.8944231Z Models: read
2025-09-29T06:56:34.8945052Z Packages: write
2025-09-29T06:56:34.8946013Z Pages: write
2025-09-29T06:56:34.8946823Z PullRequests: write
2025-09-29T06:56:34.8947773Z RepositoryProjects: write
2025-09-29T06:56:34.8948950Z SecurityEvents: write
2025-09-29T06:56:34.8950022Z Statuses: write
2025-09-29T06:56:34.8950921Z ##[endgroup]
2025-09-29T06:56:34.8954070Z Secret source: Actions
2025-09-29T06:56:34.8955616Z Prepare workflow directory
2025-09-29T06:56:34.9502314Z Prepare all required actions
2025-09-29T06:56:34.9557619Z Getting action download info
2025-09-29T06:56:35.2246333Z Download action repository 'actions/checkout@v4' (SHA:08eba0b27e820071cde6df949e0beb9ba4906955)
2025-09-29T06:56:35.3144476Z Download action repository 'actions/upload-artifact@v4' (SHA:ea165f8d65b6e75b540449e92b4886f43607fa02)
2025-09-29T06:56:35.4984065Z Complete job name: Build Linux
2025-09-29T06:56:35.5647917Z ##[group]Run actions/checkout@v4
2025-09-29T06:56:35.5648727Z with:
2025-09-29T06:56:35.5649111Z   fetch-depth: 0
2025-09-29T06:56:35.5649515Z   submodules: recursive
2025-09-29T06:56:35.5650020Z   repository: Leizi-the-Thunderbringer/VersionTools
2025-09-29T06:56:35.5650727Z   token: ***
2025-09-29T06:56:35.5651109Z   ssh-strict: true
2025-09-29T06:56:35.5651503Z   ssh-user: git
2025-09-29T06:56:35.5651901Z   persist-credentials: true
2025-09-29T06:56:35.5652709Z   clean: true
2025-09-29T06:56:35.5653116Z   sparse-checkout-cone-mode: true
2025-09-29T06:56:35.5653601Z   fetch-tags: false
2025-09-29T06:56:35.5653997Z   show-progress: true
2025-09-29T06:56:35.5654415Z   lfs: false
2025-09-29T06:56:35.5654800Z   set-safe-directory: true
2025-09-29T06:56:35.5655521Z env:
2025-09-29T06:56:35.5655885Z   CMAKE_VERSION: 3.20.0
2025-09-29T06:56:35.5656296Z   QT_VERSION: 6.5.0
2025-09-29T06:56:35.5656684Z ##[endgroup]
2025-09-29T06:56:35.6738883Z Syncing repository: Leizi-the-Thunderbringer/VersionTools
2025-09-29T06:56:35.6740647Z ##[group]Getting Git version info
2025-09-29T06:56:35.6741381Z Working directory is '/home/runner/work/VersionTools/VersionTools'
2025-09-29T06:56:35.6742574Z [command]/usr/bin/git version
2025-09-29T06:56:35.6848880Z git version 2.51.0
2025-09-29T06:56:35.6875090Z ##[endgroup]
2025-09-29T06:56:35.6890222Z Temporarily overriding HOME='/home/runner/work/_temp/3d2c5b65-2870-4f39-b2a0-5867ddbe381b' before making global git config changes
2025-09-29T06:56:35.6892823Z Adding repository directory to the temporary git global config as a safe directory
2025-09-29T06:56:35.6896825Z [command]/usr/bin/git config --global --add safe.directory /home/runner/work/VersionTools/VersionTools
2025-09-29T06:56:35.6931371Z Deleting the contents of '/home/runner/work/VersionTools/VersionTools'
2025-09-29T06:56:35.6935402Z ##[group]Initializing the repository
2025-09-29T06:56:35.6939974Z [command]/usr/bin/git init /home/runner/work/VersionTools/VersionTools
2025-09-29T06:56:35.7031598Z hint: Using 'master' as the name for the initial branch. This default branch name
2025-09-29T06:56:35.7033184Z hint: is subject to change. To configure the initial branch name to use in all
2025-09-29T06:56:35.7034130Z hint: of your new repositories, which will suppress this warning, call:
2025-09-29T06:56:35.7035323Z hint:
2025-09-29T06:56:35.7035833Z hint: 	git config --global init.defaultBranch <name>
2025-09-29T06:56:35.7036589Z hint:
2025-09-29T06:56:35.7037549Z hint: Names commonly chosen instead of 'master' are 'main', 'trunk' and
2025-09-29T06:56:35.7039148Z hint: 'development'. The just-created branch can be renamed via this command:
2025-09-29T06:56:35.7040414Z hint:
2025-09-29T06:56:35.7041125Z hint: 	git branch -m <name>
2025-09-29T06:56:35.7041937Z hint:
2025-09-29T06:56:35.7043226Z hint: Disable this message with "git config set advice.defaultBranchName false"
2025-09-29T06:56:35.7044961Z Initialized empty Git repository in /home/runner/work/VersionTools/VersionTools/.git/
2025-09-29T06:56:35.7049369Z [command]/usr/bin/git remote add origin https://github.com/Leizi-the-Thunderbringer/VersionTools
2025-09-29T06:56:35.7087900Z ##[endgroup]
2025-09-29T06:56:35.7088634Z ##[group]Disabling automatic garbage collection
2025-09-29T06:56:35.7091879Z [command]/usr/bin/git config --local gc.auto 0
2025-09-29T06:56:35.7118952Z ##[endgroup]
2025-09-29T06:56:35.7119635Z ##[group]Setting up auth
2025-09-29T06:56:35.7126032Z [command]/usr/bin/git config --local --name-only --get-regexp core\.sshCommand
2025-09-29T06:56:35.7157791Z [command]/usr/bin/git submodule foreach --recursive sh -c "git config --local --name-only --get-regexp 'core\.sshCommand' && git config --local --unset-all 'core.sshCommand' || :"
2025-09-29T06:56:35.7468882Z [command]/usr/bin/git config --local --name-only --get-regexp http\.https\:\/\/github\.com\/\.extraheader
2025-09-29T06:56:35.7497529Z [command]/usr/bin/git submodule foreach --recursive sh -c "git config --local --name-only --get-regexp 'http\.https\:\/\/github\.com\/\.extraheader' && git config --local --unset-all 'http.https://github.com/.extraheader' || :"
2025-09-29T06:56:35.7711807Z [command]/usr/bin/git config --local http.https://github.com/.extraheader AUTHORIZATION: basic ***
2025-09-29T06:56:35.7751673Z ##[endgroup]
2025-09-29T06:56:35.7752673Z ##[group]Fetching the repository
2025-09-29T06:56:35.7760544Z [command]/usr/bin/git -c protocol.version=2 fetch --prune --no-recurse-submodules origin +refs/heads/*:refs/remotes/origin/* +refs/tags/*:refs/tags/*
2025-09-29T06:56:36.2820814Z From https://github.com/Leizi-the-Thunderbringer/VersionTools
2025-09-29T06:56:36.2822563Z  * [new branch]      add-claude-github-actions-1758812080389 -> origin/add-claude-github-actions-1758812080389
2025-09-29T06:56:36.2823719Z  * [new branch]      main       -> origin/main
2025-09-29T06:56:36.2824372Z  * [new tag]         v1.0.0     -> v1.0.0
2025-09-29T06:56:36.2864480Z [command]/usr/bin/git branch --list --remote origin/main
2025-09-29T06:56:36.2887365Z   origin/main
2025-09-29T06:56:36.2898012Z [command]/usr/bin/git rev-parse refs/remotes/origin/main
2025-09-29T06:56:36.2918692Z fa8c6467227cde7f6f29b27ca843ea0104fafa96
2025-09-29T06:56:36.2925804Z ##[endgroup]
2025-09-29T06:56:36.2927192Z ##[group]Determining the checkout info
2025-09-29T06:56:36.2929212Z ##[endgroup]
2025-09-29T06:56:36.2931937Z [command]/usr/bin/git sparse-checkout disable
2025-09-29T06:56:36.2979502Z [command]/usr/bin/git config --local --unset-all extensions.worktreeConfig
2025-09-29T06:56:36.3006409Z ##[group]Checking out the ref
2025-09-29T06:56:36.3011326Z [command]/usr/bin/git checkout --progress --force -B main refs/remotes/origin/main
2025-09-29T06:56:36.3477584Z Switched to a new branch 'main'
2025-09-29T06:56:36.3479504Z branch 'main' set up to track 'origin/main'.
2025-09-29T06:56:36.3491601Z ##[endgroup]
2025-09-29T06:56:36.3492715Z ##[group]Setting up auth for fetching submodules
2025-09-29T06:56:36.3497450Z [command]/usr/bin/git config --global http.https://github.com/.extraheader AUTHORIZATION: basic ***
2025-09-29T06:56:36.3534676Z [command]/usr/bin/git config --global --unset-all url.https://github.com/.insteadOf
2025-09-29T06:56:36.3561879Z [command]/usr/bin/git config --global --add url.https://github.com/.insteadOf git@github.com:
2025-09-29T06:56:36.3589476Z [command]/usr/bin/git config --global --add url.https://github.com/.insteadOf org-227833005@github.com:
2025-09-29T06:56:36.3615402Z ##[endgroup]
2025-09-29T06:56:36.3616678Z ##[group]Fetching submodules
2025-09-29T06:56:36.3618067Z [command]/usr/bin/git submodule sync --recursive
2025-09-29T06:56:36.3834719Z [command]/usr/bin/git -c protocol.version=2 submodule update --init --force --recursive
2025-09-29T06:56:36.4048448Z [command]/usr/bin/git submodule foreach --recursive git config --local gc.auto 0
2025-09-29T06:56:36.4259850Z ##[endgroup]
2025-09-29T06:56:36.4260867Z ##[group]Persisting credentials for submodules
2025-09-29T06:56:36.4267804Z [command]/usr/bin/git submodule foreach --recursive sh -c "git config --local --name-only --get-regexp 'url\.https\:\/\/github\.com\/\.insteadOf' && git config --local --unset-all 'url.https://github.com/.insteadOf' || :"
2025-09-29T06:56:36.4485413Z [command]/usr/bin/git submodule foreach --recursive sh -c "git config --local 'http.https://github.com/.extraheader' 'AUTHORIZATION: basic ***' && git config --local --show-origin --name-only --get-regexp remote.origin.url"
2025-09-29T06:56:36.4698708Z [command]/usr/bin/git submodule foreach --recursive git config --local --add 'url.https://github.com/.insteadOf' 'git@github.com:'
2025-09-29T06:56:36.4912692Z [command]/usr/bin/git submodule foreach --recursive git config --local --add 'url.https://github.com/.insteadOf' 'org-227833005@github.com:'
2025-09-29T06:56:36.5122909Z ##[endgroup]
2025-09-29T06:56:36.5158953Z [command]/usr/bin/git log -1 --format=%H
2025-09-29T06:56:36.5181178Z fa8c6467227cde7f6f29b27ca843ea0104fafa96
2025-09-29T06:56:36.5369678Z ##[group]Run sudo apt-get update
2025-09-29T06:56:36.5370481Z [36;1msudo apt-get update[0m
2025-09-29T06:56:36.5371159Z [36;1msudo apt-get install -y \[0m
2025-09-29T06:56:36.5371886Z [36;1m  build-essential \[0m
2025-09-29T06:56:36.5372677Z [36;1m  cmake \[0m
2025-09-29T06:56:36.5373195Z [36;1m  ninja-build \[0m
2025-09-29T06:56:36.5373780Z [36;1m  libgit2-dev \[0m
2025-09-29T06:56:36.5374367Z [36;1m  qt6-base-dev \[0m
2025-09-29T06:56:36.5374955Z [36;1m  qt6-tools-dev \[0m
2025-09-29T06:56:36.5375592Z [36;1m  qt6-tools-dev-tools \[0m
2025-09-29T06:56:36.5376276Z [36;1m  libgl1-mesa-dev[0m
2025-09-29T06:56:36.5412457Z shell: /usr/bin/bash -e {0}
2025-09-29T06:56:36.5413136Z env:
2025-09-29T06:56:36.5413546Z   CMAKE_VERSION: 3.20.0
2025-09-29T06:56:36.5414091Z   QT_VERSION: 6.5.0
2025-09-29T06:56:36.5414585Z ##[endgroup]
2025-09-29T06:56:36.6686396Z Get:1 file:/etc/apt/apt-mirrors.txt Mirrorlist [144 B]
2025-09-29T06:56:36.7125802Z Hit:6 https://packages.microsoft.com/repos/azure-cli noble InRelease
2025-09-29T06:56:36.7129373Z Hit:2 http://azure.archive.ubuntu.com/ubuntu noble InRelease
2025-09-29T06:56:36.7135741Z Get:7 https://packages.microsoft.com/ubuntu/24.04/prod noble InRelease [3600 B]
2025-09-29T06:56:36.7190217Z Get:3 http://azure.archive.ubuntu.com/ubuntu noble-updates InRelease [126 kB]
2025-09-29T06:56:36.7259547Z Get:4 http://azure.archive.ubuntu.com/ubuntu noble-backports InRelease [126 kB]
2025-09-29T06:56:36.7321620Z Get:5 http://azure.archive.ubuntu.com/ubuntu noble-security InRelease [126 kB]
2025-09-29T06:56:36.9428064Z Get:8 https://packages.microsoft.com/ubuntu/24.04/prod noble/main amd64 Packages [57.1 kB]
2025-09-29T06:56:36.9676404Z Get:9 https://packages.microsoft.com/ubuntu/24.04/prod noble/main arm64 Packages [39.5 kB]
2025-09-29T06:56:36.9841204Z Get:10 http://azure.archive.ubuntu.com/ubuntu noble-updates/main amd64 Packages [1443 kB]
2025-09-29T06:56:36.9922699Z Get:11 http://azure.archive.ubuntu.com/ubuntu noble-updates/main Translation-en [282 kB]
2025-09-29T06:56:36.9950879Z Get:12 http://azure.archive.ubuntu.com/ubuntu noble-updates/main amd64 Components [175 kB]
2025-09-29T06:56:36.9978969Z Get:13 http://azure.archive.ubuntu.com/ubuntu noble-updates/main amd64 c-n-f Metadata [15.3 kB]
2025-09-29T06:56:36.9985010Z Get:14 http://azure.archive.ubuntu.com/ubuntu noble-updates/universe amd64 Packages [1485 kB]
2025-09-29T06:56:37.0135873Z Get:15 http://azure.archive.ubuntu.com/ubuntu noble-updates/universe Translation-en [299 kB]
2025-09-29T06:56:37.0143177Z Get:16 http://azure.archive.ubuntu.com/ubuntu noble-updates/universe amd64 Components [378 kB]
2025-09-29T06:56:37.0177347Z Get:17 http://azure.archive.ubuntu.com/ubuntu noble-updates/universe amd64 c-n-f Metadata [31.0 kB]
2025-09-29T06:56:37.0195166Z Get:18 http://azure.archive.ubuntu.com/ubuntu noble-updates/restricted amd64 Packages [1957 kB]
2025-09-29T06:56:37.0315722Z Get:19 http://azure.archive.ubuntu.com/ubuntu noble-updates/restricted Translation-en [441 kB]
2025-09-29T06:56:37.0818726Z Get:20 http://azure.archive.ubuntu.com/ubuntu noble-updates/restricted amd64 Components [212 B]
2025-09-29T06:56:37.0827993Z Get:21 http://azure.archive.ubuntu.com/ubuntu noble-updates/multiverse amd64 Components [940 B]
2025-09-29T06:56:37.0835826Z Get:22 http://azure.archive.ubuntu.com/ubuntu noble-backports/main amd64 Packages [40.4 kB]
2025-09-29T06:56:37.0855733Z Get:23 http://azure.archive.ubuntu.com/ubuntu noble-backports/main Translation-en [9208 B]
2025-09-29T06:56:37.0860470Z Get:24 http://azure.archive.ubuntu.com/ubuntu noble-backports/main amd64 Components [7132 B]
2025-09-29T06:56:37.0868720Z Get:25 http://azure.archive.ubuntu.com/ubuntu noble-backports/main amd64 c-n-f Metadata [368 B]
2025-09-29T06:56:37.0875661Z Get:26 http://azure.archive.ubuntu.com/ubuntu noble-backports/universe amd64 Packages [28.9 kB]
2025-09-29T06:56:37.0916592Z Get:27 http://azure.archive.ubuntu.com/ubuntu noble-backports/universe Translation-en [17.5 kB]
2025-09-29T06:56:37.0920432Z Get:28 http://azure.archive.ubuntu.com/ubuntu noble-backports/universe amd64 Components [11.0 kB]
2025-09-29T06:56:37.0922990Z Get:29 http://azure.archive.ubuntu.com/ubuntu noble-backports/universe amd64 c-n-f Metadata [1444 B]
2025-09-29T06:56:37.0925278Z Get:30 http://azure.archive.ubuntu.com/ubuntu noble-backports/restricted amd64 Components [216 B]
2025-09-29T06:56:37.0927548Z Get:31 http://azure.archive.ubuntu.com/ubuntu noble-backports/multiverse amd64 Components [212 B]
2025-09-29T06:56:37.0932243Z Get:32 http://azure.archive.ubuntu.com/ubuntu noble-security/main amd64 Packages [1171 kB]
2025-09-29T06:56:37.1010441Z Get:33 http://azure.archive.ubuntu.com/ubuntu noble-security/main Translation-en [198 kB]
2025-09-29T06:56:37.1505964Z Get:34 http://azure.archive.ubuntu.com/ubuntu noble-security/main amd64 Components [21.6 kB]
2025-09-29T06:56:37.1516514Z Get:35 http://azure.archive.ubuntu.com/ubuntu noble-security/main amd64 c-n-f Metadata [8744 B]
2025-09-29T06:56:37.1527708Z Get:36 http://azure.archive.ubuntu.com/ubuntu noble-security/universe amd64 Packages [880 kB]
2025-09-29T06:56:37.1594760Z Get:37 http://azure.archive.ubuntu.com/ubuntu noble-security/universe Translation-en [195 kB]
2025-09-29T06:56:37.1620884Z Get:38 http://azure.archive.ubuntu.com/ubuntu noble-security/universe amd64 Components [52.2 kB]
2025-09-29T06:56:37.1630817Z Get:39 http://azure.archive.ubuntu.com/ubuntu noble-security/universe amd64 c-n-f Metadata [18.0 kB]
2025-09-29T06:56:37.1639369Z Get:40 http://azure.archive.ubuntu.com/ubuntu noble-security/restricted amd64 Packages [1872 kB]
2025-09-29T06:56:37.1749515Z Get:41 http://azure.archive.ubuntu.com/ubuntu noble-security/restricted Translation-en [423 kB]
2025-09-29T06:56:37.1779124Z Get:42 http://azure.archive.ubuntu.com/ubuntu noble-security/restricted amd64 Components [208 B]
2025-09-29T06:56:37.1787993Z Get:43 http://azure.archive.ubuntu.com/ubuntu noble-security/multiverse amd64 Components [208 B]
2025-09-29T06:56:47.6443659Z Fetched 11.9 MB in 2s (7807 kB/s)
2025-09-29T06:56:48.3648222Z Reading package lists...
2025-09-29T06:56:48.3965411Z Reading package lists...
2025-09-29T06:56:48.5621664Z Building dependency tree...
2025-09-29T06:56:48.5629073Z Reading state information...
2025-09-29T06:56:48.7231808Z The following additional packages will be installed:
2025-09-29T06:56:48.7233433Z   assistant-qt6 cmake-data designer-qt6 libb2-1 libclang-cpp15t64
2025-09-29T06:56:48.7236696Z   libclang1-15t64 libdouble-conversion3 libegl-dev libegl-mesa0 libegl1
2025-09-29T06:56:48.7238559Z   libgit2-1.7 libgl-dev libgles-dev libgles1 libgles2 libglvnd-core-dev
2025-09-29T06:56:48.7239380Z   libglvnd-dev libglx-dev libgumbo2 libhttp-parser-dev libhttp-parser2.9
2025-09-29T06:56:48.7240177Z   libinput-bin libinput10 libjsoncpp25 liblitehtml0t64 libllvm15t64 libmd4c0
2025-09-29T06:56:48.7240963Z   libmtdev1t64 libopengl-dev libopengl0 libproxy1v5 libpthread-stubs0-dev
2025-09-29T06:56:48.7241744Z   libqt6concurrent6t64 libqt6core6t64 libqt6dbus6t64 libqt6designer6
2025-09-29T06:56:48.7242695Z   libqt6designercomponents6 libqt6gui6t64 libqt6help6 libqt6network6t64
2025-09-29T06:56:48.7243486Z   libqt6opengl6t64 libqt6openglwidgets6t64 libqt6printsupport6t64 libqt6qml6
2025-09-29T06:56:48.7244251Z   libqt6qmlmodels6 libqt6quick6 libqt6quickwidgets6 libqt6sql6-sqlite
2025-09-29T06:56:48.7244925Z   libqt6sql6t64 libqt6test6t64 libqt6uitools6 libqt6waylandclient6
2025-09-29T06:56:48.7245608Z   libqt6waylandcompositor6 libqt6waylandeglclienthwintegration6
2025-09-29T06:56:48.7246286Z   libqt6waylandeglcompositorhwintegration6 libqt6widgets6t64
2025-09-29T06:56:48.7247169Z   libqt6wlshellintegration6 libqt6xml6t64 librhash0 libssh2-1-dev libts0t64
2025-09-29T06:56:48.7248040Z   libvulkan-dev libwacom-common libwacom9 libx11-dev libxau-dev libxcb-icccm4
2025-09-29T06:56:48.7248805Z   libxcb-image0 libxcb-keysyms1 libxcb-render-util0 libxcb-shape0 libxcb-util1
2025-09-29T06:56:48.7249588Z   libxcb-xkb1 libxcb1-dev libxdmcp-dev libxkbcommon-x11-0 linguist-qt6
2025-09-29T06:56:48.7250805Z   qdbus-qt6 qmake6 qmake6-bin qt6-base-dev-tools qt6-documentation-tools
2025-09-29T06:56:48.7251612Z   qt6-gtk-platformtheme qt6-l10n-tools qt6-qpa-plugins qt6-translations-l10n
2025-09-29T06:56:48.7252457Z   qt6-wayland x11proto-dev xorg-sgml-doctools xtrans-dev
2025-09-29T06:56:48.7256918Z Suggested packages:
2025-09-29T06:56:48.7257438Z   cmake-doc cmake-format elpa-cmake-mode qt6-qmltooling-plugins libwacom-bin
2025-09-29T06:56:48.7257814Z   libx11-doc libxcb-doc
2025-09-29T06:56:48.7778963Z The following NEW packages will be installed:
2025-09-29T06:56:48.7780149Z   assistant-qt6 build-essential cmake cmake-data designer-qt6 libb2-1
2025-09-29T06:56:48.7780952Z   libclang-cpp15t64 libclang1-15t64 libdouble-conversion3 libegl-dev
2025-09-29T06:56:48.7781759Z   libegl-mesa0 libegl1 libgit2-1.7 libgit2-dev libgl-dev libgl1-mesa-dev
2025-09-29T06:56:48.7782916Z   libgles-dev libgles1 libgles2 libglvnd-core-dev libglvnd-dev libglx-dev
2025-09-29T06:56:48.7783784Z   libgumbo2 libhttp-parser-dev libhttp-parser2.9 libinput-bin libinput10
2025-09-29T06:56:48.7784610Z   libjsoncpp25 liblitehtml0t64 libllvm15t64 libmd4c0 libmtdev1t64
2025-09-29T06:56:48.7785372Z   libopengl-dev libopengl0 libproxy1v5 libpthread-stubs0-dev
2025-09-29T06:56:48.7786149Z   libqt6concurrent6t64 libqt6core6t64 libqt6dbus6t64 libqt6designer6
2025-09-29T06:56:48.7786971Z   libqt6designercomponents6 libqt6gui6t64 libqt6help6 libqt6network6t64
2025-09-29T06:56:48.7787880Z   libqt6opengl6t64 libqt6openglwidgets6t64 libqt6printsupport6t64 libqt6qml6
2025-09-29T06:56:48.7788773Z   libqt6qmlmodels6 libqt6quick6 libqt6quickwidgets6 libqt6sql6-sqlite
2025-09-29T06:56:48.7789520Z   libqt6sql6t64 libqt6test6t64 libqt6uitools6 libqt6waylandclient6
2025-09-29T06:56:48.7790228Z   libqt6waylandcompositor6 libqt6waylandeglclienthwintegration6
2025-09-29T06:56:48.7790947Z   libqt6waylandeglcompositorhwintegration6 libqt6widgets6t64
2025-09-29T06:56:48.7792278Z   libqt6wlshellintegration6 libqt6xml6t64 librhash0 libssh2-1-dev libts0t64
2025-09-29T06:56:48.7793114Z   libvulkan-dev libwacom-common libwacom9 libx11-dev libxau-dev libxcb-icccm4
2025-09-29T06:56:48.7793942Z   libxcb-image0 libxcb-keysyms1 libxcb-render-util0 libxcb-shape0 libxcb-util1
2025-09-29T06:56:48.7794758Z   libxcb-xkb1 libxcb1-dev libxdmcp-dev libxkbcommon-x11-0 linguist-qt6
2025-09-29T06:56:48.7795495Z   ninja-build qdbus-qt6 qmake6 qmake6-bin qt6-base-dev qt6-base-dev-tools
2025-09-29T06:56:48.7796313Z   qt6-documentation-tools qt6-gtk-platformtheme qt6-l10n-tools qt6-qpa-plugins
2025-09-29T06:56:48.7797114Z   qt6-tools-dev qt6-tools-dev-tools qt6-translations-l10n qt6-wayland
2025-09-29T06:56:48.7797765Z   x11proto-dev xorg-sgml-doctools xtrans-dev
2025-09-29T06:56:48.7992868Z 0 upgraded, 98 newly installed, 0 to remove and 17 not upgraded.
2025-09-29T06:56:48.7993452Z Need to get 90.7 MB of archives.
2025-09-29T06:56:48.7993975Z After this operation, 412 MB of additional disk space will be used.
2025-09-29T06:56:48.7994627Z Get:1 file:/etc/apt/apt-mirrors.txt Mirrorlist [144 B]
2025-09-29T06:56:48.8523643Z Get:2 http://azure.archive.ubuntu.com/ubuntu noble/universe amd64 libgumbo2 amd64 0.12.0+dfsg-2build1 [126 kB]
2025-09-29T06:56:48.8748592Z Get:3 http://azure.archive.ubuntu.com/ubuntu noble/universe amd64 liblitehtml0t64 amd64 0.6-1.2ubuntu2 [208 kB]
2025-09-29T06:56:48.8947552Z Get:4 http://azure.archive.ubuntu.com/ubuntu noble/universe amd64 libb2-1 amd64 0.98.1-1.1build1 [45.0 kB]
2025-09-29T06:56:48.9137398Z Get:5 http://azure.archive.ubuntu.com/ubuntu noble/universe amd64 libdouble-conversion3 amd64 3.3.0-1build1 [40.3 kB]
2025-09-29T06:56:48.9327809Z Get:6 http://azure.archive.ubuntu.com/ubuntu noble/universe amd64 libqt6core6t64 amd64 6.4.2+dfsg-21.1build5 [1789 kB]
2025-09-29T06:56:48.9713022Z Get:7 http://azure.archive.ubuntu.com/ubuntu noble-updates/main amd64 libegl-mesa0 amd64 25.0.7-0ubuntu0.24.04.2 [124 kB]
2025-09-29T06:56:48.9941194Z Get:8 http://azure.archive.ubuntu.com/ubuntu noble/main amd64 libegl1 amd64 1.7.0-1build1 [28.7 kB]
2025-09-29T06:56:49.0137860Z Get:9 http://azure.archive.ubuntu.com/ubuntu noble/main amd64 libmtdev1t64 amd64 1.1.6-1.1build1 [14.4 kB]
2025-09-29T06:56:49.0324949Z Get:10 http://azure.archive.ubuntu.com/ubuntu noble/main amd64 libwacom-common all 2.10.0-2 [63.4 kB]
2025-09-29T06:56:49.0681971Z Get:11 http://azure.archive.ubuntu.com/ubuntu noble/main amd64 libwacom9 amd64 2.10.0-2 [23.9 kB]
2025-09-29T06:56:49.0877485Z Get:12 http://azure.archive.ubuntu.com/ubuntu noble-updates/main amd64 libinput-bin amd64 1.25.0-1ubuntu3.1 [22.6 kB]
2025-09-29T06:56:49.1076048Z Get:13 http://azure.archive.ubuntu.com/ubuntu noble-updates/main amd64 libinput10 amd64 1.25.0-1ubuntu3.1 [133 kB]
2025-09-29T06:56:49.1269979Z Get:14 http://azure.archive.ubuntu.com/ubuntu noble/universe amd64 libmd4c0 amd64 0.4.8-1build1 [42.3 kB]
2025-09-29T06:56:49.1459477Z Get:15 http://azure.archive.ubuntu.com/ubuntu noble/main amd64 libopengl0 amd64 1.7.0-1build1 [32.8 kB]
2025-09-29T06:56:49.1657242Z Get:16 http://azure.archive.ubuntu.com/ubuntu noble/universe amd64 libqt6dbus6t64 amd64 6.4.2+dfsg-21.1build5 [267 kB]
2025-09-29T06:56:49.1862311Z Get:17 http://azure.archive.ubuntu.com/ubuntu noble/universe amd64 libts0t64 amd64 1.22-1.1build1 [63.8 kB]
2025-09-29T06:56:49.2056780Z Get:18 http://azure.archive.ubuntu.com/ubuntu noble/main amd64 libxcb-icccm4 amd64 0.4.1-1.1build3 [10.8 kB]
2025-09-29T06:56:49.2246472Z Get:19 http://azure.archive.ubuntu.com/ubuntu noble/main amd64 libxcb-util1 amd64 0.4.0-1build3 [10.7 kB]
2025-09-29T06:56:49.2875547Z Get:20 http://azure.archive.ubuntu.com/ubuntu noble/main amd64 libxcb-image0 amd64 0.4.0-2build1 [10.8 kB]
2025-09-29T06:56:49.3069840Z Get:21 http://azure.archive.ubuntu.com/ubuntu noble/main amd64 libxcb-keysyms1 amd64 0.4.0-1build4 [7956 B]
2025-09-29T06:56:49.3258819Z Get:22 http://azure.archive.ubuntu.com/ubuntu noble/main amd64 libxcb-render-util0 amd64 0.3.9-1build4 [9608 B]
2025-09-29T06:56:49.3441615Z Get:23 http://azure.archive.ubuntu.com/ubuntu noble/main amd64 libxcb-shape0 amd64 1.15-1ubuntu2 [6100 B]
2025-09-29T06:56:49.3657284Z Get:24 http://azure.archive.ubuntu.com/ubuntu noble/main amd64 libxcb-xkb1 amd64 1.15-1ubuntu2 [32.3 kB]
2025-09-29T06:56:49.3856687Z Get:25 http://azure.archive.ubuntu.com/ubuntu noble/main amd64 libxkbcommon-x11-0 amd64 1.6.0-1build1 [14.5 kB]
2025-09-29T06:56:49.4045352Z Get:26 http://azure.archive.ubuntu.com/ubuntu noble/universe amd64 libqt6gui6t64 amd64 6.4.2+dfsg-21.1build5 [3119 kB]
2025-09-29T06:56:49.4499073Z Get:27 http://azure.archive.ubuntu.com/ubuntu noble/universe amd64 libqt6sql6t64 amd64 6.4.2+dfsg-21.1build5 [141 kB]
2025-09-29T06:56:49.4700566Z Get:28 http://azure.archive.ubuntu.com/ubuntu noble/universe amd64 libqt6widgets6t64 amd64 6.4.2+dfsg-21.1build5 [2648 kB]
2025-09-29T06:56:49.5089346Z Get:29 http://azure.archive.ubuntu.com/ubuntu noble/universe amd64 libqt6help6 amd64 6.4.2-3build3 [189 kB]
2025-09-29T06:56:49.5304682Z Get:30 http://azure.archive.ubuntu.com/ubuntu noble/universe amd64 libqt6printsupport6t64 amd64 6.4.2+dfsg-21.1build5 [222 kB]
2025-09-29T06:56:49.5529332Z Get:31 http://azure.archive.ubuntu.com/ubuntu noble/universe amd64 assistant-qt6 amd64 6.4.2-3build3 [272 kB]
2025-09-29T06:56:49.5734579Z Get:32 http://azure.archive.ubuntu.com/ubuntu noble/main amd64 build-essential amd64 12.10ubuntu1 [4928 B]
2025-09-29T06:56:49.5920481Z Get:33 http://azure.archive.ubuntu.com/ubuntu noble/main amd64 libjsoncpp25 amd64 1.9.5-6build1 [82.8 kB]
2025-09-29T06:56:49.6114636Z Get:34 http://azure.archive.ubuntu.com/ubuntu noble/main amd64 librhash0 amd64 1.4.3-3build1 [129 kB]
2025-09-29T06:56:49.6309458Z Get:35 http://azure.archive.ubuntu.com/ubuntu noble/main amd64 cmake-data all 3.28.3-1build7 [2155 kB]
2025-09-29T06:56:49.6735058Z Get:36 http://azure.archive.ubuntu.com/ubuntu noble/main amd64 cmake amd64 3.28.3-1build7 [11.2 MB]
2025-09-29T06:56:49.7825486Z Get:37 http://azure.archive.ubuntu.com/ubuntu noble/universe amd64 libqt6opengl6t64 amd64 6.4.2+dfsg-21.1build5 [420 kB]
2025-09-29T06:56:49.8042501Z Get:38 http://azure.archive.ubuntu.com/ubuntu noble/universe amd64 libqt6openglwidgets6t64 amd64 6.4.2+dfsg-21.1build5 [40.4 kB]
2025-09-29T06:56:49.8683605Z Get:39 http://azure.archive.ubuntu.com/ubuntu noble/universe amd64 libqt6xml6t64 amd64 6.4.2+dfsg-21.1build5 [75.9 kB]
2025-09-29T06:56:49.8883224Z Get:40 http://azure.archive.ubuntu.com/ubuntu noble/universe amd64 libqt6designer6 amd64 6.4.2-3build3 [2923 kB]
2025-09-29T06:56:49.9299616Z Get:41 http://azure.archive.ubuntu.com/ubuntu noble/universe amd64 libqt6designercomponents6 amd64 6.4.2-3build3 [878 kB]
2025-09-29T06:56:49.9563681Z Get:42 http://azure.archive.ubuntu.com/ubuntu noble/main amd64 libproxy1v5 amd64 0.5.4-4build1 [26.5 kB]
2025-09-29T06:56:49.9753209Z Get:43 http://azure.archive.ubuntu.com/ubuntu noble/universe amd64 libqt6network6t64 amd64 6.4.2+dfsg-21.1build5 [740 kB]
2025-09-29T06:56:50.0001917Z Get:44 http://azure.archive.ubuntu.com/ubuntu noble/universe amd64 libqt6qml6 amd64 6.4.2+dfsg-4build3 [1619 kB]
2025-09-29T06:56:50.0328180Z Get:45 http://azure.archive.ubuntu.com/ubuntu noble/universe amd64 libqt6qmlmodels6 amd64 6.4.2+dfsg-4build3 [267 kB]
2025-09-29T06:56:50.0534559Z Get:46 http://azure.archive.ubuntu.com/ubuntu noble/universe amd64 libqt6quick6 amd64 6.4.2+dfsg-4build3 [2001 kB]
2025-09-29T06:56:50.0967479Z Get:47 http://azure.archive.ubuntu.com/ubuntu noble/universe amd64 libqt6quickwidgets6 amd64 6.4.2+dfsg-4build3 [43.8 kB]
2025-09-29T06:56:50.1191127Z Get:48 http://azure.archive.ubuntu.com/ubuntu noble/universe amd64 designer-qt6 amd64 6.4.2-3build3 [175 kB]
2025-09-29T06:56:50.1389163Z Get:49 http://azure.archive.ubuntu.com/ubuntu noble/universe amd64 libllvm15t64 amd64 1:15.0.7-14build3 [25.5 MB]
2025-09-29T06:56:50.3383754Z Get:50 http://azure.archive.ubuntu.com/ubuntu noble/universe amd64 libclang-cpp15t64 amd64 1:15.0.7-14build3 [12.6 MB]
2025-09-29T06:56:50.4580514Z Get:51 http://azure.archive.ubuntu.com/ubuntu noble/universe amd64 libclang1-15t64 amd64 1:15.0.7-14build3 [6958 kB]
2025-09-29T06:56:50.5296647Z Get:52 http://azure.archive.ubuntu.com/ubuntu noble/main amd64 xorg-sgml-doctools all 1:1.11-1.1 [10.9 kB]
2025-09-29T06:56:50.5481620Z Get:53 http://azure.archive.ubuntu.com/ubuntu noble/main amd64 x11proto-dev all 2023.2-1 [602 kB]
2025-09-29T06:56:50.5714374Z Get:54 http://azure.archive.ubuntu.com/ubuntu noble/main amd64 libxau-dev amd64 1:1.0.9-1build6 [9570 B]
2025-09-29T06:56:50.5901488Z Get:55 http://azure.archive.ubuntu.com/ubuntu noble/main amd64 libxdmcp-dev amd64 1:1.1.3-0ubuntu6 [26.5 kB]
2025-09-29T06:56:50.6087898Z Get:56 http://azure.archive.ubuntu.com/ubuntu noble/main amd64 xtrans-dev all 1.4.0-1 [68.9 kB]
2025-09-29T06:56:50.6724255Z Get:57 http://azure.archive.ubuntu.com/ubuntu noble/main amd64 libpthread-stubs0-dev amd64 0.4-1build3 [4746 B]
2025-09-29T06:56:50.6913016Z Get:58 http://azure.archive.ubuntu.com/ubuntu noble/main amd64 libxcb1-dev amd64 1.15-1ubuntu2 [85.8 kB]
2025-09-29T06:56:50.7106405Z Get:59 http://azure.archive.ubuntu.com/ubuntu noble/main amd64 libx11-dev amd64 2:1.8.7-1build1 [732 kB]
2025-09-29T06:56:50.7331771Z Get:60 http://azure.archive.ubuntu.com/ubuntu noble/main amd64 libglx-dev amd64 1.7.0-1build1 [14.2 kB]
2025-09-29T06:56:50.7517939Z Get:61 http://azure.archive.ubuntu.com/ubuntu noble/main amd64 libgl-dev amd64 1.7.0-1build1 [102 kB]
2025-09-29T06:56:50.7716963Z Get:62 http://azure.archive.ubuntu.com/ubuntu noble/main amd64 libegl-dev amd64 1.7.0-1build1 [18.2 kB]
2025-09-29T06:56:50.7900940Z Get:63 http://azure.archive.ubuntu.com/ubuntu noble/main amd64 libhttp-parser2.9 amd64 2.9.4-6build1 [22.3 kB]
2025-09-29T06:56:50.8086525Z Get:64 http://azure.archive.ubuntu.com/ubuntu noble/main amd64 libgit2-1.7 amd64 1.7.2+ds-1ubuntu3 [529 kB]
2025-09-29T06:56:50.8307418Z Get:65 http://azure.archive.ubuntu.com/ubuntu noble/main amd64 libgles1 amd64 1.7.0-1build1 [11.6 kB]
2025-09-29T06:56:50.8492897Z Get:66 http://azure.archive.ubuntu.com/ubuntu noble/main amd64 libgles2 amd64 1.7.0-1build1 [17.1 kB]
2025-09-29T06:56:50.8678619Z Get:67 http://azure.archive.ubuntu.com/ubuntu noble/main amd64 libgles-dev amd64 1.7.0-1build1 [50.5 kB]
2025-09-29T06:56:50.8870515Z Get:68 http://azure.archive.ubuntu.com/ubuntu noble/main amd64 libopengl-dev amd64 1.7.0-1build1 [3454 B]
2025-09-29T06:56:50.9059387Z Get:69 http://azure.archive.ubuntu.com/ubuntu noble/universe amd64 libqt6concurrent6t64 amd64 6.4.2+dfsg-21.1build5 [33.4 kB]
2025-09-29T06:56:50.9245352Z Get:70 http://azure.archive.ubuntu.com/ubuntu noble/universe amd64 libqt6sql6-sqlite amd64 6.4.2+dfsg-21.1build5 [57.8 kB]
2025-09-29T06:56:50.9434563Z Get:71 http://azure.archive.ubuntu.com/ubuntu noble/universe amd64 libqt6test6t64 amd64 6.4.2+dfsg-21.1build5 [167 kB]
2025-09-29T06:56:50.9633330Z Get:72 http://azure.archive.ubuntu.com/ubuntu noble/universe amd64 libqt6uitools6 amd64 6.4.2-3build3 [173 kB]
2025-09-29T06:56:50.9832627Z Get:73 http://azure.archive.ubuntu.com/ubuntu noble/universe amd64 libqt6waylandclient6 amd64 6.4.2-5build3 [251 kB]
2025-09-29T06:56:51.0041169Z Get:74 http://azure.archive.ubuntu.com/ubuntu noble/universe amd64 libqt6waylandcompositor6 amd64 6.4.2-5build3 [427 kB]
2025-09-29T06:56:51.0714286Z Get:75 http://azure.archive.ubuntu.com/ubuntu noble/universe amd64 libqt6waylandeglclienthwintegration6 amd64 6.4.2-5build3 [19.5 kB]
2025-09-29T06:56:51.0903022Z Get:76 http://azure.archive.ubuntu.com/ubuntu noble/universe amd64 libqt6waylandeglcompositorhwintegration6 amd64 6.4.2-5build3 [15.2 kB]
2025-09-29T06:56:51.1091334Z Get:77 http://azure.archive.ubuntu.com/ubuntu noble/universe amd64 libqt6wlshellintegration6 amd64 6.4.2-5build3 [38.0 kB]
2025-09-29T06:56:51.1280640Z Get:78 http://azure.archive.ubuntu.com/ubuntu noble/main amd64 libssh2-1-dev amd64 1.11.0-4.1build2 [259 kB]
2025-09-29T06:56:51.1505679Z Get:79 http://azure.archive.ubuntu.com/ubuntu noble/main amd64 libvulkan-dev amd64 1.3.275.0-1build1 [1239 kB]
2025-09-29T06:56:51.1802767Z Get:80 http://azure.archive.ubuntu.com/ubuntu noble/universe amd64 linguist-qt6 amd64 6.4.2-3build3 [368 kB]
2025-09-29T06:56:51.2014531Z Get:81 http://azure.archive.ubuntu.com/ubuntu noble/universe amd64 ninja-build amd64 1.11.1-2 [129 kB]
2025-09-29T06:56:51.2209296Z Get:82 http://azure.archive.ubuntu.com/ubuntu noble/universe amd64 qdbus-qt6 amd64 6.4.2-3build3 [30.7 kB]
2025-09-29T06:56:51.2396098Z Get:83 http://azure.archive.ubuntu.com/ubuntu noble/universe amd64 qmake6-bin amd64 6.4.2+dfsg-21.1build5 [624 kB]
2025-09-29T06:56:51.2650253Z Get:84 http://azure.archive.ubuntu.com/ubuntu noble/universe amd64 qmake6 amd64 6.4.2+dfsg-21.1build5 [178 kB]
2025-09-29T06:56:51.2843922Z Get:85 http://azure.archive.ubuntu.com/ubuntu noble/universe amd64 qt6-base-dev-tools amd64 6.4.2+dfsg-21.1build5 [970 kB]
2025-09-29T06:56:51.3097096Z Get:86 http://azure.archive.ubuntu.com/ubuntu noble/universe amd64 qt6-qpa-plugins amd64 6.4.2+dfsg-21.1build5 [89.3 kB]
2025-09-29T06:56:51.3292390Z Get:87 http://azure.archive.ubuntu.com/ubuntu noble/universe amd64 qt6-base-dev amd64 6.4.2+dfsg-21.1build5 [1458 kB]
2025-09-29T06:56:51.3661646Z Get:88 http://azure.archive.ubuntu.com/ubuntu noble/universe amd64 qt6-documentation-tools amd64 6.4.2-3build3 [646 kB]
2025-09-29T06:56:51.3886473Z Get:89 http://azure.archive.ubuntu.com/ubuntu noble/universe amd64 qt6-gtk-platformtheme amd64 6.4.2+dfsg-21.1build5 [55.1 kB]
2025-09-29T06:56:51.4081611Z Get:90 http://azure.archive.ubuntu.com/ubuntu noble/universe amd64 qt6-l10n-tools amd64 6.4.2-3build3 [486 kB]
2025-09-29T06:56:51.4296866Z Get:91 http://azure.archive.ubuntu.com/ubuntu noble/universe amd64 qt6-tools-dev-tools amd64 6.4.2-3build3 [274 kB]
2025-09-29T06:56:51.4513528Z Get:92 http://azure.archive.ubuntu.com/ubuntu noble/universe amd64 qt6-tools-dev amd64 6.4.2-3build3 [64.8 kB]
2025-09-29T06:56:51.5119975Z Get:93 http://azure.archive.ubuntu.com/ubuntu noble/universe amd64 qt6-translations-l10n all 6.4.2-1 [1761 kB]
2025-09-29T06:56:51.5525707Z Get:94 http://azure.archive.ubuntu.com/ubuntu noble/universe amd64 qt6-wayland amd64 6.4.2-5build3 [127 kB]
2025-09-29T06:56:51.5723895Z Get:95 http://azure.archive.ubuntu.com/ubuntu noble/main amd64 libhttp-parser-dev amd64 2.9.4-6build1 [21.5 kB]
2025-09-29T06:56:51.5915787Z Get:96 http://azure.archive.ubuntu.com/ubuntu noble/main amd64 libgit2-dev amd64 1.7.2+ds-1ubuntu3 [814 kB]
2025-09-29T06:56:51.6148718Z Get:97 http://azure.archive.ubuntu.com/ubuntu noble/main amd64 libglvnd-core-dev amd64 1.7.0-1build1 [13.6 kB]
2025-09-29T06:56:51.6334809Z Get:98 http://azure.archive.ubuntu.com/ubuntu noble/main amd64 libglvnd-dev amd64 1.7.0-1build1 [3198 B]
2025-09-29T06:56:51.6522340Z Get:99 http://azure.archive.ubuntu.com/ubuntu noble-updates/main amd64 libgl1-mesa-dev amd64 25.0.7-0ubuntu0.24.04.2 [20.4 kB]
2025-09-29T06:56:51.9987434Z Fetched 90.7 MB in 3s (31.7 MB/s)
2025-09-29T06:56:52.0535509Z Selecting previously unselected package libgumbo2:amd64.
2025-09-29T06:56:52.1337816Z (Reading database ... 
2025-09-29T06:56:52.1338299Z (Reading database ... 5%
2025-09-29T06:56:52.1338692Z (Reading database ... 10%
2025-09-29T06:56:52.1338978Z (Reading database ... 15%
2025-09-29T06:56:52.1339286Z (Reading database ... 20%
2025-09-29T06:56:52.1339562Z (Reading database ... 25%
2025-09-29T06:56:52.1339852Z (Reading database ... 30%
2025-09-29T06:56:52.1340133Z (Reading database ... 35%
2025-09-29T06:56:52.1340410Z (Reading database ... 40%
2025-09-29T06:56:52.1340679Z (Reading database ... 45%
2025-09-29T06:56:52.1340956Z (Reading database ... 50%
2025-09-29T06:56:52.2187680Z (Reading database ... 55%
2025-09-29T06:56:52.6594378Z (Reading database ... 60%
2025-09-29T06:56:52.8176780Z (Reading database ... 65%
2025-09-29T06:56:52.8879920Z (Reading database ... 70%
2025-09-29T06:56:53.1915628Z (Reading database ... 75%
2025-09-29T06:56:53.7510455Z (Reading database ... 80%
2025-09-29T06:56:54.2464364Z (Reading database ... 85%
2025-09-29T06:56:54.7947762Z (Reading database ... 90%
2025-09-29T06:56:55.2865701Z (Reading database ... 95%
2025-09-29T06:56:55.2866247Z (Reading database ... 100%
2025-09-29T06:56:55.2866891Z (Reading database ... 214164 files and directories currently installed.)
2025-09-29T06:56:55.2919518Z Preparing to unpack .../00-libgumbo2_0.12.0+dfsg-2build1_amd64.deb ...
2025-09-29T06:56:55.3011407Z Unpacking libgumbo2:amd64 (0.12.0+dfsg-2build1) ...
2025-09-29T06:56:55.3358801Z Selecting previously unselected package liblitehtml0t64:amd64.
2025-09-29T06:56:55.3489316Z Preparing to unpack .../01-liblitehtml0t64_0.6-1.2ubuntu2_amd64.deb ...
2025-09-29T06:56:55.3507107Z Unpacking liblitehtml0t64:amd64 (0.6-1.2ubuntu2) ...
2025-09-29T06:56:55.3838284Z Selecting previously unselected package libb2-1:amd64.
2025-09-29T06:56:55.3969584Z Preparing to unpack .../02-libb2-1_0.98.1-1.1build1_amd64.deb ...
2025-09-29T06:56:55.3987023Z Unpacking libb2-1:amd64 (0.98.1-1.1build1) ...
2025-09-29T06:56:55.4252175Z Selecting previously unselected package libdouble-conversion3:amd64.
2025-09-29T06:56:55.4382694Z Preparing to unpack .../03-libdouble-conversion3_3.3.0-1build1_amd64.deb ...
2025-09-29T06:56:55.4403781Z Unpacking libdouble-conversion3:amd64 (3.3.0-1build1) ...
2025-09-29T06:56:55.4667272Z Selecting previously unselected package libqt6core6t64:amd64.
2025-09-29T06:56:55.4795817Z Preparing to unpack .../04-libqt6core6t64_6.4.2+dfsg-21.1build5_amd64.deb ...
2025-09-29T06:56:55.4810816Z Unpacking libqt6core6t64:amd64 (6.4.2+dfsg-21.1build5) ...
2025-09-29T06:56:55.5336123Z Selecting previously unselected package libegl-mesa0:amd64.
2025-09-29T06:56:55.5467672Z Preparing to unpack .../05-libegl-mesa0_25.0.7-0ubuntu0.24.04.2_amd64.deb ...
2025-09-29T06:56:55.5480855Z Unpacking libegl-mesa0:amd64 (25.0.7-0ubuntu0.24.04.2) ...
2025-09-29T06:56:55.5784600Z Selecting previously unselected package libegl1:amd64.
2025-09-29T06:56:55.5913793Z Preparing to unpack .../06-libegl1_1.7.0-1build1_amd64.deb ...
2025-09-29T06:56:55.5930185Z Unpacking libegl1:amd64 (1.7.0-1build1) ...
2025-09-29T06:56:55.6224495Z Selecting previously unselected package libmtdev1t64:amd64.
2025-09-29T06:56:55.6355355Z Preparing to unpack .../07-libmtdev1t64_1.1.6-1.1build1_amd64.deb ...
2025-09-29T06:56:55.6375761Z Unpacking libmtdev1t64:amd64 (1.1.6-1.1build1) ...
2025-09-29T06:56:55.6610586Z Selecting previously unselected package libwacom-common.
2025-09-29T06:56:55.6738530Z Preparing to unpack .../08-libwacom-common_2.10.0-2_all.deb ...
2025-09-29T06:56:55.6749770Z Unpacking libwacom-common (2.10.0-2) ...
2025-09-29T06:56:55.7793391Z Selecting previously unselected package libwacom9:amd64.
2025-09-29T06:56:55.7925190Z Preparing to unpack .../09-libwacom9_2.10.0-2_amd64.deb ...
2025-09-29T06:56:55.7939136Z Unpacking libwacom9:amd64 (2.10.0-2) ...
2025-09-29T06:56:55.8170684Z Selecting previously unselected package libinput-bin.
2025-09-29T06:56:55.8300661Z Preparing to unpack .../10-libinput-bin_1.25.0-1ubuntu3.1_amd64.deb ...
2025-09-29T06:56:55.8314500Z Unpacking libinput-bin (1.25.0-1ubuntu3.1) ...
2025-09-29T06:56:55.8617562Z Selecting previously unselected package libinput10:amd64.
2025-09-29T06:56:55.8746963Z Preparing to unpack .../11-libinput10_1.25.0-1ubuntu3.1_amd64.deb ...
2025-09-29T06:56:55.8759592Z Unpacking libinput10:amd64 (1.25.0-1ubuntu3.1) ...
2025-09-29T06:56:55.9045722Z Selecting previously unselected package libmd4c0:amd64.
2025-09-29T06:56:55.9173370Z Preparing to unpack .../12-libmd4c0_0.4.8-1build1_amd64.deb ...
2025-09-29T06:56:55.9185966Z Unpacking libmd4c0:amd64 (0.4.8-1build1) ...
2025-09-29T06:56:55.9423159Z Selecting previously unselected package libopengl0:amd64.
2025-09-29T06:56:55.9554278Z Preparing to unpack .../13-libopengl0_1.7.0-1build1_amd64.deb ...
2025-09-29T06:56:55.9568158Z Unpacking libopengl0:amd64 (1.7.0-1build1) ...
2025-09-29T06:56:55.9813212Z Selecting previously unselected package libqt6dbus6t64:amd64.
2025-09-29T06:56:55.9937863Z Preparing to unpack .../14-libqt6dbus6t64_6.4.2+dfsg-21.1build5_amd64.deb ...
2025-09-29T06:56:55.9955934Z Unpacking libqt6dbus6t64:amd64 (6.4.2+dfsg-21.1build5) ...
2025-09-29T06:56:56.0244737Z Selecting previously unselected package libts0t64:amd64.
2025-09-29T06:56:56.0371577Z Preparing to unpack .../15-libts0t64_1.22-1.1build1_amd64.deb ...
2025-09-29T06:56:56.0383934Z Unpacking libts0t64:amd64 (1.22-1.1build1) ...
2025-09-29T06:56:56.1498201Z Selecting previously unselected package libxcb-icccm4:amd64.
2025-09-29T06:56:56.1625440Z Preparing to unpack .../16-libxcb-icccm4_0.4.1-1.1build3_amd64.deb ...
2025-09-29T06:56:56.1637103Z Unpacking libxcb-icccm4:amd64 (0.4.1-1.1build3) ...
2025-09-29T06:56:56.1857495Z Selecting previously unselected package libxcb-util1:amd64.
2025-09-29T06:56:56.1983282Z Preparing to unpack .../17-libxcb-util1_0.4.0-1build3_amd64.deb ...
2025-09-29T06:56:56.1999685Z Unpacking libxcb-util1:amd64 (0.4.0-1build3) ...
2025-09-29T06:56:56.2238752Z Selecting previously unselected package libxcb-image0:amd64.
2025-09-29T06:56:56.2364204Z Preparing to unpack .../18-libxcb-image0_0.4.0-2build1_amd64.deb ...
2025-09-29T06:56:56.2379440Z Unpacking libxcb-image0:amd64 (0.4.0-2build1) ...
2025-09-29T06:56:56.2603452Z Selecting previously unselected package libxcb-keysyms1:amd64.
2025-09-29T06:56:56.2728038Z Preparing to unpack .../19-libxcb-keysyms1_0.4.0-1build4_amd64.deb ...
2025-09-29T06:56:56.2742515Z Unpacking libxcb-keysyms1:amd64 (0.4.0-1build4) ...
2025-09-29T06:56:56.2987088Z Selecting previously unselected package libxcb-render-util0:amd64.
2025-09-29T06:56:56.3122251Z Preparing to unpack .../20-libxcb-render-util0_0.3.9-1build4_amd64.deb ...
2025-09-29T06:56:56.3133224Z Unpacking libxcb-render-util0:amd64 (0.3.9-1build4) ...
2025-09-29T06:56:56.3419587Z Selecting previously unselected package libxcb-shape0:amd64.
2025-09-29T06:56:56.3552541Z Preparing to unpack .../21-libxcb-shape0_1.15-1ubuntu2_amd64.deb ...
2025-09-29T06:56:56.3568337Z Unpacking libxcb-shape0:amd64 (1.15-1ubuntu2) ...
2025-09-29T06:56:56.3799519Z Selecting previously unselected package libxcb-xkb1:amd64.
2025-09-29T06:56:56.3931568Z Preparing to unpack .../22-libxcb-xkb1_1.15-1ubuntu2_amd64.deb ...
2025-09-29T06:56:56.3946375Z Unpacking libxcb-xkb1:amd64 (1.15-1ubuntu2) ...
2025-09-29T06:56:56.4209399Z Selecting previously unselected package libxkbcommon-x11-0:amd64.
2025-09-29T06:56:56.4339440Z Preparing to unpack .../23-libxkbcommon-x11-0_1.6.0-1build1_amd64.deb ...
2025-09-29T06:56:56.4354368Z Unpacking libxkbcommon-x11-0:amd64 (1.6.0-1build1) ...
2025-09-29T06:56:56.4621792Z Selecting previously unselected package libqt6gui6t64:amd64.
2025-09-29T06:56:56.4750745Z Preparing to unpack .../24-libqt6gui6t64_6.4.2+dfsg-21.1build5_amd64.deb ...
2025-09-29T06:56:56.4767086Z Unpacking libqt6gui6t64:amd64 (6.4.2+dfsg-21.1build5) ...
2025-09-29T06:56:56.5397110Z Selecting previously unselected package libqt6sql6t64:amd64.
2025-09-29T06:56:56.5528036Z Preparing to unpack .../25-libqt6sql6t64_6.4.2+dfsg-21.1build5_amd64.deb ...
2025-09-29T06:56:56.5544711Z Unpacking libqt6sql6t64:amd64 (6.4.2+dfsg-21.1build5) ...
2025-09-29T06:56:56.5867014Z Selecting previously unselected package libqt6widgets6t64:amd64.
2025-09-29T06:56:56.5998960Z Preparing to unpack .../26-libqt6widgets6t64_6.4.2+dfsg-21.1build5_amd64.deb ...
2025-09-29T06:56:56.6020995Z Unpacking libqt6widgets6t64:amd64 (6.4.2+dfsg-21.1build5) ...
2025-09-29T06:56:56.6587147Z Selecting previously unselected package libqt6help6:amd64.
2025-09-29T06:56:56.6723163Z Preparing to unpack .../27-libqt6help6_6.4.2-3build3_amd64.deb ...
2025-09-29T06:56:56.6767547Z Unpacking libqt6help6:amd64 (6.4.2-3build3) ...
2025-09-29T06:56:56.7070219Z Selecting previously unselected package libqt6printsupport6t64:amd64.
2025-09-29T06:56:56.7201437Z Preparing to unpack .../28-libqt6printsupport6t64_6.4.2+dfsg-21.1build5_amd64.deb ...
2025-09-29T06:56:56.7215936Z Unpacking libqt6printsupport6t64:amd64 (6.4.2+dfsg-21.1build5) ...
2025-09-29T06:56:56.7471425Z Selecting previously unselected package assistant-qt6.
2025-09-29T06:56:56.7601594Z Preparing to unpack .../29-assistant-qt6_6.4.2-3build3_amd64.deb ...
2025-09-29T06:56:56.7614701Z Unpacking assistant-qt6 (6.4.2-3build3) ...
2025-09-29T06:56:56.7883411Z Selecting previously unselected package build-essential.
2025-09-29T06:56:56.8011291Z Preparing to unpack .../30-build-essential_12.10ubuntu1_amd64.deb ...
2025-09-29T06:56:56.8026152Z Unpacking build-essential (12.10ubuntu1) ...
2025-09-29T06:56:56.8277027Z Selecting previously unselected package libjsoncpp25:amd64.
2025-09-29T06:56:56.8406816Z Preparing to unpack .../31-libjsoncpp25_1.9.5-6build1_amd64.deb ...
2025-09-29T06:56:56.8421347Z Unpacking libjsoncpp25:amd64 (1.9.5-6build1) ...
2025-09-29T06:56:56.8684761Z Selecting previously unselected package librhash0:amd64.
2025-09-29T06:56:56.8817090Z Preparing to unpack .../32-librhash0_1.4.3-3build1_amd64.deb ...
2025-09-29T06:56:56.8830832Z Unpacking librhash0:amd64 (1.4.3-3build1) ...
2025-09-29T06:56:56.9161044Z Selecting previously unselected package cmake-data.
2025-09-29T06:56:56.9289904Z Preparing to unpack .../33-cmake-data_3.28.3-1build7_all.deb ...
2025-09-29T06:56:56.9390932Z Unpacking cmake-data (3.28.3-1build7) ...
2025-09-29T06:56:57.5208587Z Selecting previously unselected package cmake.
2025-09-29T06:56:57.5351957Z Preparing to unpack .../34-cmake_3.28.3-1build7_amd64.deb ...
2025-09-29T06:56:57.5366594Z Unpacking cmake (3.28.3-1build7) ...
2025-09-29T06:56:57.7319860Z Selecting previously unselected package libqt6opengl6t64:amd64.
2025-09-29T06:56:57.7452717Z Preparing to unpack .../35-libqt6opengl6t64_6.4.2+dfsg-21.1build5_amd64.deb ...
2025-09-29T06:56:57.7464611Z Unpacking libqt6opengl6t64:amd64 (6.4.2+dfsg-21.1build5) ...
2025-09-29T06:56:57.7785635Z Selecting previously unselected package libqt6openglwidgets6t64:amd64.
2025-09-29T06:56:57.7920967Z Preparing to unpack .../36-libqt6openglwidgets6t64_6.4.2+dfsg-21.1build5_amd64.deb ...
2025-09-29T06:56:57.7938462Z Unpacking libqt6openglwidgets6t64:amd64 (6.4.2+dfsg-21.1build5) ...
2025-09-29T06:56:57.8176750Z Selecting previously unselected package libqt6xml6t64:amd64.
2025-09-29T06:56:57.8309010Z Preparing to unpack .../37-libqt6xml6t64_6.4.2+dfsg-21.1build5_amd64.deb ...
2025-09-29T06:56:57.8321249Z Unpacking libqt6xml6t64:amd64 (6.4.2+dfsg-21.1build5) ...
2025-09-29T06:56:57.8579241Z Selecting previously unselected package libqt6designer6:amd64.
2025-09-29T06:56:57.8710198Z Preparing to unpack .../38-libqt6designer6_6.4.2-3build3_amd64.deb ...
2025-09-29T06:56:57.8722615Z Unpacking libqt6designer6:amd64 (6.4.2-3build3) ...
2025-09-29T06:56:57.9218829Z Selecting previously unselected package libqt6designercomponents6:amd64.
2025-09-29T06:56:57.9353056Z Preparing to unpack .../39-libqt6designercomponents6_6.4.2-3build3_amd64.deb ...
2025-09-29T06:56:57.9366639Z Unpacking libqt6designercomponents6:amd64 (6.4.2-3build3) ...
2025-09-29T06:56:57.9723616Z Selecting previously unselected package libproxy1v5:amd64.
2025-09-29T06:56:57.9856581Z Preparing to unpack .../40-libproxy1v5_0.5.4-4build1_amd64.deb ...
2025-09-29T06:56:57.9870906Z Unpacking libproxy1v5:amd64 (0.5.4-4build1) ...
2025-09-29T06:56:58.0170420Z Selecting previously unselected package libqt6network6t64:amd64.
2025-09-29T06:56:58.0299510Z Preparing to unpack .../41-libqt6network6t64_6.4.2+dfsg-21.1build5_amd64.deb ...
2025-09-29T06:56:58.0313059Z Unpacking libqt6network6t64:amd64 (6.4.2+dfsg-21.1build5) ...
2025-09-29T06:56:58.0673748Z Selecting previously unselected package libqt6qml6:amd64.
2025-09-29T06:56:58.0806592Z Preparing to unpack .../42-libqt6qml6_6.4.2+dfsg-4build3_amd64.deb ...
2025-09-29T06:56:58.0817681Z Unpacking libqt6qml6:amd64 (6.4.2+dfsg-4build3) ...
2025-09-29T06:56:58.1826354Z Selecting previously unselected package libqt6qmlmodels6:amd64.
2025-09-29T06:56:58.1957697Z Preparing to unpack .../43-libqt6qmlmodels6_6.4.2+dfsg-4build3_amd64.deb ...
2025-09-29T06:56:58.1969048Z Unpacking libqt6qmlmodels6:amd64 (6.4.2+dfsg-4build3) ...
2025-09-29T06:56:58.2247194Z Selecting previously unselected package libqt6quick6:amd64.
2025-09-29T06:56:58.2379678Z Preparing to unpack .../44-libqt6quick6_6.4.2+dfsg-4build3_amd64.deb ...
2025-09-29T06:56:58.2400734Z Unpacking libqt6quick6:amd64 (6.4.2+dfsg-4build3) ...
2025-09-29T06:56:58.2921692Z Selecting previously unselected package libqt6quickwidgets6:amd64.
2025-09-29T06:56:58.3054621Z Preparing to unpack .../45-libqt6quickwidgets6_6.4.2+dfsg-4build3_amd64.deb ...
2025-09-29T06:56:58.3071132Z Unpacking libqt6quickwidgets6:amd64 (6.4.2+dfsg-4build3) ...
2025-09-29T06:56:58.3302888Z Selecting previously unselected package designer-qt6.
2025-09-29T06:56:58.3431721Z Preparing to unpack .../46-designer-qt6_6.4.2-3build3_amd64.deb ...
2025-09-29T06:56:58.3446513Z Unpacking designer-qt6 (6.4.2-3build3) ...
2025-09-29T06:56:58.3718606Z Selecting previously unselected package libllvm15t64:amd64.
2025-09-29T06:56:58.3850761Z Preparing to unpack .../47-libllvm15t64_1%3a15.0.7-14build3_amd64.deb ...
2025-09-29T06:56:58.3865066Z Unpacking libllvm15t64:amd64 (1:15.0.7-14build3) ...
2025-09-29T06:56:58.8143428Z Selecting previously unselected package libclang-cpp15t64.
2025-09-29T06:56:58.8276516Z Preparing to unpack .../48-libclang-cpp15t64_1%3a15.0.7-14build3_amd64.deb ...
2025-09-29T06:56:58.8288572Z Unpacking libclang-cpp15t64 (1:15.0.7-14build3) ...
2025-09-29T06:56:59.0570114Z Selecting previously unselected package libclang1-15t64.
2025-09-29T06:56:59.0704421Z Preparing to unpack .../49-libclang1-15t64_1%3a15.0.7-14build3_amd64.deb ...
2025-09-29T06:56:59.0717027Z Unpacking libclang1-15t64 (1:15.0.7-14build3) ...
2025-09-29T06:56:59.2022785Z Selecting previously unselected package xorg-sgml-doctools.
2025-09-29T06:56:59.2157520Z Preparing to unpack .../50-xorg-sgml-doctools_1%3a1.11-1.1_all.deb ...
2025-09-29T06:56:59.2169346Z Unpacking xorg-sgml-doctools (1:1.11-1.1) ...
2025-09-29T06:56:59.2431738Z Selecting previously unselected package x11proto-dev.
2025-09-29T06:56:59.2566433Z Preparing to unpack .../51-x11proto-dev_2023.2-1_all.deb ...
2025-09-29T06:56:59.2590196Z Unpacking x11proto-dev (2023.2-1) ...
2025-09-29T06:56:59.3197212Z Selecting previously unselected package libxau-dev:amd64.
2025-09-29T06:56:59.3330074Z Preparing to unpack .../52-libxau-dev_1%3a1.0.9-1build6_amd64.deb ...
2025-09-29T06:56:59.3342230Z Unpacking libxau-dev:amd64 (1:1.0.9-1build6) ...
2025-09-29T06:56:59.3613779Z Selecting previously unselected package libxdmcp-dev:amd64.
2025-09-29T06:56:59.3746989Z Preparing to unpack .../53-libxdmcp-dev_1%3a1.1.3-0ubuntu6_amd64.deb ...
2025-09-29T06:56:59.3758516Z Unpacking libxdmcp-dev:amd64 (1:1.1.3-0ubuntu6) ...
2025-09-29T06:56:59.3977113Z Selecting previously unselected package xtrans-dev.
2025-09-29T06:56:59.4108204Z Preparing to unpack .../54-xtrans-dev_1.4.0-1_all.deb ...
2025-09-29T06:56:59.4123056Z Unpacking xtrans-dev (1.4.0-1) ...
2025-09-29T06:56:59.4376676Z Selecting previously unselected package libpthread-stubs0-dev:amd64.
2025-09-29T06:56:59.4507461Z Preparing to unpack .../55-libpthread-stubs0-dev_0.4-1build3_amd64.deb ...
2025-09-29T06:56:59.4524149Z Unpacking libpthread-stubs0-dev:amd64 (0.4-1build3) ...
2025-09-29T06:56:59.4735626Z Selecting previously unselected package libxcb1-dev:amd64.
2025-09-29T06:56:59.4863219Z Preparing to unpack .../56-libxcb1-dev_1.15-1ubuntu2_amd64.deb ...
2025-09-29T06:56:59.4874675Z Unpacking libxcb1-dev:amd64 (1.15-1ubuntu2) ...
2025-09-29T06:56:59.5114405Z Selecting previously unselected package libx11-dev:amd64.
2025-09-29T06:56:59.5243179Z Preparing to unpack .../57-libx11-dev_2%3a1.8.7-1build1_amd64.deb ...
2025-09-29T06:56:59.5253781Z Unpacking libx11-dev:amd64 (2:1.8.7-1build1) ...
2025-09-29T06:56:59.5582441Z Selecting previously unselected package libglx-dev:amd64.
2025-09-29T06:56:59.5714968Z Preparing to unpack .../58-libglx-dev_1.7.0-1build1_amd64.deb ...
2025-09-29T06:56:59.5727127Z Unpacking libglx-dev:amd64 (1.7.0-1build1) ...
2025-09-29T06:56:59.5958641Z Selecting previously unselected package libgl-dev:amd64.
2025-09-29T06:56:59.6090170Z Preparing to unpack .../59-libgl-dev_1.7.0-1build1_amd64.deb ...
2025-09-29T06:56:59.6101176Z Unpacking libgl-dev:amd64 (1.7.0-1build1) ...
2025-09-29T06:56:59.6369762Z Selecting previously unselected package libegl-dev:amd64.
2025-09-29T06:56:59.6504745Z Preparing to unpack .../60-libegl-dev_1.7.0-1build1_amd64.deb ...
2025-09-29T06:56:59.6513799Z Unpacking libegl-dev:amd64 (1.7.0-1build1) ...
2025-09-29T06:56:59.6743561Z Selecting previously unselected package libhttp-parser2.9:amd64.
2025-09-29T06:56:59.6875719Z Preparing to unpack .../61-libhttp-parser2.9_2.9.4-6build1_amd64.deb ...
2025-09-29T06:56:59.6889317Z Unpacking libhttp-parser2.9:amd64 (2.9.4-6build1) ...
2025-09-29T06:56:59.7136946Z Selecting previously unselected package libgit2-1.7:amd64.
2025-09-29T06:56:59.7268588Z Preparing to unpack .../62-libgit2-1.7_1.7.2+ds-1ubuntu3_amd64.deb ...
2025-09-29T06:56:59.7277262Z Unpacking libgit2-1.7:amd64 (1.7.2+ds-1ubuntu3) ...
2025-09-29T06:56:59.7546865Z Selecting previously unselected package libgles1:amd64.
2025-09-29T06:56:59.7677509Z Preparing to unpack .../63-libgles1_1.7.0-1build1_amd64.deb ...
2025-09-29T06:56:59.7687871Z Unpacking libgles1:amd64 (1.7.0-1build1) ...
2025-09-29T06:56:59.7910272Z Selecting previously unselected package libgles2:amd64.
2025-09-29T06:56:59.8036475Z Preparing to unpack .../64-libgles2_1.7.0-1build1_amd64.deb ...
2025-09-29T06:56:59.8070431Z Unpacking libgles2:amd64 (1.7.0-1build1) ...
2025-09-29T06:56:59.8273909Z Selecting previously unselected package libgles-dev:amd64.
2025-09-29T06:56:59.8400506Z Preparing to unpack .../65-libgles-dev_1.7.0-1build1_amd64.deb ...
2025-09-29T06:56:59.8410506Z Unpacking libgles-dev:amd64 (1.7.0-1build1) ...
2025-09-29T06:56:59.8658026Z Selecting previously unselected package libopengl-dev:amd64.
2025-09-29T06:56:59.8785453Z Preparing to unpack .../66-libopengl-dev_1.7.0-1build1_amd64.deb ...
2025-09-29T06:56:59.8793997Z Unpacking libopengl-dev:amd64 (1.7.0-1build1) ...
2025-09-29T06:56:59.9018459Z Selecting previously unselected package libqt6concurrent6t64:amd64.
2025-09-29T06:56:59.9146634Z Preparing to unpack .../67-libqt6concurrent6t64_6.4.2+dfsg-21.1build5_amd64.deb ...
2025-09-29T06:56:59.9190112Z Unpacking libqt6concurrent6t64:amd64 (6.4.2+dfsg-21.1build5) ...
2025-09-29T06:56:59.9395313Z Selecting previously unselected package libqt6sql6-sqlite:amd64.
2025-09-29T06:56:59.9522593Z Preparing to unpack .../68-libqt6sql6-sqlite_6.4.2+dfsg-21.1build5_amd64.deb ...
2025-09-29T06:56:59.9535022Z Unpacking libqt6sql6-sqlite:amd64 (6.4.2+dfsg-21.1build5) ...
2025-09-29T06:56:59.9764297Z Selecting previously unselected package libqt6test6t64:amd64.
2025-09-29T06:56:59.9890131Z Preparing to unpack .../69-libqt6test6t64_6.4.2+dfsg-21.1build5_amd64.deb ...
2025-09-29T06:56:59.9902845Z Unpacking libqt6test6t64:amd64 (6.4.2+dfsg-21.1build5) ...
2025-09-29T06:57:00.0139020Z Selecting previously unselected package libqt6uitools6:amd64.
2025-09-29T06:57:00.0270431Z Preparing to unpack .../70-libqt6uitools6_6.4.2-3build3_amd64.deb ...
2025-09-29T06:57:00.0316973Z Unpacking libqt6uitools6:amd64 (6.4.2-3build3) ...
2025-09-29T06:57:00.0561293Z Selecting previously unselected package libqt6waylandclient6:amd64.
2025-09-29T06:57:00.0692250Z Preparing to unpack .../71-libqt6waylandclient6_6.4.2-5build3_amd64.deb ...
2025-09-29T06:57:00.0701601Z Unpacking libqt6waylandclient6:amd64 (6.4.2-5build3) ...
2025-09-29T06:57:00.0965294Z Selecting previously unselected package libqt6waylandcompositor6:amd64.
2025-09-29T06:57:00.1099283Z Preparing to unpack .../72-libqt6waylandcompositor6_6.4.2-5build3_amd64.deb ...
2025-09-29T06:57:00.1111442Z Unpacking libqt6waylandcompositor6:amd64 (6.4.2-5build3) ...
2025-09-29T06:57:00.1436317Z Selecting previously unselected package libqt6waylandeglclienthwintegration6:amd64.
2025-09-29T06:57:00.1568719Z Preparing to unpack .../73-libqt6waylandeglclienthwintegration6_6.4.2-5build3_amd64.deb ...
2025-09-29T06:57:00.1580341Z Unpacking libqt6waylandeglclienthwintegration6:amd64 (6.4.2-5build3) ...
2025-09-29T06:57:00.1803623Z Selecting previously unselected package libqt6waylandeglcompositorhwintegration6:amd64.
2025-09-29T06:57:00.1934188Z Preparing to unpack .../74-libqt6waylandeglcompositorhwintegration6_6.4.2-5build3_amd64.deb ...
2025-09-29T06:57:00.1946575Z Unpacking libqt6waylandeglcompositorhwintegration6:amd64 (6.4.2-5build3) ...
2025-09-29T06:57:00.2162305Z Selecting previously unselected package libqt6wlshellintegration6:amd64.
2025-09-29T06:57:00.2289612Z Preparing to unpack .../75-libqt6wlshellintegration6_6.4.2-5build3_amd64.deb ...
2025-09-29T06:57:00.2301340Z Unpacking libqt6wlshellintegration6:amd64 (6.4.2-5build3) ...
2025-09-29T06:57:00.2537781Z Selecting previously unselected package libssh2-1-dev:amd64.
2025-09-29T06:57:00.2664203Z Preparing to unpack .../76-libssh2-1-dev_1.11.0-4.1build2_amd64.deb ...
2025-09-29T06:57:00.2674474Z Unpacking libssh2-1-dev:amd64 (1.11.0-4.1build2) ...
2025-09-29T06:57:00.3237072Z Selecting previously unselected package libvulkan-dev:amd64.
2025-09-29T06:57:00.3368408Z Preparing to unpack .../77-libvulkan-dev_1.3.275.0-1build1_amd64.deb ...
2025-09-29T06:57:00.3378219Z Unpacking libvulkan-dev:amd64 (1.3.275.0-1build1) ...
2025-09-29T06:57:00.4488509Z Selecting previously unselected package linguist-qt6.
2025-09-29T06:57:00.4622975Z Preparing to unpack .../78-linguist-qt6_6.4.2-3build3_amd64.deb ...
2025-09-29T06:57:00.4632794Z Unpacking linguist-qt6 (6.4.2-3build3) ...
2025-09-29T06:57:00.4900730Z Selecting previously unselected package ninja-build.
2025-09-29T06:57:00.5034626Z Preparing to unpack .../79-ninja-build_1.11.1-2_amd64.deb ...
2025-09-29T06:57:00.5044978Z Unpacking ninja-build (1.11.1-2) ...
2025-09-29T06:57:00.5344170Z Selecting previously unselected package qdbus-qt6.
2025-09-29T06:57:00.5476785Z Preparing to unpack .../80-qdbus-qt6_6.4.2-3build3_amd64.deb ...
2025-09-29T06:57:00.5488829Z Unpacking qdbus-qt6 (6.4.2-3build3) ...
2025-09-29T06:57:00.5701911Z Selecting previously unselected package qmake6-bin.
2025-09-29T06:57:00.5834240Z Preparing to unpack .../81-qmake6-bin_6.4.2+dfsg-21.1build5_amd64.deb ...
2025-09-29T06:57:00.5843362Z Unpacking qmake6-bin (6.4.2+dfsg-21.1build5) ...
2025-09-29T06:57:00.6247896Z Selecting previously unselected package qmake6:amd64.
2025-09-29T06:57:00.6384499Z Preparing to unpack .../82-qmake6_6.4.2+dfsg-21.1build5_amd64.deb ...
2025-09-29T06:57:00.6395802Z Unpacking qmake6:amd64 (6.4.2+dfsg-21.1build5) ...
2025-09-29T06:57:00.7441265Z Selecting previously unselected package qt6-base-dev-tools.
2025-09-29T06:57:00.7578176Z Preparing to unpack .../83-qt6-base-dev-tools_6.4.2+dfsg-21.1build5_amd64.deb ...
2025-09-29T06:57:00.7592714Z Unpacking qt6-base-dev-tools (6.4.2+dfsg-21.1build5) ...
2025-09-29T06:57:00.7957318Z Selecting previously unselected package qt6-qpa-plugins:amd64.
2025-09-29T06:57:00.8092626Z Preparing to unpack .../84-qt6-qpa-plugins_6.4.2+dfsg-21.1build5_amd64.deb ...
2025-09-29T06:57:00.8136373Z Unpacking qt6-qpa-plugins:amd64 (6.4.2+dfsg-21.1build5) ...
2025-09-29T06:57:00.8373080Z Selecting previously unselected package qt6-base-dev:amd64.
2025-09-29T06:57:00.8508107Z Preparing to unpack .../85-qt6-base-dev_6.4.2+dfsg-21.1build5_amd64.deb ...
2025-09-29T06:57:00.8521191Z Unpacking qt6-base-dev:amd64 (6.4.2+dfsg-21.1build5) ...
2025-09-29T06:57:01.2816159Z Selecting previously unselected package qt6-documentation-tools.
2025-09-29T06:57:01.2960070Z Preparing to unpack .../86-qt6-documentation-tools_6.4.2-3build3_amd64.deb ...
2025-09-29T06:57:01.2971724Z Unpacking qt6-documentation-tools (6.4.2-3build3) ...
2025-09-29T06:57:01.3257967Z Selecting previously unselected package qt6-gtk-platformtheme:amd64.
2025-09-29T06:57:01.3392182Z Preparing to unpack .../87-qt6-gtk-platformtheme_6.4.2+dfsg-21.1build5_amd64.deb ...
2025-09-29T06:57:01.3400442Z Unpacking qt6-gtk-platformtheme:amd64 (6.4.2+dfsg-21.1build5) ...
2025-09-29T06:57:01.3619864Z Selecting previously unselected package qt6-l10n-tools.
2025-09-29T06:57:01.3752959Z Preparing to unpack .../88-qt6-l10n-tools_6.4.2-3build3_amd64.deb ...
2025-09-29T06:57:01.3769289Z Unpacking qt6-l10n-tools (6.4.2-3build3) ...
2025-09-29T06:57:01.4078103Z Selecting previously unselected package qt6-tools-dev-tools.
2025-09-29T06:57:01.4213735Z Preparing to unpack .../89-qt6-tools-dev-tools_6.4.2-3build3_amd64.deb ...
2025-09-29T06:57:01.4225424Z Unpacking qt6-tools-dev-tools (6.4.2-3build3) ...
2025-09-29T06:57:01.4486203Z Selecting previously unselected package qt6-tools-dev:amd64.
2025-09-29T06:57:01.4620620Z Preparing to unpack .../90-qt6-tools-dev_6.4.2-3build3_amd64.deb ...
2025-09-29T06:57:01.4630861Z Unpacking qt6-tools-dev:amd64 (6.4.2-3build3) ...
2025-09-29T06:57:01.5237688Z Selecting previously unselected package qt6-translations-l10n.
2025-09-29T06:57:01.5374065Z Preparing to unpack .../91-qt6-translations-l10n_6.4.2-1_all.deb ...
2025-09-29T06:57:01.5391869Z Unpacking qt6-translations-l10n (6.4.2-1) ...
2025-09-29T06:57:01.6389877Z Selecting previously unselected package qt6-wayland:amd64.
2025-09-29T06:57:01.6527421Z Preparing to unpack .../92-qt6-wayland_6.4.2-5build3_amd64.deb ...
2025-09-29T06:57:01.6543836Z Unpacking qt6-wayland:amd64 (6.4.2-5build3) ...
2025-09-29T06:57:01.6834813Z Selecting previously unselected package libhttp-parser-dev:amd64.
2025-09-29T06:57:01.6971835Z Preparing to unpack .../93-libhttp-parser-dev_2.9.4-6build1_amd64.deb ...
2025-09-29T06:57:01.6986201Z Unpacking libhttp-parser-dev:amd64 (2.9.4-6build1) ...
2025-09-29T06:57:01.7221246Z Selecting previously unselected package libgit2-dev:amd64.
2025-09-29T06:57:01.7357589Z Preparing to unpack .../94-libgit2-dev_1.7.2+ds-1ubuntu3_amd64.deb ...
2025-09-29T06:57:01.7371983Z Unpacking libgit2-dev:amd64 (1.7.2+ds-1ubuntu3) ...
2025-09-29T06:57:01.7951050Z Selecting previously unselected package libglvnd-core-dev:amd64.
2025-09-29T06:57:01.8087858Z Preparing to unpack .../95-libglvnd-core-dev_1.7.0-1build1_amd64.deb ...
2025-09-29T06:57:01.8100954Z Unpacking libglvnd-core-dev:amd64 (1.7.0-1build1) ...
2025-09-29T06:57:01.8365103Z Selecting previously unselected package libglvnd-dev:amd64.
2025-09-29T06:57:01.8499678Z Preparing to unpack .../96-libglvnd-dev_1.7.0-1build1_amd64.deb ...
2025-09-29T06:57:01.8513893Z Unpacking libglvnd-dev:amd64 (1.7.0-1build1) ...
2025-09-29T06:57:01.8731547Z Selecting previously unselected package libgl1-mesa-dev:amd64.
2025-09-29T06:57:01.8860662Z Preparing to unpack .../97-libgl1-mesa-dev_25.0.7-0ubuntu0.24.04.2_amd64.deb ...
2025-09-29T06:57:01.8877738Z Unpacking libgl1-mesa-dev:amd64 (25.0.7-0ubuntu0.24.04.2) ...
2025-09-29T06:57:01.9314430Z Setting up libb2-1:amd64 (0.98.1-1.1build1) ...
2025-09-29T06:57:01.9350020Z Setting up libdouble-conversion3:amd64 (3.3.0-1build1) ...
2025-09-29T06:57:01.9378840Z Setting up libproxy1v5:amd64 (0.5.4-4build1) ...
2025-09-29T06:57:01.9406214Z Setting up libvulkan-dev:amd64 (1.3.275.0-1build1) ...
2025-09-29T06:57:01.9433707Z Setting up libglvnd-core-dev:amd64 (1.7.0-1build1) ...
2025-09-29T06:57:01.9465302Z Setting up libllvm15t64:amd64 (1:15.0.7-14build3) ...
2025-09-29T06:57:01.9496941Z Setting up libts0t64:amd64 (1.22-1.1build1) ...
2025-09-29T06:57:01.9544851Z Setting up libxcb-keysyms1:amd64 (0.4.0-1build4) ...
2025-09-29T06:57:01.9571382Z Setting up libxcb-shape0:amd64 (1.15-1ubuntu2) ...
2025-09-29T06:57:01.9600711Z Setting up libxcb-render-util0:amd64 (0.3.9-1build4) ...
2025-09-29T06:57:01.9626084Z Setting up libxcb-icccm4:amd64 (0.4.1-1.1build3) ...
2025-09-29T06:57:01.9655903Z Setting up libpthread-stubs0-dev:amd64 (0.4-1build3) ...
2025-09-29T06:57:01.9685850Z Setting up libopengl0:amd64 (1.7.0-1build1) ...
2025-09-29T06:57:01.9721921Z Setting up ninja-build (1.11.1-2) ...
2025-09-29T06:57:01.9756702Z Setting up libxcb-util1:amd64 (0.4.0-1build3) ...
2025-09-29T06:57:01.9790339Z Setting up libxcb-xkb1:amd64 (1.15-1ubuntu2) ...
2025-09-29T06:57:01.9828539Z Setting up libxcb-image0:amd64 (0.4.0-2build1) ...
2025-09-29T06:57:01.9868685Z Setting up qt6-translations-l10n (6.4.2-1) ...
2025-09-29T06:57:01.9899195Z Setting up xtrans-dev (1.4.0-1) ...
2025-09-29T06:57:01.9929373Z Setting up libegl-mesa0:amd64 (25.0.7-0ubuntu0.24.04.2) ...
2025-09-29T06:57:01.9959740Z Setting up libgles2:amd64 (1.7.0-1build1) ...
2025-09-29T06:57:01.9991369Z Setting up libgumbo2:amd64 (0.12.0+dfsg-2build1) ...
2025-09-29T06:57:02.0026066Z Setting up libgles1:amd64 (1.7.0-1build1) ...
2025-09-29T06:57:02.0058785Z Setting up libxkbcommon-x11-0:amd64 (1.6.0-1build1) ...
2025-09-29T06:57:02.0088343Z Setting up libjsoncpp25:amd64 (1.9.5-6build1) ...
2025-09-29T06:57:02.0121047Z Setting up libclang1-15t64 (1:15.0.7-14build3) ...
2025-09-29T06:57:02.0159736Z Setting up libssh2-1-dev:amd64 (1.11.0-4.1build2) ...
2025-09-29T06:57:02.0188828Z Setting up libmtdev1t64:amd64 (1.1.6-1.1build1) ...
2025-09-29T06:57:02.0222580Z Setting up librhash0:amd64 (1.4.3-3build1) ...
2025-09-29T06:57:02.0256980Z Setting up libegl1:amd64 (1.7.0-1build1) ...
2025-09-29T06:57:02.0291653Z Setting up libmd4c0:amd64 (0.4.8-1build1) ...
2025-09-29T06:57:02.0328225Z Setting up build-essential (12.10ubuntu1) ...
2025-09-29T06:57:02.0363341Z Setting up xorg-sgml-doctools (1:1.11-1.1) ...
2025-09-29T06:57:02.0446961Z Setting up cmake-data (3.28.3-1build7) ...
2025-09-29T06:57:02.0530084Z Setting up libopengl-dev:amd64 (1.7.0-1build1) ...
2025-09-29T06:57:02.0574234Z Setting up libclang-cpp15t64 (1:15.0.7-14build3) ...
2025-09-29T06:57:02.0611528Z Setting up libhttp-parser2.9:amd64 (2.9.4-6build1) ...
2025-09-29T06:57:02.0650397Z Setting up libwacom-common (2.10.0-2) ...
2025-09-29T06:57:02.0686926Z Setting up libhttp-parser-dev:amd64 (2.9.4-6build1) ...
2025-09-29T06:57:02.0725246Z Setting up libqt6core6t64:amd64 (6.4.2+dfsg-21.1build5) ...
2025-09-29T06:57:02.0768569Z Setting up libwacom9:amd64 (2.10.0-2) ...
2025-09-29T06:57:02.0805323Z Setting up liblitehtml0t64:amd64 (0.6-1.2ubuntu2) ...
2025-09-29T06:57:02.0841610Z Setting up libqt6sql6t64:amd64 (6.4.2+dfsg-21.1build5) ...
2025-09-29T06:57:02.0871419Z Setting up libqt6test6t64:amd64 (6.4.2+dfsg-21.1build5) ...
2025-09-29T06:57:02.0904198Z Setting up libqt6dbus6t64:amd64 (6.4.2+dfsg-21.1build5) ...
2025-09-29T06:57:02.0931830Z Setting up libqt6concurrent6t64:amd64 (6.4.2+dfsg-21.1build5) ...
2025-09-29T06:57:02.0961209Z Setting up libqt6xml6t64:amd64 (6.4.2+dfsg-21.1build5) ...
2025-09-29T06:57:02.0996827Z Setting up libinput-bin (1.25.0-1ubuntu3.1) ...
2025-09-29T06:57:02.1027755Z Setting up libqt6sql6-sqlite:amd64 (6.4.2+dfsg-21.1build5) ...
2025-09-29T06:57:02.1071404Z Setting up qmake6-bin (6.4.2+dfsg-21.1build5) ...
2025-09-29T06:57:02.1103247Z Setting up cmake (3.28.3-1build7) ...
2025-09-29T06:57:02.1151119Z Setting up libgit2-1.7:amd64 (1.7.2+ds-1ubuntu3) ...
2025-09-29T06:57:02.1187642Z Setting up libqt6network6t64:amd64 (6.4.2+dfsg-21.1build5) ...
2025-09-29T06:57:02.1223522Z Setting up libgit2-dev:amd64 (1.7.2+ds-1ubuntu3) ...
2025-09-29T06:57:02.1261969Z Setting up libinput10:amd64 (1.25.0-1ubuntu3.1) ...
2025-09-29T06:57:02.1297754Z Setting up qt6-base-dev-tools (6.4.2+dfsg-21.1build5) ...
2025-09-29T06:57:02.1334153Z Setting up qdbus-qt6 (6.4.2-3build3) ...
2025-09-29T06:57:02.1374240Z Setting up libqt6qml6:amd64 (6.4.2+dfsg-4build3) ...
2025-09-29T06:57:02.1407567Z Setting up libqt6qmlmodels6:amd64 (6.4.2+dfsg-4build3) ...
2025-09-29T06:57:02.1448812Z Setting up qmake6:amd64 (6.4.2+dfsg-21.1build5) ...
2025-09-29T06:57:02.1486300Z Setting up libqt6gui6t64:amd64 (6.4.2+dfsg-21.1build5) ...
2025-09-29T06:57:02.1549137Z Setting up libqt6widgets6t64:amd64 (6.4.2+dfsg-21.1build5) ...
2025-09-29T06:57:02.1585982Z Setting up qt6-qpa-plugins:amd64 (6.4.2+dfsg-21.1build5) ...
2025-09-29T06:57:02.1629395Z Setting up qt6-l10n-tools (6.4.2-3build3) ...
2025-09-29T06:57:02.1664416Z Setting up libqt6help6:amd64 (6.4.2-3build3) ...
2025-09-29T06:57:02.1700805Z Setting up qt6-documentation-tools (6.4.2-3build3) ...
2025-09-29T06:57:02.1737168Z Setting up libqt6opengl6t64:amd64 (6.4.2+dfsg-21.1build5) ...
2025-09-29T06:57:02.1774477Z Setting up libqt6waylandclient6:amd64 (6.4.2-5build3) ...
2025-09-29T06:57:02.1804370Z Setting up qt6-gtk-platformtheme:amd64 (6.4.2+dfsg-21.1build5) ...
2025-09-29T06:57:02.1837258Z Setting up libqt6printsupport6t64:amd64 (6.4.2+dfsg-21.1build5) ...
2025-09-29T06:57:02.1870095Z Setting up libqt6quick6:amd64 (6.4.2+dfsg-4build3) ...
2025-09-29T06:57:02.1897966Z Setting up assistant-qt6 (6.4.2-3build3) ...
2025-09-29T06:57:02.1946800Z Setting up libqt6wlshellintegration6:amd64 (6.4.2-5build3) ...
2025-09-29T06:57:02.1982214Z Setting up libqt6waylandcompositor6:amd64 (6.4.2-5build3) ...
2025-09-29T06:57:02.2018335Z Setting up libqt6openglwidgets6t64:amd64 (6.4.2+dfsg-21.1build5) ...
2025-09-29T06:57:02.2058021Z Setting up libqt6waylandeglcompositorhwintegration6:amd64 (6.4.2-5build3) ...
2025-09-29T06:57:02.2088701Z Setting up libqt6waylandeglclienthwintegration6:amd64 (6.4.2-5build3) ...
2025-09-29T06:57:02.2126086Z Setting up libqt6quickwidgets6:amd64 (6.4.2+dfsg-4build3) ...
2025-09-29T06:57:02.2160381Z Setting up libqt6uitools6:amd64 (6.4.2-3build3) ...
2025-09-29T06:57:02.2199163Z Setting up qt6-wayland:amd64 (6.4.2-5build3) ...
2025-09-29T06:57:02.2235340Z Setting up libqt6designer6:amd64 (6.4.2-3build3) ...
2025-09-29T06:57:02.2272469Z Setting up linguist-qt6 (6.4.2-3build3) ...
2025-09-29T06:57:02.2314170Z Setting up libqt6designercomponents6:amd64 (6.4.2-3build3) ...
2025-09-29T06:57:02.2360482Z Setting up designer-qt6 (6.4.2-3build3) ...
2025-09-29T06:57:02.2521627Z Setting up qt6-tools-dev-tools (6.4.2-3build3) ...
2025-09-29T06:57:02.2668047Z Processing triggers for libc-bin (2.39-0ubuntu8.6) ...
2025-09-29T06:57:02.3320331Z Processing triggers for man-db (2.12.0-4build2) ...
2025-09-29T06:57:55.2365714Z Processing triggers for udev (255.4-1ubuntu8.10) ...
2025-09-29T06:57:55.6995522Z Processing triggers for sgml-base (1.31) ...
2025-09-29T06:57:55.7246949Z Setting up x11proto-dev (2023.2-1) ...
2025-09-29T06:57:55.7286457Z Setting up libxau-dev:amd64 (1:1.0.9-1build6) ...
2025-09-29T06:57:55.7337068Z Setting up libxdmcp-dev:amd64 (1:1.1.3-0ubuntu6) ...
2025-09-29T06:57:55.7395253Z Setting up libxcb1-dev:amd64 (1.15-1ubuntu2) ...
2025-09-29T06:57:55.7459993Z Setting up libx11-dev:amd64 (2:1.8.7-1build1) ...
2025-09-29T06:57:55.7526606Z Setting up libglx-dev:amd64 (1.7.0-1build1) ...
2025-09-29T06:57:55.7561149Z Setting up libgl-dev:amd64 (1.7.0-1build1) ...
2025-09-29T06:57:55.7598154Z Setting up libegl-dev:amd64 (1.7.0-1build1) ...
2025-09-29T06:57:55.7643311Z Setting up qt6-base-dev:amd64 (6.4.2+dfsg-21.1build5) ...
2025-09-29T06:57:55.7681818Z Setting up qt6-tools-dev:amd64 (6.4.2-3build3) ...
2025-09-29T06:57:55.7720172Z Setting up libgles-dev:amd64 (1.7.0-1build1) ...
2025-09-29T06:57:55.7759290Z Setting up libglvnd-dev:amd64 (1.7.0-1build1) ...
2025-09-29T06:57:55.7788308Z Setting up libgl1-mesa-dev:amd64 (25.0.7-0ubuntu0.24.04.2) ...
2025-09-29T06:57:56.6605230Z 
2025-09-29T06:57:56.6605793Z Running kernel seems to be up-to-date.
2025-09-29T06:57:56.6606137Z 
2025-09-29T06:57:56.6606264Z Restarting services...
2025-09-29T06:57:56.6675107Z 
2025-09-29T06:57:56.6675411Z Service restarts being deferred:
2025-09-29T06:57:56.6677233Z  systemctl restart hosted-compute-agent.service
2025-09-29T06:57:56.6677602Z 
2025-09-29T06:57:56.6677752Z No containers need to be restarted.
2025-09-29T06:57:56.6678031Z 
2025-09-29T06:57:56.6678208Z No user sessions are running outdated binaries.
2025-09-29T06:57:56.6678518Z 
2025-09-29T06:57:56.6678802Z No VM guests are running outdated hypervisor (qemu) binaries on this host.
2025-09-29T06:57:57.4850396Z ##[group]Run mkdir build
2025-09-29T06:57:57.4850662Z [36;1mmkdir build[0m
2025-09-29T06:57:57.4850850Z [36;1mcd build[0m
2025-09-29T06:57:57.4851031Z [36;1mcmake \[0m
2025-09-29T06:57:57.4851204Z [36;1m  -GNinja \[0m
2025-09-29T06:57:57.4851399Z [36;1m  -DCMAKE_BUILD_TYPE=Release \[0m
2025-09-29T06:57:57.4851641Z [36;1m  -DBUILD_TESTS=ON \[0m
2025-09-29T06:57:57.4851838Z [36;1m  ..[0m
2025-09-29T06:57:57.4886190Z shell: /usr/bin/bash -e {0}
2025-09-29T06:57:57.4886411Z env:
2025-09-29T06:57:57.4886580Z   CMAKE_VERSION: 3.20.0
2025-09-29T06:57:57.4886769Z   QT_VERSION: 6.5.0
2025-09-29T06:57:57.4886935Z ##[endgroup]
2025-09-29T06:57:58.7945540Z -- The CXX compiler identification is GNU 13.3.0
2025-09-29T06:57:58.9244195Z -- The C compiler identification is GNU 13.3.0
2025-09-29T06:57:59.0148075Z -- Detecting CXX compiler ABI info
2025-09-29T06:57:59.1827198Z -- Detecting CXX compiler ABI info - done
2025-09-29T06:57:59.1989030Z -- Check for working CXX compiler: /usr/bin/c++ - skipped
2025-09-29T06:57:59.2029021Z -- Detecting CXX compile features
2025-09-29T06:57:59.2068171Z -- Detecting CXX compile features - done
2025-09-29T06:57:59.2329178Z -- Detecting C compiler ABI info
2025-09-29T06:57:59.3025486Z -- Detecting C compiler ABI info - done
2025-09-29T06:57:59.3184197Z -- Check for working C compiler: /usr/bin/cc - skipped
2025-09-29T06:57:59.3187973Z -- Detecting C compile features
2025-09-29T06:57:59.3193093Z -- Detecting C compile features - done
2025-09-29T06:57:59.3295848Z -- Building for Linux with Qt
2025-09-29T06:57:59.3935986Z -- Performing Test CMAKE_HAVE_LIBC_PTHREAD
2025-09-29T06:57:59.4988062Z -- Performing Test CMAKE_HAVE_LIBC_PTHREAD - Success
2025-09-29T06:57:59.5038248Z -- Found Threads: TRUE
2025-09-29T06:57:59.5054583Z -- Performing Test HAVE_STDATOMIC
2025-09-29T06:57:59.8236853Z -- Performing Test HAVE_STDATOMIC - Success
2025-09-29T06:57:59.8245567Z -- Found WrapAtomic: TRUE
2025-09-29T06:57:59.8647164Z -- Found OpenGL: /usr/lib/x86_64-linux-gnu/libOpenGL.so
2025-09-29T06:57:59.8659102Z -- Found WrapOpenGL: TRUE
2025-09-29T06:58:00.0642946Z -- Could NOT find XKB (missing: XKB_LIBRARY XKB_INCLUDE_DIR) (Required is at least version "0.5.0")
2025-09-29T06:58:00.1422472Z -- Found WrapVulkanHeaders: /usr/include
2025-09-29T06:58:00.1537836Z -- Found Qt6: 6.4.2
2025-09-29T06:58:00.1571966Z -- Found PkgConfig: /usr/bin/pkg-config (found version "1.8.1")
2025-09-29T06:58:00.1580911Z -- Checking for module 'libgit2'
2025-09-29T06:58:00.1671911Z --   Found libgit2, version 1.7.2
2025-09-29T06:58:00.1901170Z -- Found libgit2: 1.7.2
2025-09-29T06:58:00.2306345Z -- Configuring done (2.3s)
2025-09-29T06:58:00.3342564Z -- Generating done (0.1s)
2025-09-29T06:58:00.3350487Z -- Build files have been written to: /home/runner/work/VersionTools/VersionTools/build
2025-09-29T06:58:00.3454917Z ##[group]Run cd build
2025-09-29T06:58:00.3455156Z [36;1mcd build[0m
2025-09-29T06:58:00.3455336Z [36;1mninja -j$(nproc)[0m
2025-09-29T06:58:00.3487380Z shell: /usr/bin/bash -e {0}
2025-09-29T06:58:00.3487591Z env:
2025-09-29T06:58:00.3487749Z   CMAKE_VERSION: 3.20.0
2025-09-29T06:58:00.3487934Z   QT_VERSION: 6.5.0
2025-09-29T06:58:00.3488114Z ##[endgroup]
2025-09-29T06:58:00.3953705Z [1/16] Automatic MOC and UIC for target GitCore
2025-09-29T06:58:00.4066332Z [2/16] Building CXX object src/core/CMakeFiles/GitCore.dir/GitCore_autogen/mocs_compilation.cpp.o
2025-09-29T06:58:02.0888585Z [3/16] Building CXX object src/core/CMakeFiles/GitCore.dir/SystemCommand.cpp.o
2025-09-29T06:58:04.8414745Z [4/16] Building CXX object src/core/CMakeFiles/GitCore.dir/GitUtils.cpp.o
2025-09-29T06:58:06.9359324Z [5/16] Building CXX object src/core/CMakeFiles/GitCore.dir/GitManager.cpp.o
2025-09-29T06:58:14.3945782Z [6/16] Linking CXX static library lib/libGitCore.a
2025-09-29T06:58:15.0634079Z [7/16] Automatic MOC and UIC for target VersionTools
2025-09-29T06:58:15.0634586Z AutoMoc warning
2025-09-29T06:58:15.0634869Z ---------------
2025-09-29T06:58:15.0635197Z "SRC:/src/qt/VersionToolsMainWindow.cpp"
2025-09-29T06:58:15.0636181Z includes the moc file "VersionToolsMainWindow.moc", but does not contain a Q_OBJECT, Q_GADGET, Q_GADGET_EXPORT, Q_NAMESPACE or Q_NAMESPACE_EXPORT macro.
2025-09-29T06:58:15.0637025Z 
2025-09-29T06:58:15.0637146Z AutoMoc warning
2025-09-29T06:58:15.0637420Z ---------------
2025-09-29T06:58:15.0637729Z "SRC:/src/qt/utils/GitWorker.cpp"
2025-09-29T06:58:15.0638546Z includes the moc file "GitWorker.moc", but does not contain a Q_OBJECT, Q_GADGET, Q_GADGET_EXPORT, Q_NAMESPACE or Q_NAMESPACE_EXPORT macro.
2025-09-29T06:58:15.0639273Z 
2025-09-29T06:58:15.0639399Z AutoMoc warning
2025-09-29T06:58:15.0639625Z ---------------
2025-09-29T06:58:15.0639827Z "SRC:/src/qt/widgets/SidebarWidget.cpp"
2025-09-29T06:58:15.0640381Z includes the moc file "SidebarWidget.moc", but does not contain a Q_OBJECT, Q_GADGET, Q_GADGET_EXPORT, Q_NAMESPACE or Q_NAMESPACE_EXPORT macro.
2025-09-29T06:58:15.0640992Z 
2025-09-29T06:58:15.0641471Z AutoMoc: /home/runner/work/VersionTools/VersionTools/src/qt/VersionToolsMainWindow.cpp:385:1: note: No relevant classes found. No output generated.
2025-09-29T06:58:15.0642648Z AutoMoc: /home/runner/work/VersionTools/VersionTools/src/qt/utils/GitWorker.cpp:144:1: note: No relevant classes found. No output generated.
2025-09-29T06:58:15.0643812Z AutoMoc: /home/runner/work/VersionTools/VersionTools/src/qt/widgets/SidebarWidget.cpp:197:1: note: No relevant classes found. No output generated.
2025-09-29T06:58:15.0705782Z [8/16] Automatic RCC for resources/resources.qrc
2025-09-29T06:58:15.2925013Z [9/16] Building CXX object src/qt/CMakeFiles/VersionTools.dir/VersionToolsMainWindow.cpp.o
2025-09-29T06:58:15.2929581Z FAILED: [code=1] src/qt/CMakeFiles/VersionTools.dir/VersionToolsMainWindow.cpp.o 
2025-09-29T06:58:15.2940120Z /usr/bin/c++ -DNDEBUG -DQT_CORE_LIB -DQT_GUI_LIB -DQT_NO_DEBUG -DQT_WIDGETS_LIB -I/home/runner/work/VersionTools/VersionTools/build/src/qt/VersionTools_autogen/include -I/home/runner/work/VersionTools/VersionTools/src -I/home/runner/work/VersionTools/VersionTools/src/qt -I/home/runner/work/VersionTools/VersionTools/src/core -isystem /usr/include/x86_64-linux-gnu/qt6/QtCore -isystem /usr/include/x86_64-linux-gnu/qt6 -isystem /usr/lib/x86_64-linux-gnu/qt6/mkspecs/linux-g++ -isystem /usr/include/x86_64-linux-gnu/qt6/QtWidgets -isystem /usr/include/x86_64-linux-gnu/qt6/QtGui -Wall -Wextra -Wpedantic -O3 -DNDEBUG -std=gnu++17 -O3 -fPIC -MD -MT src/qt/CMakeFiles/VersionTools.dir/VersionToolsMainWindow.cpp.o -MF src/qt/CMakeFiles/VersionTools.dir/VersionToolsMainWindow.cpp.o.d -o src/qt/CMakeFiles/VersionTools.dir/VersionToolsMainWindow.cpp.o -c /home/runner/work/VersionTools/VersionTools/src/qt/VersionToolsMainWindow.cpp
2025-09-29T06:58:15.2947655Z In file included from /home/runner/work/VersionTools/VersionTools/src/qt/VersionToolsMainWindow.cpp:1:
2025-09-29T06:58:15.2950517Z /home/runner/work/VersionTools/VersionTools/src/qt/VersionToolsMainWindow.h:100:2: error: #endif without #if
2025-09-29T06:58:15.2952900Z   100 | #endif // VERSIONTOOLSMAINWINDOW_H
2025-09-29T06:58:15.2954553Z       |  ^~~~~
2025-09-29T06:58:15.2956666Z /home/runner/work/VersionTools/VersionTools/src/qt/VersionToolsMainWindow.cpp:4:10: fatal error: widgets/HistoryWidget.h: No such file or directory
2025-09-29T06:58:15.2958068Z     4 | #include "widgets/HistoryWidget.h"
2025-09-29T06:58:15.2958653Z       |          ^~~~~~~~~~~~~~~~~~~~~~~~~
2025-09-29T06:58:15.2960932Z compilation terminated.
2025-09-29T06:58:16.5453886Z [10/16] Building CXX object src/qt/CMakeFiles/VersionTools.dir/VersionTools_autogen/mocs_compilation.cpp.o
2025-09-29T06:58:16.5455022Z FAILED: [code=1] src/qt/CMakeFiles/VersionTools.dir/VersionTools_autogen/mocs_compilation.cpp.o 
2025-09-29T06:58:16.5458881Z /usr/bin/c++ -DNDEBUG -DQT_CORE_LIB -DQT_GUI_LIB -DQT_NO_DEBUG -DQT_WIDGETS_LIB -I/home/runner/work/VersionTools/VersionTools/build/src/qt/VersionTools_autogen/include -I/home/runner/work/VersionTools/VersionTools/src -I/home/runner/work/VersionTools/VersionTools/src/qt -I/home/runner/work/VersionTools/VersionTools/src/core -isystem /usr/include/x86_64-linux-gnu/qt6/QtCore -isystem /usr/include/x86_64-linux-gnu/qt6 -isystem /usr/lib/x86_64-linux-gnu/qt6/mkspecs/linux-g++ -isystem /usr/include/x86_64-linux-gnu/qt6/QtWidgets -isystem /usr/include/x86_64-linux-gnu/qt6/QtGui -Wall -Wextra -Wpedantic -O3 -DNDEBUG -std=gnu++17 -O3 -fPIC -MD -MT src/qt/CMakeFiles/VersionTools.dir/VersionTools_autogen/mocs_compilation.cpp.o -MF src/qt/CMakeFiles/VersionTools.dir/VersionTools_autogen/mocs_compilation.cpp.o.d -o src/qt/CMakeFiles/VersionTools.dir/VersionTools_autogen/mocs_compilation.cpp.o -c /home/runner/work/VersionTools/VersionTools/build/src/qt/VersionTools_autogen/mocs_compilation.cpp
2025-09-29T06:58:16.5463055Z In file included from /home/runner/work/VersionTools/VersionTools/build/src/qt/VersionTools_autogen/EWIEGA46WW/moc_VersionToolsMainWindow.cpp:10,
2025-09-29T06:58:16.5463929Z                  from /home/runner/work/VersionTools/VersionTools/build/src/qt/VersionTools_autogen/mocs_compilation.cpp:2:
2025-09-29T06:58:16.5464839Z /home/runner/work/VersionTools/VersionTools/build/src/qt/VersionTools_autogen/EWIEGA46WW/../../../../../src/qt/VersionToolsMainWindow.h:100:2: error: #endif without #if
2025-09-29T06:58:16.5465765Z   100 | #endif // VERSIONTOOLSMAINWINDOW_H
2025-09-29T06:58:16.5465997Z       |  ^~~~~
2025-09-29T06:58:16.8090217Z [11/16] Building CXX object src/qt/CMakeFiles/VersionTools.dir/main.cpp.o
2025-09-29T06:58:16.8090903Z FAILED: [code=1] src/qt/CMakeFiles/VersionTools.dir/main.cpp.o 
2025-09-29T06:58:16.8094232Z /usr/bin/c++ -DNDEBUG -DQT_CORE_LIB -DQT_GUI_LIB -DQT_NO_DEBUG -DQT_WIDGETS_LIB -I/home/runner/work/VersionTools/VersionTools/build/src/qt/VersionTools_autogen/include -I/home/runner/work/VersionTools/VersionTools/src -I/home/runner/work/VersionTools/VersionTools/src/qt -I/home/runner/work/VersionTools/VersionTools/src/core -isystem /usr/include/x86_64-linux-gnu/qt6/QtCore -isystem /usr/include/x86_64-linux-gnu/qt6 -isystem /usr/lib/x86_64-linux-gnu/qt6/mkspecs/linux-g++ -isystem /usr/include/x86_64-linux-gnu/qt6/QtWidgets -isystem /usr/include/x86_64-linux-gnu/qt6/QtGui -Wall -Wextra -Wpedantic -O3 -DNDEBUG -std=gnu++17 -O3 -fPIC -MD -MT src/qt/CMakeFiles/VersionTools.dir/main.cpp.o -MF src/qt/CMakeFiles/VersionTools.dir/main.cpp.o.d -o src/qt/CMakeFiles/VersionTools.dir/main.cpp.o -c /home/runner/work/VersionTools/VersionTools/src/qt/main.cpp
2025-09-29T06:58:16.8097366Z In file included from /home/runner/work/VersionTools/VersionTools/src/qt/main.cpp:5:
2025-09-29T06:58:16.8098001Z /home/runner/work/VersionTools/VersionTools/src/qt/VersionToolsMainWindow.h:100:2: error: #endif without #if
2025-09-29T06:58:16.8098504Z   100 | #endif // VERSIONTOOLSMAINWINDOW_H
2025-09-29T06:58:16.8098738Z       |  ^~~~~
2025-09-29T06:58:17.2068631Z [12/16] Building CXX object src/qt/CMakeFiles/VersionTools.dir/widgets/SidebarWidget.cpp.o
2025-09-29T06:58:17.2069358Z ninja: build stopped: subcommand failed.
2025-09-29T06:58:17.2085684Z ##[error]Process completed with exit code 1.
2025-09-29T06:58:17.2193915Z Post job cleanup.
2025-09-29T06:58:17.3112009Z [command]/usr/bin/git version
2025-09-29T06:58:17.3147395Z git version 2.51.0
2025-09-29T06:58:17.3188890Z Temporarily overriding HOME='/home/runner/work/_temp/5212c434-b6b6-47d6-af50-4da39e7ec094' before making global git config changes
2025-09-29T06:58:17.3190062Z Adding repository directory to the temporary git global config as a safe directory
2025-09-29T06:58:17.3200739Z [command]/usr/bin/git config --global --add safe.directory /home/runner/work/VersionTools/VersionTools
2025-09-29T06:58:17.3232951Z [command]/usr/bin/git config --local --name-only --get-regexp core\.sshCommand
2025-09-29T06:58:17.3263767Z [command]/usr/bin/git submodule foreach --recursive sh -c "git config --local --name-only --get-regexp 'core\.sshCommand' && git config --local --unset-all 'core.sshCommand' || :"
2025-09-29T06:58:17.3479496Z [command]/usr/bin/git config --local --name-only --get-regexp http\.https\:\/\/github\.com\/\.extraheader
2025-09-29T06:58:17.3498714Z http.https://github.com/.extraheader
2025-09-29T06:58:17.3511565Z [command]/usr/bin/git config --local --unset-all http.https://github.com/.extraheader
2025-09-29T06:58:17.3541516Z [command]/usr/bin/git submodule foreach --recursive sh -c "git config --local --name-only --get-regexp 'http\.https\:\/\/github\.com\/\.extraheader' && git config --local --unset-all 'http.https://github.com/.extraheader' || :"
2025-09-29T06:58:17.3860780Z Cleaning up orphan processes
