2025-10-02T06:58:42.7049670Z Current runner version: '2.328.0'
2025-10-02T06:58:42.7067540Z ##[group]Runner Image Provisioner
2025-10-02T06:58:42.7068060Z Hosted Compute Agent
2025-10-02T06:58:42.7068400Z Version: 20250912.392
2025-10-02T06:58:42.7069110Z Commit: d921fda672a98b64f4f82364647e2f10b2267d0b
2025-10-02T06:58:42.7069570Z Build Date: 2025-09-12T15:23:14Z
2025-10-02T06:58:42.7069940Z ##[endgroup]
2025-10-02T06:58:42.7070280Z ##[group]Operating System
2025-10-02T06:58:42.7070640Z macOS
2025-10-02T06:58:42.7070950Z 15.6.1
2025-10-02T06:58:42.7071240Z 24G90
2025-10-02T06:58:42.7071520Z ##[endgroup]
2025-10-02T06:58:42.7071840Z ##[group]Runner Image
2025-10-02T06:58:42.7072160Z Image: macos-15-arm64
2025-10-02T06:58:42.7072490Z Version: 20250922.2357
2025-10-02T06:58:42.7073170Z Included Software: https://github.com/actions/runner-images/blob/macos-15-arm64/20250922.2357/images/macos/macos-15-arm64-Readme.md
2025-10-02T06:58:42.7074250Z Image Release: https://github.com/actions/runner-images/releases/tag/macos-15-arm64%2F20250922.2357
2025-10-02T06:58:42.7074860Z ##[endgroup]
2025-10-02T06:58:42.7076410Z ##[group]GITHUB_TOKEN Permissions
2025-10-02T06:58:42.7077480Z Actions: write
2025-10-02T06:58:42.7077840Z Attestations: write
2025-10-02T06:58:42.7078150Z Checks: write
2025-10-02T06:58:42.7078450Z Contents: write
2025-10-02T06:58:42.7078760Z Deployments: write
2025-10-02T06:58:42.7079060Z Discussions: write
2025-10-02T06:58:42.7080700Z Issues: write
2025-10-02T06:58:42.7081120Z Metadata: read
2025-10-02T06:58:42.7081420Z Models: read
2025-10-02T06:58:42.7081720Z Packages: write
2025-10-02T06:58:42.7082020Z Pages: write
2025-10-02T06:58:42.7082320Z PullRequests: write
2025-10-02T06:58:42.7082640Z RepositoryProjects: write
2025-10-02T06:58:42.7083960Z SecurityEvents: write
2025-10-02T06:58:42.7085360Z Statuses: write
2025-10-02T06:58:42.7086310Z ##[endgroup]
2025-10-02T06:58:42.7088330Z Secret source: Actions
2025-10-02T06:58:42.7088760Z Prepare workflow directory
2025-10-02T06:58:42.7407200Z Prepare all required actions
2025-10-02T06:58:42.7437110Z Getting action download info
2025-10-02T06:58:43.2667350Z Download action repository 'actions/checkout@v4' (SHA:08eba0b27e820071cde6df949e0beb9ba4906955)
2025-10-02T06:58:43.5096840Z Download action repository 'maxim-lobanov/setup-xcode@v1' (SHA:60606e260d2fc5762a71e64e74b2174e8ea3c8bd)
2025-10-02T06:58:44.2181410Z Download action repository 'actions/upload-artifact@v4' (SHA:ea165f8d65b6e75b540449e92b4886f43607fa02)
2025-10-02T06:58:44.3852760Z Complete job name: Build macOS
2025-10-02T06:58:44.4265690Z ##[group]Run actions/checkout@v4
2025-10-02T06:58:44.4266270Z with:
2025-10-02T06:58:44.4266600Z   repository: Zixiao-Tech/VersionTools
2025-10-02T06:58:44.4267140Z   token: ***
2025-10-02T06:58:44.4267440Z   ssh-strict: true
2025-10-02T06:58:44.4267760Z   ssh-user: git
2025-10-02T06:58:44.4268080Z   persist-credentials: true
2025-10-02T06:58:44.4268440Z   clean: true
2025-10-02T06:58:44.4268770Z   sparse-checkout-cone-mode: true
2025-10-02T06:58:44.4269150Z   fetch-depth: 1
2025-10-02T06:58:44.4269490Z   fetch-tags: false
2025-10-02T06:58:44.4269810Z   show-progress: true
2025-10-02T06:58:44.4270140Z   lfs: false
2025-10-02T06:58:44.4270450Z   submodules: false
2025-10-02T06:58:44.4270790Z   set-safe-directory: true
2025-10-02T06:58:44.4271320Z ##[endgroup]
2025-10-02T06:58:44.7951120Z Syncing repository: Zixiao-Tech/VersionTools
2025-10-02T06:58:44.7953010Z ##[group]Getting Git version info
2025-10-02T06:58:44.7953690Z Working directory is '/Users/runner/work/VersionTools/VersionTools'
2025-10-02T06:58:44.7954530Z [command]/opt/homebrew/bin/git version
2025-10-02T06:58:44.8583890Z git version 2.50.1
2025-10-02T06:58:44.8639810Z ##[endgroup]
2025-10-02T06:58:44.8656320Z Copying '/Users/runner/.gitconfig' to '/Users/runner/work/_temp/61be8750-37aa-46ec-abab-d91ea6266338/.gitconfig'
2025-10-02T06:58:44.8669680Z Temporarily overriding HOME='/Users/runner/work/_temp/61be8750-37aa-46ec-abab-d91ea6266338' before making global git config changes
2025-10-02T06:58:44.8671410Z Adding repository directory to the temporary git global config as a safe directory
2025-10-02T06:58:44.8687100Z [command]/opt/homebrew/bin/git config --global --add safe.directory /Users/runner/work/VersionTools/VersionTools
2025-10-02T06:58:44.8854350Z Deleting the contents of '/Users/runner/work/VersionTools/VersionTools'
2025-10-02T06:58:44.8856660Z ##[group]Initializing the repository
2025-10-02T06:58:44.8863790Z [command]/opt/homebrew/bin/git init /Users/runner/work/VersionTools/VersionTools
2025-10-02T06:58:44.9287870Z hint: Using 'master' as the name for the initial branch. This default branch name
2025-10-02T06:58:44.9289000Z hint: is subject to change. To configure the initial branch name to use in all
2025-10-02T06:58:44.9292160Z hint: of your new repositories, which will suppress this warning, call:
2025-10-02T06:58:44.9294190Z hint:
2025-10-02T06:58:44.9295490Z hint: 	git config --global init.defaultBranch <name>
2025-10-02T06:58:44.9297200Z hint:
2025-10-02T06:58:44.9298120Z hint: Names commonly chosen instead of 'master' are 'main', 'trunk' and
2025-10-02T06:58:44.9299260Z hint: 'development'. The just-created branch can be renamed via this command:
2025-10-02T06:58:44.9299990Z hint:
2025-10-02T06:58:44.9301850Z hint: 	git branch -m <name>
2025-10-02T06:58:44.9302730Z hint:
2025-10-02T06:58:44.9304100Z hint: Disable this message with "git config set advice.defaultBranchName false"
2025-10-02T06:58:44.9305370Z Initialized empty Git repository in /Users/runner/work/VersionTools/VersionTools/.git/
2025-10-02T06:58:44.9307350Z [command]/opt/homebrew/bin/git remote add origin https://github.com/Zixiao-Tech/VersionTools
2025-10-02T06:58:44.9309080Z ##[endgroup]
2025-10-02T06:58:44.9310130Z ##[group]Disabling automatic garbage collection
2025-10-02T06:58:44.9310920Z [command]/opt/homebrew/bin/git config --local gc.auto 0
2025-10-02T06:58:44.9361230Z ##[endgroup]
2025-10-02T06:58:44.9361990Z ##[group]Setting up auth
2025-10-02T06:58:44.9366390Z [command]/opt/homebrew/bin/git config --local --name-only --get-regexp core\.sshCommand
2025-10-02T06:58:44.9472960Z [command]/opt/homebrew/bin/git submodule foreach --recursive sh -c "git config --local --name-only --get-regexp 'core\.sshCommand' && git config --local --unset-all 'core.sshCommand' || :"
2025-10-02T06:58:45.0600970Z [command]/opt/homebrew/bin/git config --local --name-only --get-regexp http\.https\:\/\/github\.com\/\.extraheader
2025-10-02T06:58:45.0656810Z [command]/opt/homebrew/bin/git submodule foreach --recursive sh -c "git config --local --name-only --get-regexp 'http\.https\:\/\/github\.com\/\.extraheader' && git config --local --unset-all 'http.https://github.com/.extraheader' || :"
2025-10-02T06:58:45.1400580Z [command]/opt/homebrew/bin/git config --local http.https://github.com/.extraheader AUTHORIZATION: basic ***
2025-10-02T06:58:45.1465870Z ##[endgroup]
2025-10-02T06:58:45.1466530Z ##[group]Fetching the repository
2025-10-02T06:58:45.1471190Z [command]/opt/homebrew/bin/git -c protocol.version=2 fetch --no-tags --prune --no-recurse-submodules --depth=1 origin +bc026dd79f178c1866687aca1f3d84bc25841d3f:refs/remotes/origin/main
2025-10-02T06:58:46.3438510Z From https://github.com/Zixiao-Tech/VersionTools
2025-10-02T06:58:46.3439660Z  * [new ref]         bc026dd79f178c1866687aca1f3d84bc25841d3f -> origin/main
2025-10-02T06:58:46.3554450Z ##[endgroup]
2025-10-02T06:58:46.3555270Z ##[group]Determining the checkout info
2025-10-02T06:58:46.3559030Z ##[endgroup]
2025-10-02T06:58:46.3563160Z [command]/opt/homebrew/bin/git sparse-checkout disable
2025-10-02T06:58:46.3658910Z [command]/opt/homebrew/bin/git config --local --unset-all extensions.worktreeConfig
2025-10-02T06:58:46.3742030Z ##[group]Checking out the ref
2025-10-02T06:58:46.3744880Z [command]/opt/homebrew/bin/git checkout --progress --force -B main refs/remotes/origin/main
2025-10-02T06:58:46.4360670Z Switched to a new branch 'main'
2025-10-02T06:58:46.4377370Z branch 'main' set up to track 'origin/main'.
2025-10-02T06:58:46.4384830Z ##[endgroup]
2025-10-02T06:58:46.4491880Z [command]/opt/homebrew/bin/git log -1 --format=%H
2025-10-02T06:58:46.4567070Z bc026dd79f178c1866687aca1f3d84bc25841d3f
2025-10-02T06:58:46.4841870Z ##[group]Run maxim-lobanov/setup-xcode@v1
2025-10-02T06:58:46.4842830Z with:
2025-10-02T06:58:46.4843450Z   xcode-version: latest-stable
2025-10-02T06:58:46.4844230Z ##[endgroup]
2025-10-02T06:58:46.5759190Z Switching Xcode to version 'latest-stable'...
2025-10-02T06:58:46.6448970Z Xcode is set to 26.0.0 (17A324)
2025-10-02T06:58:46.6568410Z ##[group]Run brew install cmake libgit2
2025-10-02T06:58:46.6569490Z [36;1mbrew install cmake libgit2[0m
2025-10-02T06:58:46.6620410Z shell: /bin/bash -e {0}
2025-10-02T06:58:46.6621140Z env:
2025-10-02T06:58:46.6621800Z   MD_APPLE_SDK_ROOT: /Applications/Xcode_26.app
2025-10-02T06:58:46.6622710Z ##[endgroup]
2025-10-02T06:58:52.5219580Z ##[warning]cmake 4.1.1 is already installed and up-to-date.
To reinstall 4.1.1, run:
  brew reinstall cmake

2025-10-02T06:58:53.2268280Z [32m==>[0m [1mFetching downloads for: [32mlibgit2[39m[0m
2025-10-02T06:58:53.2287050Z [34m==>[0m [1mDownloading https://ghcr.io/v2/homebrew/core/libgit2/manifests/1.9.1[0m
2025-10-02T06:58:53.6287200Z [32m==>[0m [1mFetching [32mlibgit2[39m[0m
2025-10-02T06:58:53.6301270Z [34m==>[0m [1mDownloading https://ghcr.io/v2/homebrew/core/libgit2/blobs/sha256:3be60ae5bc7e68b788b021eaf00927f595c28bfed352cd5bf8c212494392dfb8[0m
2025-10-02T06:58:54.0333110Z [34m==>[0m [1mPouring libgit2--1.9.1.arm64_sequoia.bottle.tar.gz[0m
2025-10-02T06:58:54.4280120Z 🍺  /opt/homebrew/Cellar/libgit2/1.9.1: 109 files, 4.9MB
2025-10-02T06:58:54.4286090Z [34m==>[0m [1mNo outdated dependents to upgrade![0m
2025-10-02T06:58:54.4563310Z ##[group]Run mkdir build
2025-10-02T06:58:54.4563600Z [36;1mmkdir build[0m
2025-10-02T06:58:54.4563760Z [36;1mcd build[0m
2025-10-02T06:58:54.4564880Z [36;1mcmake .. -GXcode -DCMAKE_BUILD_TYPE=Release[0m
2025-10-02T06:58:54.4602380Z shell: /bin/bash -e {0}
2025-10-02T06:58:54.4602680Z env:
2025-10-02T06:58:54.4602920Z   MD_APPLE_SDK_ROOT: /Applications/Xcode_26.app
2025-10-02T06:58:54.4603210Z ##[endgroup]
2025-10-02T06:59:09.6848290Z -- The CXX compiler identification is AppleClang 17.0.0.17000319
2025-10-02T06:59:13.5638610Z -- The C compiler identification is AppleClang 17.0.0.17000319
2025-10-02T06:59:13.6091020Z -- Detecting CXX compiler ABI info
2025-10-02T06:59:15.5430430Z -- Detecting CXX compiler ABI info - done
2025-10-02T06:59:15.5910060Z -- Check for working CXX compiler: /Applications/Xcode_26.app/Contents/Developer/Toolchains/XcodeDefault.xctoolchain/usr/bin/clang++ - skipped
2025-10-02T06:59:15.5918250Z -- Detecting CXX compile features
2025-10-02T06:59:15.5931450Z -- Detecting CXX compile features - done
2025-10-02T06:59:15.6063380Z -- Detecting C compiler ABI info
2025-10-02T06:59:17.3493910Z -- Detecting C compiler ABI info - done
2025-10-02T06:59:17.4388440Z -- Check for working C compiler: /Applications/Xcode_26.app/Contents/Developer/Toolchains/XcodeDefault.xctoolchain/usr/bin/clang - skipped
2025-10-02T06:59:17.4459520Z -- Detecting C compile features
2025-10-02T06:59:17.4461770Z -- Detecting C compile features - done
2025-10-02T06:59:17.4463560Z -- Building for macOS with SwiftUI
2025-10-02T06:59:17.4914910Z -- Found PkgConfig: /opt/homebrew/bin/pkg-config (found version "2.5.1")
2025-10-02T06:59:17.4923720Z -- Checking for module 'libgit2'
2025-10-02T06:59:17.5174180Z --   Found libgit2, version 1.9.1
2025-10-02T06:59:17.6037900Z -- Performing Test CMAKE_HAVE_LIBC_PTHREAD
2025-10-02T06:59:20.4775450Z -- Performing Test CMAKE_HAVE_LIBC_PTHREAD - Success
2025-10-02T06:59:20.4776610Z -- Found Threads: TRUE
2025-10-02T06:59:27.9636830Z -- The Swift compiler identification is Apple 6.2
2025-10-02T06:59:28.1706390Z -- Check for working Swift compiler: /Applications/Xcode_26.app/Contents/Developer/Toolchains/XcodeDefault.xctoolchain/usr/bin/swiftc
2025-10-02T06:59:31.0864890Z -- Check for working Swift compiler: /Applications/Xcode_26.app/Contents/Developer/Toolchains/XcodeDefault.xctoolchain/usr/bin/swiftc - works
2025-10-02T06:59:31.1191540Z -- Configuring done (36.5s)
2025-10-02T06:59:31.1399170Z -- Generating done (0.0s)
2025-10-02T06:59:31.1519580Z -- Build files have been written to: /Users/runner/work/VersionTools/VersionTools/build
2025-10-02T06:59:31.1685640Z ##[group]Run cd build
2025-10-02T06:59:31.1686350Z [36;1mcd build[0m
2025-10-02T06:59:31.1687080Z [36;1mcmake --build . --config Release -- -j$(sysctl -n hw.ncpu)[0m
2025-10-02T06:59:31.3478320Z shell: /bin/bash -e {0}
2025-10-02T06:59:31.3478910Z env:
2025-10-02T06:59:31.3479710Z   MD_APPLE_SDK_ROOT: /Applications/Xcode_26.app
2025-10-02T06:59:31.3480560Z ##[endgroup]
2025-10-02T06:59:31.8471870Z 2025-10-02 06:59:31.846 xcodebuild[4031:17274] Writing error result bundle to /var/folders/q0/wmf37v850txck86cpnvwm_zw0000gn/T/ResultBundle_2025-02-10_06-59-0031.xcresult
2025-10-02T06:59:32.0180720Z xcodebuild: error: invalid option '-j3'
2025-10-02T06:59:32.0282310Z 
2025-10-02T06:59:32.0390590Z Usage: xcodebuild [-project <projectname>] [[-target <targetname>]...|-alltargets] [-configuration <configurationname>] [-arch <architecture>]... [-sdk [<sdkname>|<sdkpath>]] [-showBuildSettings [-json]] [<buildsetting>=<value>]... [<buildaction>]...
2025-10-02T06:59:32.0494380Z        xcodebuild [-project <projectname>] -scheme <schemeName> [-destination <destinationspecifier>]... [-configuration <configurationname>] [-arch <architecture>]... [-sdk [<sdkname>|<sdkpath>]] [-showBuildSettings [-json]] [-showdestinations] [<buildsetting>=<value>]... [<buildaction>]...
2025-10-02T06:59:32.0596820Z        xcodebuild -workspace <workspacename> -scheme <schemeName> [-destination <destinationspecifier>]... [-configuration <configurationname>] [-arch <architecture>]... [-sdk [<sdkname>|<sdkpath>]] [-showBuildSettings] [-showdestinations] [<buildsetting>=<value>]... [<buildaction>]...
2025-10-02T06:59:32.0698920Z        xcodebuild -version [-sdk [<sdkfullpath>|<sdkname>] [-json] [<infoitem>] ]
2025-10-02T06:59:32.0801370Z        xcodebuild -list [[-project <projectname>]|[-workspace <workspacename>]] [-json]
2025-10-02T06:59:32.0903120Z        xcodebuild -showsdks [-json]
2025-10-02T06:59:32.1004750Z        xcodebuild -exportArchive -archivePath <xcarchivepath> [-exportPath <destinationpath>] -exportOptionsPlist <plistpath>
2025-10-02T06:59:32.1106520Z        xcodebuild -exportNotarizedApp -archivePath <xcarchivepath> -exportPath <destinationpath>
2025-10-02T06:59:32.1208160Z        xcodebuild -exportLocalizations -localizationPath <path> -project <projectname> [-defaultLanguage <language>] [-exportLanguage <targetlanguage>... [-includeScreenshots]]
2025-10-02T06:59:32.1309770Z        xcodebuild -importLocalizations -localizationPath <path> -project <projectname> [-mergeImport]
2025-10-02T06:59:32.1391820Z        xcodebuild -resolvePackageDependencies [-project <projectname>|-workspace <workspacename>] -clonedSourcePackagesDirPath <path>
2025-10-02T06:59:32.1494750Z        xcodebuild -create-xcframework [-help] [-framework <path>] [-library <path> [-headers <path>]] -output <path>
2025-10-02T06:59:32.1604860Z        xcodebuild -downloadPlatform <iOS|watchOS|tvOS|visionOS>  [-exportPath <destinationpath> -buildVersion <osversion> -architectureVariant <universal|arm64>]
2025-10-02T06:59:32.1669750Z        xcodebuild -downloadAllPlatforms [-exportPath <destinationpath> -architectureVariant <universal|arm64>]
2025-10-02T06:59:32.1771290Z        xcodebuild -importPlatform <simruntimedmgpath>
2025-10-02T06:59:32.1872450Z        xcodebuild -downloadComponent <componenttype> [-exportPath <destinationpath> -buildVersion <assetversion>]
2025-10-02T06:59:32.1973980Z        xcodebuild -importComponent <componenttype> -importPath <bundlepath>
2025-10-02T06:59:32.2075770Z        xcodebuild -deleteComponent <componenttype>
2025-10-02T06:59:32.2176880Z        xcodebuild -showComponent <componenttype> [-json]
2025-10-02T06:59:32.2278750Z 
2025-10-02T06:59:32.2379580Z Options:
2025-10-02T06:59:32.2481590Z     -usage                                                   print brief usage
2025-10-02T06:59:32.2583070Z     -help                                                    print complete usage
2025-10-02T06:59:32.2685010Z     -verbose                                                 provide additional status output
2025-10-02T06:59:32.2786940Z     -license                                                 show the Xcode and SDK license agreements
2025-10-02T06:59:32.2884040Z     -checkFirstLaunchStatus                                  Check if any First Launch tasks need to be performed
2025-10-02T06:59:32.2989910Z     -runFirstLaunch                                          install packages and agree to the license. Add an `-checkForNewerComponents` flag to check for any additional Xcode Device support components.
2025-10-02T06:59:32.3094900Z     -downloadAllPlatforms                                    downloads a matching simulator runtime for every platform in this Xcode
2025-10-02T06:59:32.3196870Z     -prepareDeviceSupport                                    prepares the Device Support symbols folder for the device
2025-10-02T06:59:32.3296630Z     -downloadPlatform NAME                                   download the platform NAME
2025-10-02T06:59:32.3397790Z     -importPlatform DMG_Path                                 import the platform NAME
2025-10-02T06:59:32.3501160Z     -downloadComponent NAME                                  downloads the specified component. Supported component: MetalToolchain.
2025-10-02T06:59:32.3603450Z     -importComponent NAME                                    import the component NAME
2025-10-02T06:59:32.3704090Z     -deleteComponent NAME                                    delete the component NAME
2025-10-02T06:59:32.3805560Z     -showComponent NAME                                      show details for the specified component NAME
2025-10-02T06:59:32.3907740Z     -project NAME                                            build the project NAME
2025-10-02T06:59:32.4008970Z     -target NAME                                             build the target NAME
2025-10-02T06:59:32.4056540Z     -alltargets                                              build all targets
2025-10-02T06:59:32.4158530Z     -workspace NAME                                          build the workspace NAME
2025-10-02T06:59:32.4216030Z     -scheme NAME                                             build the scheme NAME
2025-10-02T06:59:32.4264830Z     -configuration NAME                                      use the build configuration NAME for building each target
2025-10-02T06:59:32.4366820Z     -xcconfig PATH                                           apply the build settings defined in the file at PATH as overrides
2025-10-02T06:59:32.4466760Z     -arch ARCH                                               build each target for the architecture ARCH; this will override architectures defined in the project
2025-10-02T06:59:32.4568550Z     -sdk SDK                                                 use SDK as the name or path of the base SDK when building the project
2025-10-02T06:59:32.4671630Z     -toolchain NAME                                          use the toolchain with identifier or name NAME
2025-10-02T06:59:32.4774960Z     -destination DESTINATIONSPECIFIER                        use the destination described by DESTINATIONSPECIFIER (a comma-separated set of key=value pairs describing the destination to use)
2025-10-02T06:59:32.4877460Z     -destination-timeout TIMEOUT                             wait for TIMEOUT seconds while searching for the destination device
2025-10-02T06:59:32.4979200Z     -parallelizeTargets                                      build independent targets in parallel
2025-10-02T06:59:32.5013370Z     -jobs NUMBER                                             specify the maximum number of concurrent build operations
2025-10-02T06:59:32.5114500Z     -maximum-concurrent-test-device-destinations NUMBER      the maximum number of device destinations to test on concurrently
2025-10-02T06:59:32.5216740Z     -maximum-concurrent-test-simulator-destinations NUMBER   the maximum number of simulator destinations to test on concurrently
2025-10-02T06:59:32.5319110Z     -parallel-testing-enabled YES|NO                         overrides the per-target setting in the scheme
2025-10-02T06:59:32.5421580Z     -parallel-testing-worker-count NUMBER                    the exact number of test runners that will be spawned during parallel testing
2025-10-02T06:59:32.5524400Z     -maximum-parallel-testing-workers NUMBER                 the maximum number of test runners that will be spawned during parallel testing
2025-10-02T06:59:32.5626730Z     -dry-run                                                 do everything except actually running the commands
2025-10-02T06:59:32.5723220Z     -quiet                                                   do not print any output except for warnings and errors
2025-10-02T06:59:32.5724570Z     -hideShellScriptEnvironment                              don't show shell script environment variables in build log
2025-10-02T06:59:32.5803180Z     -showsdks                                                display a compact list of the installed SDKs
2025-10-02T06:59:32.5829530Z     -showdestinations                                        display a list of destinations
2025-10-02T06:59:32.5931590Z     -showTestPlans                                           display a list of test plans
2025-10-02T06:59:32.6037690Z     -showBuildSettings                                       display a list of build settings and values
2025-10-02T06:59:32.6042930Z     -showBuildSettingsForIndex                               display build settings for the index service
2025-10-02T06:59:32.6140360Z     -list                                                    lists the targets and configurations in a project, or the schemes in a workspace
2025-10-02T06:59:32.6242530Z     -find-executable NAME                                    display the full path to executable NAME in the provided SDK and toolchain
2025-10-02T06:59:32.6245630Z     -find-library NAME                                       display the full path to library NAME in the provided SDK and toolchain
2025-10-02T06:59:32.6347510Z     -version                                                 display the version of Xcode; with -sdk will display info about one or all installed SDKs
2025-10-02T06:59:32.6449740Z     -enableAddressSanitizer YES|NO                           turn the address sanitizer on or off
2025-10-02T06:59:32.6552780Z     -enableThreadSanitizer YES|NO                            turn the thread sanitizer on or off
2025-10-02T06:59:32.6655530Z     -enableUndefinedBehaviorSanitizer YES|NO                 turn the undefined behavior sanitizer on or off
2025-10-02T06:59:32.6757510Z     -resultBundlePath PATH                                   specifies the directory where a result bundle describing what occurred will be placed
2025-10-02T06:59:32.6797750Z     -resultStreamPath PATH                                   specifies the file where a result stream will be written to (the file must already exist)
2025-10-02T06:59:32.6899650Z     -resultBundleVersion 3 [default]                         specifies which result bundle version should be used
2025-10-02T06:59:32.6936550Z     -clonedSourcePackagesDirPath PATH                        specifies the directory to which remote source packages are fetch or expected to be found
2025-10-02T06:59:32.6940590Z     -derivedDataPath PATH                                    specifies the directory where build products and other derived data will go
2025-10-02T06:59:32.6967420Z     -archivePath PATH                                        specifies the directory where any created archives will be placed, or the archive that should be exported
2025-10-02T06:59:32.7070050Z     -exportArchive                                           specifies that an archive should be exported
2025-10-02T06:59:32.7172570Z     -exportNotarizedApp                                      export an archive that has been notarized by Apple
2025-10-02T06:59:32.7274360Z     -exportOptionsPlist PATH                                 specifies a path to a plist file that configures archive exporting
2025-10-02T06:59:32.7375620Z     -enableCodeCoverage YES|NO                               turn code coverage on or off when testing
2025-10-02T06:59:32.7470380Z     -exportPath PATH                                         specifies the destination for the product exported from an archive
2025-10-02T06:59:32.7571500Z     -importPath PATH                                         specifies the source location for the product that will be imported
2025-10-02T06:59:32.7673860Z     -skipUnavailableActions                                  specifies that scheme actions that cannot be performed should be skipped instead of causing a failure
2025-10-02T06:59:32.7777450Z     -exportLocalizations                                     exports completed and outstanding project localizations
2025-10-02T06:59:32.7880480Z     -importLocalizations                                     imports localizations for a project, assuming any necessary localized resources have been created in Xcode
2025-10-02T06:59:32.7980920Z     -localizationPath                                        specifies a path to XLIFF localization files
2025-10-02T06:59:32.8086120Z     -exportLanguage                                          specifies multiple optional ISO 639-1 languages included in a localization export
2025-10-02T06:59:32.8183360Z     -defaultLanguage                                         specifies the default ISO 639-1 language to be used as the source language on export
2025-10-02T06:59:32.8285770Z     -xctestrun                                               specifies a path to a test run specification
2025-10-02T06:59:32.8387570Z     -testProductsPath                                        specifies a path for the test products
2025-10-02T06:59:32.8489090Z     -enablePerformanceTestsDiagnostics YES|NO                enables performance trace and memgraph collection for performance XCTests
2025-10-02T06:59:32.8589490Z     -testPlan                                                specifies the name of the test plan associated with the scheme to use for testing
2025-10-02T06:59:32.8692120Z     -only-testing                                            constrains testing by specifying tests to include, and excluding other tests
2025-10-02T06:59:32.8794870Z     -only-testing:TEST-IDENTIFIER                            constrains testing by specifying tests to include, and excluding other tests
2025-10-02T06:59:32.8897330Z     -skip-testing                                            constrains testing by specifying tests to exclude, but including other tests
2025-10-02T06:59:32.9001210Z     -skip-testing:TEST-IDENTIFIER                            constrains testing by specifying tests to exclude, but including other tests
2025-10-02T06:59:32.9104070Z     -test-timeouts-enabled YES|NO                            enable or disable test timeout behavior
2025-10-02T06:59:32.9206320Z     -default-test-execution-time-allowance SECONDS           the default execution time an individual test is given to execute, if test timeouts are enabled
2025-10-02T06:59:32.9308210Z     -maximum-test-execution-time-allowance SECONDS           the maximum execution time an individual test is given to execute, regardless of the test's preferred allowance
2025-10-02T06:59:32.9410300Z     -test-iterations <number>                                If specified, tests will run <number> times. May be used in conjunction with either -retry-tests-on-failure or -run-tests-until-failure, in which case this will become the maximum number of iterations.
2025-10-02T06:59:32.9514270Z     -retry-tests-on-failure                                  If specified, tests will retry on failure. May be used in conjunction with -test-iterations <number>, in which case <number> will be the maximum number of iterations. Otherwise, a maximum of 3 is assumed. May not be used with -run-tests-until-failure.
2025-10-02T06:59:32.9618400Z     -run-tests-until-failure                                 If specified, tests will run until they fail. May be used in conjunction with -test-iterations <number>, in which case <number> will be the maximum number of iterations. Otherwise, a maximum of 100 is assumed. May not be used with -retry-tests-on-failure.
2025-10-02T06:59:32.9720500Z     -test-repetition-relaunch-enabled YES|NO                 Enable or disable, tests repeating in a new process for each repetition.  Must be used in conjunction with -test-iterations, -retry-tests-on-failure, or -run-tests-until-failure. If not specified, tests will repeat in the same process.
2025-10-02T06:59:32.9822570Z     -only-test-configuration                                 constrains testing by specifying test configurations to include, and excluding other test configurations
2025-10-02T06:59:32.9924380Z     -skip-test-configuration                                 constrains testing by specifying test configurations to exclude, but including other test configurations
2025-10-02T06:59:32.9968690Z     -collect-test-diagnostics on-failure|never               Whether or not testing collects verbose diagnostics (like a sysdiagnose) when encountering a failure
2025-10-02T06:59:32.9987130Z     -testLanguage                                            constrains testing by specifying ISO 639-1 language in which to run the tests
2025-10-02T06:59:33.0013120Z     -testRegion                                              constrains testing by specifying ISO 3166-1 region in which to run the tests
2025-10-02T06:59:33.0015080Z     -enumerate-tests                                         Enumerate the tests that would be executed by this command without actually executing them
2025-10-02T06:59:33.0022510Z     -test-enumeration-style                                  The style in which to enumerate the tests. Valid styles: flat, hierarchical
2025-10-02T06:59:33.0031680Z     -test-enumeration-format                                 The output format of the enumerated tests. Valid formats: text, json
2025-10-02T06:59:33.0067590Z     -test-enumeration-output-path                            The path (relative or absolute) where the results of test enumeration should be written. If '-' is supplied, writes to standard out.
2025-10-02T06:59:33.0091090Z     -resolvePackageDependencies                              resolves any Swift package dependencies referenced by the project or workspace
2025-10-02T06:59:33.0136460Z     -disableAutomaticPackageResolution                       prevents packages from automatically being resolved to versions other than those recorded in the `Package.resolved` file
2025-10-02T06:59:33.0240060Z     -onlyUsePackageVersionsFromResolvedFile                  prevents packages from automatically being resolved to versions other than those recorded in the `Package.resolved` file
2025-10-02T06:59:33.0261470Z     -skipPackageUpdates                                      Skip updating package dependencies from their remote
2025-10-02T06:59:33.0266650Z     -disablePackageRepositoryCache                           disable use of a local cache of remote package repositories
2025-10-02T06:59:33.0267830Z     -skipPackagePluginValidation                             Skip validation of package plugins (this can be a security risk if they are not from trusted sources)
2025-10-02T06:59:33.0268760Z     -skipMacroValidation                                     Skip validation of macros (this can be a security risk if they are not from trusted sources)
2025-10-02T06:59:33.0352160Z     -packageCachePath                                        path of caches used for package support
2025-10-02T06:59:33.0354650Z     -packageAuthorizationProvider keychain|netrc             Specify the credential store to be used when resolving packages
2025-10-02T06:59:33.0355360Z     -defaultPackageRegistryURL                               URL of the default package registry
2025-10-02T06:59:33.0356270Z     -packageDependencySCMToRegistryTransformation            specifies the transformation to apply to SCM-based package dependencies (none, useRegistryIdentity, or useRegistryIdentityAndSources)
2025-10-02T06:59:33.0458280Z     -skipPackageSignatureValidation                          Skip validation of package signatures (this can be a security risk if they are not from trusted sources)
2025-10-02T06:59:33.0498540Z     -packageFingerprintPolicy                                Package fingerprint checking policy (`warn` or `strict`)
2025-10-02T06:59:33.0599760Z     -packageSigningEntityPolicy                              Package signing entity checking policy (`warn` or `strict`)
2025-10-02T06:59:33.0700970Z     -json                                                    output as JSON (note: -json implies -quiet)
2025-10-02T06:59:33.0732710Z     -allowProvisioningUpdates                                Allow xcodebuild to communicate with the Apple Developer website. For automatically signed targets, xcodebuild will create and update profiles, app IDs, and certificates. For manually signed targets, xcodebuild will download missing or updated provisioning profiles. Requires a developer account to have been added in Xcode's Accounts settings or an App Store Connect authentication key to be specified via the -authenticationKeyPath, -authenticationKeyID, and -authenticationKeyIssuerID parameters.
2025-10-02T06:59:33.0759900Z     -allowProvisioningDeviceRegistration                     Allow xcodebuild to register your destination device on the developer portal if necessary. This flag only takes effect if -allowProvisioningUpdates is also passed.
2025-10-02T06:59:33.0861790Z     -authenticationKeyPath                                   specifies the path to an authentication key issued by App Store Connect. If specified, xcodebuild will authenticate with the Apple Developer website using this credential. The -authenticationKeyID and -authenticationKeyIssuerID parameters are required.
2025-10-02T06:59:33.0963950Z     -authenticationKeyID                                     specifies the key identifier associated with the App Store Conect authentication key at -authenticationKeyPath. This string can be located in the users and access details for your provider at "https://appstoreconnect.apple.com".
2025-10-02T06:59:33.1066040Z     -authenticationKeyIssuerID                               specifies the App Store Connect issuer identifier associated with the authentication key at -authenticationKeyPath. This string can be located in the users and access details for your provider at "https://appstoreconnect.apple.com".
2025-10-02T06:59:33.1168080Z     -scmProvider                                             which implementation to use for Git operations (system/xcode)
2025-10-02T06:59:33.1231510Z     -showBuildTimingSummary                                  display a report of the timings of all the commands invoked during the build
2025-10-02T06:59:33.1299710Z     -create-xcframework                                      create an xcframework from prebuilt libraries; -help for more information.
2025-10-02T06:59:33.1306680Z ##[error]Process completed with exit code 64.
2025-10-02T06:59:33.1449240Z Post job cleanup.
2025-10-02T06:59:33.5606430Z [command]/opt/homebrew/bin/git version
2025-10-02T06:59:33.6410130Z git version 2.50.1
2025-10-02T06:59:33.6917800Z Copying '/Users/runner/.gitconfig' to '/Users/runner/work/_temp/5a93b9c9-2767-4ad5-984d-28317d394f21/.gitconfig'
2025-10-02T06:59:33.7018540Z Temporarily overriding HOME='/Users/runner/work/_temp/5a93b9c9-2767-4ad5-984d-28317d394f21' before making global git config changes
2025-10-02T06:59:33.7121010Z Adding repository directory to the temporary git global config as a safe directory
2025-10-02T06:59:33.7221190Z [command]/opt/homebrew/bin/git config --global --add safe.directory /Users/runner/work/VersionTools/VersionTools
2025-10-02T06:59:33.7535820Z [command]/opt/homebrew/bin/git config --local --name-only --get-regexp core\.sshCommand
2025-10-02T06:59:33.7851700Z [command]/opt/homebrew/bin/git submodule foreach --recursive sh -c "git config --local --name-only --get-regexp 'core\.sshCommand' && git config --local --unset-all 'core.sshCommand' || :"
2025-10-02T06:59:33.8805420Z [command]/opt/homebrew/bin/git config --local --name-only --get-regexp http\.https\:\/\/github\.com\/\.extraheader
2025-10-02T06:59:33.8906570Z http.https://github.com/.extraheader
2025-10-02T06:59:33.9209070Z [command]/opt/homebrew/bin/git config --local --unset-all http.https://github.com/.extraheader
2025-10-02T06:59:33.9432700Z [command]/opt/homebrew/bin/git submodule foreach --recursive sh -c "git config --local --name-only --get-regexp 'http\.https\:\/\/github\.com\/\.extraheader' && git config --local --unset-all 'http.https://github.com/.extraheader' || :"
2025-10-02T06:59:34.1149170Z Cleaning up orphan processes
