2025-09-29T03:46:45.4098865Z Current runner version: '2.328.0'
2025-09-29T03:46:45.4133037Z ##[group]Runner Image Provisioner
2025-09-29T03:46:45.4134197Z Hosted Compute Agent
2025-09-29T03:46:45.4135148Z Version: 20250912.392
2025-09-29T03:46:45.4136419Z Commit: d921fda672a98b64f4f82364647e2f10b2267d0b
2025-09-29T03:46:45.4137640Z Build Date: 2025-09-12T15:23:14Z
2025-09-29T03:46:45.4138696Z ##[endgroup]
2025-09-29T03:46:45.4139616Z ##[group]Operating System
2025-09-29T03:46:45.4140551Z Ubuntu
2025-09-29T03:46:45.4141517Z 24.04.3
2025-09-29T03:46:45.4142315Z LTS
2025-09-29T03:46:45.4143064Z ##[endgroup]
2025-09-29T03:46:45.4144001Z ##[group]Runner Image
2025-09-29T03:46:45.4144971Z Image: ubuntu-24.04
2025-09-29T03:46:45.4145960Z Version: 20250922.53.1
2025-09-29T03:46:45.4147911Z Included Software: https://github.com/actions/runner-images/blob/ubuntu24/20250922.53/images/ubuntu/Ubuntu2404-Readme.md
2025-09-29T03:46:45.4150607Z Image Release: https://github.com/actions/runner-images/releases/tag/ubuntu24%2F20250922.53
2025-09-29T03:46:45.4152486Z ##[endgroup]
2025-09-29T03:46:45.4157556Z ##[group]GITHUB_TOKEN Permissions
2025-09-29T03:46:45.4160450Z Actions: write
2025-09-29T03:46:45.4161869Z Attestations: write
2025-09-29T03:46:45.4162904Z Checks: write
2025-09-29T03:46:45.4163678Z Contents: write
2025-09-29T03:46:45.4164638Z Deployments: write
2025-09-29T03:46:45.4165738Z Discussions: write
2025-09-29T03:46:45.4166657Z Issues: write
2025-09-29T03:46:45.4167544Z Metadata: read
2025-09-29T03:46:45.4168493Z Models: read
2025-09-29T03:46:45.4169239Z Packages: write
2025-09-29T03:46:45.4170169Z Pages: write
2025-09-29T03:46:45.4171007Z PullRequests: write
2025-09-29T03:46:45.4171949Z RepositoryProjects: write
2025-09-29T03:46:45.4173127Z SecurityEvents: write
2025-09-29T03:46:45.4174224Z Statuses: write
2025-09-29T03:46:45.4175109Z ##[endgroup]
2025-09-29T03:46:45.4178768Z Secret source: Actions
2025-09-29T03:46:45.4180406Z Prepare workflow directory
2025-09-29T03:46:45.4747358Z Prepare all required actions
2025-09-29T03:46:45.4805285Z Getting action download info
2025-09-29T03:46:45.6996565Z Download action repository 'actions/checkout@v4' (SHA:08eba0b27e820071cde6df949e0beb9ba4906955)
2025-09-29T03:46:45.7744324Z Download action repository 'actions/upload-artifact@v4' (SHA:ea165f8d65b6e75b540449e92b4886f43607fa02)
2025-09-29T03:46:45.9617526Z Complete job name: Build Linux
2025-09-29T03:46:46.0283746Z ##[group]Run actions/checkout@v4
2025-09-29T03:46:46.0284560Z with:
2025-09-29T03:46:46.0284944Z   fetch-depth: 0
2025-09-29T03:46:46.0285344Z   submodules: recursive
2025-09-29T03:46:46.0286208Z   repository: Leizi-the-Thunderbringer/VersionTools
2025-09-29T03:46:46.0286948Z   token: ***
2025-09-29T03:46:46.0287319Z   ssh-strict: true
2025-09-29T03:46:46.0287714Z   ssh-user: git
2025-09-29T03:46:46.0288107Z   persist-credentials: true
2025-09-29T03:46:46.0288546Z   clean: true
2025-09-29T03:46:46.0288938Z   sparse-checkout-cone-mode: true
2025-09-29T03:46:46.0289411Z   fetch-tags: false
2025-09-29T03:46:46.0289799Z   show-progress: true
2025-09-29T03:46:46.0290218Z   lfs: false
2025-09-29T03:46:46.0290595Z   set-safe-directory: true
2025-09-29T03:46:46.0291313Z env:
2025-09-29T03:46:46.0291673Z   CMAKE_VERSION: 3.20.0
2025-09-29T03:46:46.0292094Z   QT_VERSION: 6.5.0
2025-09-29T03:46:46.0292476Z ##[endgroup]
2025-09-29T03:46:46.1336329Z Syncing repository: Leizi-the-Thunderbringer/VersionTools
2025-09-29T03:46:46.1338102Z ##[group]Getting Git version info
2025-09-29T03:46:46.1338845Z Working directory is '/home/runner/work/VersionTools/VersionTools'
2025-09-29T03:46:46.1339864Z [command]/usr/bin/git version
2025-09-29T03:46:46.1379801Z git version 2.51.0
2025-09-29T03:46:46.1405855Z ##[endgroup]
2025-09-29T03:46:46.1426193Z Temporarily overriding HOME='/home/runner/work/_temp/c791377c-ae7d-4456-9448-5c619ebc3878' before making global git config changes
2025-09-29T03:46:46.1428320Z Adding repository directory to the temporary git global config as a safe directory
2025-09-29T03:46:46.1431414Z [command]/usr/bin/git config --global --add safe.directory /home/runner/work/VersionTools/VersionTools
2025-09-29T03:46:46.1464476Z Deleting the contents of '/home/runner/work/VersionTools/VersionTools'
2025-09-29T03:46:46.1468198Z ##[group]Initializing the repository
2025-09-29T03:46:46.1471912Z [command]/usr/bin/git init /home/runner/work/VersionTools/VersionTools
2025-09-29T03:46:46.1549911Z hint: Using 'master' as the name for the initial branch. This default branch name
2025-09-29T03:46:46.1551546Z hint: is subject to change. To configure the initial branch name to use in all
2025-09-29T03:46:46.1552966Z hint: of your new repositories, which will suppress this warning, call:
2025-09-29T03:46:46.1554047Z hint:
2025-09-29T03:46:46.1554529Z hint: 	git config --global init.defaultBranch <name>
2025-09-29T03:46:46.1555096Z hint:
2025-09-29T03:46:46.1555899Z hint: Names commonly chosen instead of 'master' are 'main', 'trunk' and
2025-09-29T03:46:46.1556797Z hint: 'development'. The just-created branch can be renamed via this command:
2025-09-29T03:46:46.1557490Z hint:
2025-09-29T03:46:46.1557881Z hint: 	git branch -m <name>
2025-09-29T03:46:46.1558439Z hint:
2025-09-29T03:46:46.1559344Z hint: Disable this message with "git config set advice.defaultBranchName false"
2025-09-29T03:46:46.1560355Z Initialized empty Git repository in /home/runner/work/VersionTools/VersionTools/.git/
2025-09-29T03:46:46.1564221Z [command]/usr/bin/git remote add origin https://github.com/Leizi-the-Thunderbringer/VersionTools
2025-09-29T03:46:46.1598672Z ##[endgroup]
2025-09-29T03:46:46.1599375Z ##[group]Disabling automatic garbage collection
2025-09-29T03:46:46.1602511Z [command]/usr/bin/git config --local gc.auto 0
2025-09-29T03:46:46.1630231Z ##[endgroup]
2025-09-29T03:46:46.1630892Z ##[group]Setting up auth
2025-09-29T03:46:46.1637008Z [command]/usr/bin/git config --local --name-only --get-regexp core\.sshCommand
2025-09-29T03:46:46.1666230Z [command]/usr/bin/git submodule foreach --recursive sh -c "git config --local --name-only --get-regexp 'core\.sshCommand' && git config --local --unset-all 'core.sshCommand' || :"
2025-09-29T03:46:46.1931094Z [command]/usr/bin/git config --local --name-only --get-regexp http\.https\:\/\/github\.com\/\.extraheader
2025-09-29T03:46:46.1960721Z [command]/usr/bin/git submodule foreach --recursive sh -c "git config --local --name-only --get-regexp 'http\.https\:\/\/github\.com\/\.extraheader' && git config --local --unset-all 'http.https://github.com/.extraheader' || :"
2025-09-29T03:46:46.2178463Z [command]/usr/bin/git config --local http.https://github.com/.extraheader AUTHORIZATION: basic ***
2025-09-29T03:46:46.2213451Z ##[endgroup]
2025-09-29T03:46:46.2214667Z ##[group]Fetching the repository
2025-09-29T03:46:46.2223320Z [command]/usr/bin/git -c protocol.version=2 fetch --prune --no-recurse-submodules origin +refs/heads/*:refs/remotes/origin/* +refs/tags/*:refs/tags/*
2025-09-29T03:46:46.7194549Z From https://github.com/Leizi-the-Thunderbringer/VersionTools
2025-09-29T03:46:46.7196732Z  * [new branch]      add-claude-github-actions-1758812080389 -> origin/add-claude-github-actions-1758812080389
2025-09-29T03:46:46.7198273Z  * [new branch]      main       -> origin/main
2025-09-29T03:46:46.7199103Z  * [new tag]         v1.0.0     -> v1.0.0
2025-09-29T03:46:46.7232518Z [command]/usr/bin/git branch --list --remote origin/main
2025-09-29T03:46:46.7256553Z   origin/main
2025-09-29T03:46:46.7266676Z [command]/usr/bin/git rev-parse refs/remotes/origin/main
2025-09-29T03:46:46.7287137Z 0bdddcefc855ecdc216be73d9acadcf991f71e58
2025-09-29T03:46:46.7293766Z ##[endgroup]
2025-09-29T03:46:46.7295664Z ##[group]Determining the checkout info
2025-09-29T03:46:46.7297250Z ##[endgroup]
2025-09-29T03:46:46.7298400Z [command]/usr/bin/git sparse-checkout disable
2025-09-29T03:46:46.7336544Z [command]/usr/bin/git config --local --unset-all extensions.worktreeConfig
2025-09-29T03:46:46.7364476Z ##[group]Checking out the ref
2025-09-29T03:46:46.7368156Z [command]/usr/bin/git checkout --progress --force -B main refs/remotes/origin/main
2025-09-29T03:46:46.7846344Z Switched to a new branch 'main'
2025-09-29T03:46:46.7848371Z branch 'main' set up to track 'origin/main'.
2025-09-29T03:46:46.7862579Z ##[endgroup]
2025-09-29T03:46:46.7865016Z ##[group]Setting up auth for fetching submodules
2025-09-29T03:46:46.7868368Z [command]/usr/bin/git config --global http.https://github.com/.extraheader AUTHORIZATION: basic ***
2025-09-29T03:46:46.7905811Z [command]/usr/bin/git config --global --unset-all url.https://github.com/.insteadOf
2025-09-29T03:46:46.7934334Z [command]/usr/bin/git config --global --add url.https://github.com/.insteadOf git@github.com:
2025-09-29T03:46:46.7964195Z [command]/usr/bin/git config --global --add url.https://github.com/.insteadOf org-227833005@github.com:
2025-09-29T03:46:46.7991759Z ##[endgroup]
2025-09-29T03:46:46.7994479Z ##[group]Fetching submodules
2025-09-29T03:46:46.7996845Z [command]/usr/bin/git submodule sync --recursive
2025-09-29T03:46:46.8214079Z [command]/usr/bin/git -c protocol.version=2 submodule update --init --force --recursive
2025-09-29T03:46:46.8432869Z [command]/usr/bin/git submodule foreach --recursive git config --local gc.auto 0
2025-09-29T03:46:46.8644691Z ##[endgroup]
2025-09-29T03:46:46.8647849Z ##[group]Persisting credentials for submodules
2025-09-29T03:46:46.8652905Z [command]/usr/bin/git submodule foreach --recursive sh -c "git config --local --name-only --get-regexp 'url\.https\:\/\/github\.com\/\.insteadOf' && git config --local --unset-all 'url.https://github.com/.insteadOf' || :"
2025-09-29T03:46:46.8869832Z [command]/usr/bin/git submodule foreach --recursive sh -c "git config --local 'http.https://github.com/.extraheader' 'AUTHORIZATION: basic ***' && git config --local --show-origin --name-only --get-regexp remote.origin.url"
2025-09-29T03:46:46.9080047Z [command]/usr/bin/git submodule foreach --recursive git config --local --add 'url.https://github.com/.insteadOf' 'git@github.com:'
2025-09-29T03:46:46.9301132Z [command]/usr/bin/git submodule foreach --recursive git config --local --add 'url.https://github.com/.insteadOf' 'org-227833005@github.com:'
2025-09-29T03:46:46.9527579Z ##[endgroup]
2025-09-29T03:46:46.9563894Z [command]/usr/bin/git log -1 --format=%H
2025-09-29T03:46:46.9586391Z 0bdddcefc855ecdc216be73d9acadcf991f71e58
2025-09-29T03:46:46.9789528Z ##[group]Run sudo apt-get update
2025-09-29T03:46:46.9790759Z [36;1msudo apt-get update[0m
2025-09-29T03:46:46.9791864Z [36;1msudo apt-get install -y \[0m
2025-09-29T03:46:46.9793011Z [36;1m  build-essential \[0m
2025-09-29T03:46:46.9794002Z [36;1m  cmake \[0m
2025-09-29T03:46:46.9794899Z [36;1m  ninja-build \[0m
2025-09-29T03:46:46.9796166Z [36;1m  libgit2-dev \[0m
2025-09-29T03:46:46.9797156Z [36;1m  qt6-base-dev \[0m
2025-09-29T03:46:46.9798157Z [36;1m  qt6-tools-dev \[0m
2025-09-29T03:46:46.9799192Z [36;1m  qt6-tools-dev-tools \[0m
2025-09-29T03:46:46.9800282Z [36;1m  libgl1-mesa-dev[0m
2025-09-29T03:46:46.9838167Z shell: /usr/bin/bash -e {0}
2025-09-29T03:46:46.9839192Z env:
2025-09-29T03:46:46.9839949Z   CMAKE_VERSION: 3.20.0
2025-09-29T03:46:46.9840860Z   QT_VERSION: 6.5.0
2025-09-29T03:46:46.9841703Z ##[endgroup]
2025-09-29T03:46:47.0634565Z Get:1 file:/etc/apt/apt-mirrors.txt Mirrorlist [144 B]
2025-09-29T03:46:47.1062701Z Hit:6 https://packages.microsoft.com/repos/azure-cli noble InRelease
2025-09-29T03:46:47.1077659Z Get:7 https://packages.microsoft.com/ubuntu/24.04/prod noble InRelease [3600 B]
2025-09-29T03:46:47.1089392Z Hit:2 http://azure.archive.ubuntu.com/ubuntu noble InRelease
2025-09-29T03:46:47.1105399Z Get:3 http://azure.archive.ubuntu.com/ubuntu noble-updates InRelease [126 kB]
2025-09-29T03:46:47.1171029Z Get:4 http://azure.archive.ubuntu.com/ubuntu noble-backports InRelease [126 kB]
2025-09-29T03:46:47.1180653Z Get:5 http://azure.archive.ubuntu.com/ubuntu noble-security InRelease [126 kB]
2025-09-29T03:46:47.3166277Z Get:8 http://azure.archive.ubuntu.com/ubuntu noble-updates/main amd64 Packages [1443 kB]
2025-09-29T03:46:47.3343772Z Get:9 http://azure.archive.ubuntu.com/ubuntu noble-updates/main Translation-en [282 kB]
2025-09-29T03:46:47.3376826Z Get:10 http://azure.archive.ubuntu.com/ubuntu noble-updates/main amd64 Components [175 kB]
2025-09-29T03:46:47.3400072Z Get:11 http://azure.archive.ubuntu.com/ubuntu noble-updates/main amd64 c-n-f Metadata [15.3 kB]
2025-09-29T03:46:47.3410115Z Get:12 http://azure.archive.ubuntu.com/ubuntu noble-updates/universe amd64 Packages [1485 kB]
2025-09-29T03:46:47.3512484Z Get:13 http://azure.archive.ubuntu.com/ubuntu noble-updates/universe Translation-en [299 kB]
2025-09-29T03:46:47.3545376Z Get:14 http://azure.archive.ubuntu.com/ubuntu noble-updates/universe amd64 Components [378 kB]
2025-09-29T03:46:47.3580406Z Get:15 http://azure.archive.ubuntu.com/ubuntu noble-updates/universe amd64 c-n-f Metadata [31.0 kB]
2025-09-29T03:46:47.3591899Z Get:16 http://azure.archive.ubuntu.com/ubuntu noble-updates/restricted amd64 Packages [1957 kB]
2025-09-29T03:46:47.3756185Z Get:17 http://azure.archive.ubuntu.com/ubuntu noble-updates/restricted Translation-en [441 kB]
2025-09-29T03:46:47.4239191Z Get:41 https://packages.microsoft.com/ubuntu/24.04/prod noble/main arm64 Packages [39.5 kB]
2025-09-29T03:46:47.4254457Z Get:18 http://azure.archive.ubuntu.com/ubuntu noble-updates/restricted amd64 Components [212 B]
2025-09-29T03:46:47.4278083Z Get:19 http://azure.archive.ubuntu.com/ubuntu noble-updates/multiverse amd64 Components [940 B]
2025-09-29T03:46:47.4293196Z Get:43 https://packages.microsoft.com/ubuntu/24.04/prod noble/main amd64 Packages [57.1 kB]
2025-09-29T03:46:47.4304892Z Get:20 http://azure.archive.ubuntu.com/ubuntu noble-backports/main amd64 Packages [40.4 kB]
2025-09-29T03:46:47.4315987Z Get:21 http://azure.archive.ubuntu.com/ubuntu noble-backports/main Translation-en [9208 B]
2025-09-29T03:46:47.4337015Z Get:22 http://azure.archive.ubuntu.com/ubuntu noble-backports/main amd64 Components [7124 B]
2025-09-29T03:46:47.4347342Z Get:23 http://azure.archive.ubuntu.com/ubuntu noble-backports/main amd64 c-n-f Metadata [368 B]
2025-09-29T03:46:47.4367768Z Get:24 http://azure.archive.ubuntu.com/ubuntu noble-backports/universe amd64 Packages [28.9 kB]
2025-09-29T03:46:47.4385807Z Get:25 http://azure.archive.ubuntu.com/ubuntu noble-backports/universe Translation-en [17.5 kB]
2025-09-29T03:46:47.4409601Z Get:26 http://azure.archive.ubuntu.com/ubuntu noble-backports/universe amd64 Components [11.0 kB]
2025-09-29T03:46:47.4420469Z Get:27 http://azure.archive.ubuntu.com/ubuntu noble-backports/universe amd64 c-n-f Metadata [1444 B]
2025-09-29T03:46:47.4452819Z Get:28 http://azure.archive.ubuntu.com/ubuntu noble-backports/restricted amd64 Components [216 B]
2025-09-29T03:46:47.4478935Z Get:29 http://azure.archive.ubuntu.com/ubuntu noble-backports/multiverse amd64 Components [212 B]
2025-09-29T03:46:47.4491344Z Get:30 http://azure.archive.ubuntu.com/ubuntu noble-security/main amd64 Packages [1171 kB]
2025-09-29T03:46:47.4586657Z Get:31 http://azure.archive.ubuntu.com/ubuntu noble-security/main Translation-en [198 kB]
2025-09-29T03:46:47.5041230Z Get:32 http://azure.archive.ubuntu.com/ubuntu noble-security/main amd64 Components [21.5 kB]
2025-09-29T03:46:47.5054411Z Get:33 http://azure.archive.ubuntu.com/ubuntu noble-security/main amd64 c-n-f Metadata [8744 B]
2025-09-29T03:46:47.5062036Z Get:34 http://azure.archive.ubuntu.com/ubuntu noble-security/universe amd64 Packages [880 kB]
2025-09-29T03:46:47.5132219Z Get:35 http://azure.archive.ubuntu.com/ubuntu noble-security/universe Translation-en [195 kB]
2025-09-29T03:46:47.5162362Z Get:36 http://azure.archive.ubuntu.com/ubuntu noble-security/universe amd64 Components [52.3 kB]
2025-09-29T03:46:47.5170495Z Get:37 http://azure.archive.ubuntu.com/ubuntu noble-security/universe amd64 c-n-f Metadata [18.0 kB]
2025-09-29T03:46:47.5186659Z Get:38 http://azure.archive.ubuntu.com/ubuntu noble-security/restricted amd64 Packages [1872 kB]
2025-09-29T03:46:47.5288100Z Get:39 http://azure.archive.ubuntu.com/ubuntu noble-security/restricted Translation-en [423 kB]
2025-09-29T03:46:47.5325673Z Get:40 http://azure.archive.ubuntu.com/ubuntu noble-security/restricted amd64 Components [212 B]
2025-09-29T03:46:47.5341741Z Get:42 http://azure.archive.ubuntu.com/ubuntu noble-security/multiverse amd64 Components [208 B]
2025-09-29T03:46:55.7806073Z Fetched 11.9 MB in 1s (8127 kB/s)
2025-09-29T03:46:56.4927668Z Reading package lists...
2025-09-29T03:46:56.5256796Z Reading package lists...
2025-09-29T03:46:56.6832687Z Building dependency tree...
2025-09-29T03:46:56.6839828Z Reading state information...
2025-09-29T03:46:56.8477050Z The following additional packages will be installed:
2025-09-29T03:46:56.8478427Z   assistant-qt6 cmake-data designer-qt6 libb2-1 libclang-cpp15t64
2025-09-29T03:46:56.8479457Z   libclang1-15t64 libdouble-conversion3 libegl-dev libegl-mesa0 libegl1
2025-09-29T03:46:56.8480519Z   libgit2-1.7 libgl-dev libgles-dev libgles1 libgles2 libglvnd-core-dev
2025-09-29T03:46:56.8481668Z   libglvnd-dev libglx-dev libgumbo2 libhttp-parser-dev libhttp-parser2.9
2025-09-29T03:46:56.8482646Z   libinput-bin libinput10 libjsoncpp25 liblitehtml0t64 libllvm15t64 libmd4c0
2025-09-29T03:46:56.8483398Z   libmtdev1t64 libopengl-dev libopengl0 libproxy1v5 libpthread-stubs0-dev
2025-09-29T03:46:56.8484408Z   libqt6concurrent6t64 libqt6core6t64 libqt6dbus6t64 libqt6designer6
2025-09-29T03:46:56.8485304Z   libqt6designercomponents6 libqt6gui6t64 libqt6help6 libqt6network6t64
2025-09-29T03:46:56.8486441Z   libqt6opengl6t64 libqt6openglwidgets6t64 libqt6printsupport6t64 libqt6qml6
2025-09-29T03:46:56.8487070Z   libqt6qmlmodels6 libqt6quick6 libqt6quickwidgets6 libqt6sql6-sqlite
2025-09-29T03:46:56.8487596Z   libqt6sql6t64 libqt6test6t64 libqt6uitools6 libqt6waylandclient6
2025-09-29T03:46:56.8488111Z   libqt6waylandcompositor6 libqt6waylandeglclienthwintegration6
2025-09-29T03:46:56.8488625Z   libqt6waylandeglcompositorhwintegration6 libqt6widgets6t64
2025-09-29T03:46:56.8489185Z   libqt6wlshellintegration6 libqt6xml6t64 librhash0 libssh2-1-dev libts0t64
2025-09-29T03:46:56.8489861Z   libvulkan-dev libwacom-common libwacom9 libx11-dev libxau-dev libxcb-icccm4
2025-09-29T03:46:56.8490459Z   libxcb-image0 libxcb-keysyms1 libxcb-render-util0 libxcb-shape0 libxcb-util1
2025-09-29T03:46:56.8491052Z   libxcb-xkb1 libxcb1-dev libxdmcp-dev libxkbcommon-x11-0 linguist-qt6
2025-09-29T03:46:56.8492202Z   qdbus-qt6 qmake6 qmake6-bin qt6-base-dev-tools qt6-documentation-tools
2025-09-29T03:46:56.8493140Z   qt6-gtk-platformtheme qt6-l10n-tools qt6-qpa-plugins qt6-translations-l10n
2025-09-29T03:46:56.8493681Z   qt6-wayland x11proto-dev xorg-sgml-doctools xtrans-dev
2025-09-29T03:46:56.8494169Z Suggested packages:
2025-09-29T03:46:56.8494565Z   cmake-doc cmake-format elpa-cmake-mode qt6-qmltooling-plugins libwacom-bin
2025-09-29T03:46:56.8495078Z   libx11-doc libxcb-doc
2025-09-29T03:46:56.8853915Z The following NEW packages will be installed:
2025-09-29T03:46:56.8855085Z   assistant-qt6 build-essential cmake cmake-data designer-qt6 libb2-1
2025-09-29T03:46:56.8856327Z   libclang-cpp15t64 libclang1-15t64 libdouble-conversion3 libegl-dev
2025-09-29T03:46:56.8857300Z   libegl-mesa0 libegl1 libgit2-1.7 libgit2-dev libgl-dev libgl1-mesa-dev
2025-09-29T03:46:56.8858256Z   libgles-dev libgles1 libgles2 libglvnd-core-dev libglvnd-dev libglx-dev
2025-09-29T03:46:56.8859203Z   libgumbo2 libhttp-parser-dev libhttp-parser2.9 libinput-bin libinput10
2025-09-29T03:46:56.8860094Z   libjsoncpp25 liblitehtml0t64 libllvm15t64 libmd4c0 libmtdev1t64
2025-09-29T03:46:56.8860872Z   libopengl-dev libopengl0 libproxy1v5 libpthread-stubs0-dev
2025-09-29T03:46:56.8861763Z   libqt6concurrent6t64 libqt6core6t64 libqt6dbus6t64 libqt6designer6
2025-09-29T03:46:56.8862464Z   libqt6designercomponents6 libqt6gui6t64 libqt6help6 libqt6network6t64
2025-09-29T03:46:56.8863192Z   libqt6opengl6t64 libqt6openglwidgets6t64 libqt6printsupport6t64 libqt6qml6
2025-09-29T03:46:56.8863901Z   libqt6qmlmodels6 libqt6quick6 libqt6quickwidgets6 libqt6sql6-sqlite
2025-09-29T03:46:56.8864503Z   libqt6sql6t64 libqt6test6t64 libqt6uitools6 libqt6waylandclient6
2025-09-29T03:46:56.8865018Z   libqt6waylandcompositor6 libqt6waylandeglclienthwintegration6
2025-09-29T03:46:56.8865738Z   libqt6waylandeglcompositorhwintegration6 libqt6widgets6t64
2025-09-29T03:46:56.8866631Z   libqt6wlshellintegration6 libqt6xml6t64 librhash0 libssh2-1-dev libts0t64
2025-09-29T03:46:56.8867207Z   libvulkan-dev libwacom-common libwacom9 libx11-dev libxau-dev libxcb-icccm4
2025-09-29T03:46:56.8867779Z   libxcb-image0 libxcb-keysyms1 libxcb-render-util0 libxcb-shape0 libxcb-util1
2025-09-29T03:46:56.8868318Z   libxcb-xkb1 libxcb1-dev libxdmcp-dev libxkbcommon-x11-0 linguist-qt6
2025-09-29T03:46:56.8868830Z   ninja-build qdbus-qt6 qmake6 qmake6-bin qt6-base-dev qt6-base-dev-tools
2025-09-29T03:46:56.8869375Z   qt6-documentation-tools qt6-gtk-platformtheme qt6-l10n-tools qt6-qpa-plugins
2025-09-29T03:46:56.8869903Z   qt6-tools-dev qt6-tools-dev-tools qt6-translations-l10n qt6-wayland
2025-09-29T03:46:56.8870319Z   x11proto-dev xorg-sgml-doctools xtrans-dev
2025-09-29T03:46:56.9063586Z 0 upgraded, 98 newly installed, 0 to remove and 17 not upgraded.
2025-09-29T03:46:56.9064015Z Need to get 90.7 MB of archives.
2025-09-29T03:46:56.9064400Z After this operation, 412 MB of additional disk space will be used.
2025-09-29T03:46:56.9064865Z Get:1 file:/etc/apt/apt-mirrors.txt Mirrorlist [144 B]
2025-09-29T03:46:56.9515121Z Get:2 http://azure.archive.ubuntu.com/ubuntu noble/universe amd64 libgumbo2 amd64 0.12.0+dfsg-2build1 [126 kB]
2025-09-29T03:46:56.9736921Z Get:3 http://azure.archive.ubuntu.com/ubuntu noble/universe amd64 liblitehtml0t64 amd64 0.6-1.2ubuntu2 [208 kB]
2025-09-29T03:46:56.9948227Z Get:4 http://azure.archive.ubuntu.com/ubuntu noble/universe amd64 libb2-1 amd64 0.98.1-1.1build1 [45.0 kB]
2025-09-29T03:46:57.0165150Z Get:5 http://azure.archive.ubuntu.com/ubuntu noble/universe amd64 libdouble-conversion3 amd64 3.3.0-1build1 [40.3 kB]
2025-09-29T03:46:57.0351044Z Get:6 http://azure.archive.ubuntu.com/ubuntu noble/universe amd64 libqt6core6t64 amd64 6.4.2+dfsg-21.1build5 [1789 kB]
2025-09-29T03:46:57.0854986Z Get:7 http://azure.archive.ubuntu.com/ubuntu noble-updates/main amd64 libegl-mesa0 amd64 25.0.7-0ubuntu0.24.04.2 [124 kB]
2025-09-29T03:46:57.1046790Z Get:8 http://azure.archive.ubuntu.com/ubuntu noble/main amd64 libegl1 amd64 1.7.0-1build1 [28.7 kB]
2025-09-29T03:46:57.1233220Z Get:9 http://azure.archive.ubuntu.com/ubuntu noble/main amd64 libmtdev1t64 amd64 1.1.6-1.1build1 [14.4 kB]
2025-09-29T03:46:57.1416105Z Get:10 http://azure.archive.ubuntu.com/ubuntu noble/main amd64 libwacom-common all 2.10.0-2 [63.4 kB]
2025-09-29T03:46:57.1609992Z Get:11 http://azure.archive.ubuntu.com/ubuntu noble/main amd64 libwacom9 amd64 2.10.0-2 [23.9 kB]
2025-09-29T03:46:57.1794819Z Get:12 http://azure.archive.ubuntu.com/ubuntu noble-updates/main amd64 libinput-bin amd64 1.25.0-1ubuntu3.1 [22.6 kB]
2025-09-29T03:46:57.1995963Z Get:13 http://azure.archive.ubuntu.com/ubuntu noble-updates/main amd64 libinput10 amd64 1.25.0-1ubuntu3.1 [133 kB]
2025-09-29T03:46:57.2186332Z Get:14 http://azure.archive.ubuntu.com/ubuntu noble/universe amd64 libmd4c0 amd64 0.4.8-1build1 [42.3 kB]
2025-09-29T03:46:57.2379346Z Get:15 http://azure.archive.ubuntu.com/ubuntu noble/main amd64 libopengl0 amd64 1.7.0-1build1 [32.8 kB]
2025-09-29T03:46:57.2572139Z Get:16 http://azure.archive.ubuntu.com/ubuntu noble/universe amd64 libqt6dbus6t64 amd64 6.4.2+dfsg-21.1build5 [267 kB]
2025-09-29T03:46:57.2777799Z Get:17 http://azure.archive.ubuntu.com/ubuntu noble/universe amd64 libts0t64 amd64 1.22-1.1build1 [63.8 kB]
2025-09-29T03:46:57.2965875Z Get:18 http://azure.archive.ubuntu.com/ubuntu noble/main amd64 libxcb-icccm4 amd64 0.4.1-1.1build3 [10.8 kB]
2025-09-29T03:46:57.3168637Z Get:19 http://azure.archive.ubuntu.com/ubuntu noble/main amd64 libxcb-util1 amd64 0.4.0-1build3 [10.7 kB]
2025-09-29T03:46:57.3770674Z Get:20 http://azure.archive.ubuntu.com/ubuntu noble/main amd64 libxcb-image0 amd64 0.4.0-2build1 [10.8 kB]
2025-09-29T03:46:57.3953177Z Get:21 http://azure.archive.ubuntu.com/ubuntu noble/main amd64 libxcb-keysyms1 amd64 0.4.0-1build4 [7956 B]
2025-09-29T03:46:57.4168032Z Get:22 http://azure.archive.ubuntu.com/ubuntu noble/main amd64 libxcb-render-util0 amd64 0.3.9-1build4 [9608 B]
2025-09-29T03:46:57.4347234Z Get:23 http://azure.archive.ubuntu.com/ubuntu noble/main amd64 libxcb-shape0 amd64 1.15-1ubuntu2 [6100 B]
2025-09-29T03:46:57.4531839Z Get:24 http://azure.archive.ubuntu.com/ubuntu noble/main amd64 libxcb-xkb1 amd64 1.15-1ubuntu2 [32.3 kB]
2025-09-29T03:46:57.4723713Z Get:25 http://azure.archive.ubuntu.com/ubuntu noble/main amd64 libxkbcommon-x11-0 amd64 1.6.0-1build1 [14.5 kB]
2025-09-29T03:46:57.4906471Z Get:26 http://azure.archive.ubuntu.com/ubuntu noble/universe amd64 libqt6gui6t64 amd64 6.4.2+dfsg-21.1build5 [3119 kB]
2025-09-29T03:46:57.5972747Z Get:27 http://azure.archive.ubuntu.com/ubuntu noble/universe amd64 libqt6sql6t64 amd64 6.4.2+dfsg-21.1build5 [141 kB]
2025-09-29T03:46:57.6184362Z Get:28 http://azure.archive.ubuntu.com/ubuntu noble/universe amd64 libqt6widgets6t64 amd64 6.4.2+dfsg-21.1build5 [2648 kB]
2025-09-29T03:46:57.6876673Z Get:29 http://azure.archive.ubuntu.com/ubuntu noble/universe amd64 libqt6help6 amd64 6.4.2-3build3 [189 kB]
2025-09-29T03:46:57.7069971Z Get:30 http://azure.archive.ubuntu.com/ubuntu noble/universe amd64 libqt6printsupport6t64 amd64 6.4.2+dfsg-21.1build5 [222 kB]
2025-09-29T03:46:57.7296604Z Get:31 http://azure.archive.ubuntu.com/ubuntu noble/universe amd64 assistant-qt6 amd64 6.4.2-3build3 [272 kB]
2025-09-29T03:46:57.7509605Z Get:32 http://azure.archive.ubuntu.com/ubuntu noble/main amd64 build-essential amd64 12.10ubuntu1 [4928 B]
2025-09-29T03:46:57.7693535Z Get:33 http://azure.archive.ubuntu.com/ubuntu noble/main amd64 libjsoncpp25 amd64 1.9.5-6build1 [82.8 kB]
2025-09-29T03:46:57.7896077Z Get:34 http://azure.archive.ubuntu.com/ubuntu noble/main amd64 librhash0 amd64 1.4.3-3build1 [129 kB]
2025-09-29T03:46:57.8089087Z Get:35 http://azure.archive.ubuntu.com/ubuntu noble/main amd64 cmake-data all 3.28.3-1build7 [2155 kB]
2025-09-29T03:46:57.8648242Z Get:36 http://azure.archive.ubuntu.com/ubuntu noble/main amd64 cmake amd64 3.28.3-1build7 [11.2 MB]
2025-09-29T03:46:57.9966888Z Get:37 http://azure.archive.ubuntu.com/ubuntu noble/universe amd64 libqt6opengl6t64 amd64 6.4.2+dfsg-21.1build5 [420 kB]
2025-09-29T03:46:58.0185887Z Get:38 http://azure.archive.ubuntu.com/ubuntu noble/universe amd64 libqt6openglwidgets6t64 amd64 6.4.2+dfsg-21.1build5 [40.4 kB]
2025-09-29T03:46:58.0808727Z Get:39 http://azure.archive.ubuntu.com/ubuntu noble/universe amd64 libqt6xml6t64 amd64 6.4.2+dfsg-21.1build5 [75.9 kB]
2025-09-29T03:46:58.0999933Z Get:40 http://azure.archive.ubuntu.com/ubuntu noble/universe amd64 libqt6designer6 amd64 6.4.2-3build3 [2923 kB]
2025-09-29T03:46:58.1686982Z Get:41 http://azure.archive.ubuntu.com/ubuntu noble/universe amd64 libqt6designercomponents6 amd64 6.4.2-3build3 [878 kB]
2025-09-29T03:46:58.2068001Z Get:42 http://azure.archive.ubuntu.com/ubuntu noble/main amd64 libproxy1v5 amd64 0.5.4-4build1 [26.5 kB]
2025-09-29T03:46:58.2256073Z Get:43 http://azure.archive.ubuntu.com/ubuntu noble/universe amd64 libqt6network6t64 amd64 6.4.2+dfsg-21.1build5 [740 kB]
2025-09-29T03:46:58.2621593Z Get:44 http://azure.archive.ubuntu.com/ubuntu noble/universe amd64 libqt6qml6 amd64 6.4.2+dfsg-4build3 [1619 kB]
2025-09-29T03:46:58.3201613Z Get:45 http://azure.archive.ubuntu.com/ubuntu noble/universe amd64 libqt6qmlmodels6 amd64 6.4.2+dfsg-4build3 [267 kB]
2025-09-29T03:46:58.3414788Z Get:46 http://azure.archive.ubuntu.com/ubuntu noble/universe amd64 libqt6quick6 amd64 6.4.2+dfsg-4build3 [2001 kB]
2025-09-29T03:46:58.3984852Z Get:47 http://azure.archive.ubuntu.com/ubuntu noble/universe amd64 libqt6quickwidgets6 amd64 6.4.2+dfsg-4build3 [43.8 kB]
2025-09-29T03:46:58.4186528Z Get:48 http://azure.archive.ubuntu.com/ubuntu noble/universe amd64 designer-qt6 amd64 6.4.2-3build3 [175 kB]
2025-09-29T03:46:58.4388725Z Get:49 http://azure.archive.ubuntu.com/ubuntu noble/universe amd64 libllvm15t64 amd64 1:15.0.7-14build3 [25.5 MB]
2025-09-29T03:46:58.6968900Z Get:50 http://azure.archive.ubuntu.com/ubuntu noble/universe amd64 libclang-cpp15t64 amd64 1:15.0.7-14build3 [12.6 MB]
2025-09-29T03:46:58.8541163Z Get:51 http://azure.archive.ubuntu.com/ubuntu noble/universe amd64 libclang1-15t64 amd64 1:15.0.7-14build3 [6958 kB]
2025-09-29T03:46:58.9517208Z Get:52 http://azure.archive.ubuntu.com/ubuntu noble/main amd64 xorg-sgml-doctools all 1:1.11-1.1 [10.9 kB]
2025-09-29T03:46:58.9707158Z Get:53 http://azure.archive.ubuntu.com/ubuntu noble/main amd64 x11proto-dev all 2023.2-1 [602 kB]
2025-09-29T03:46:59.0064994Z Get:54 http://azure.archive.ubuntu.com/ubuntu noble/main amd64 libxau-dev amd64 1:1.0.9-1build6 [9570 B]
2025-09-29T03:46:59.0247986Z Get:55 http://azure.archive.ubuntu.com/ubuntu noble/main amd64 libxdmcp-dev amd64 1:1.1.3-0ubuntu6 [26.5 kB]
2025-09-29T03:46:59.0431707Z Get:56 http://azure.archive.ubuntu.com/ubuntu noble/main amd64 xtrans-dev all 1.4.0-1 [68.9 kB]
2025-09-29T03:46:59.1047008Z Get:57 http://azure.archive.ubuntu.com/ubuntu noble/main amd64 libpthread-stubs0-dev amd64 0.4-1build3 [4746 B]
2025-09-29T03:46:59.1229127Z Get:58 http://azure.archive.ubuntu.com/ubuntu noble/main amd64 libxcb1-dev amd64 1.15-1ubuntu2 [85.8 kB]
2025-09-29T03:46:59.1472451Z Get:59 http://azure.archive.ubuntu.com/ubuntu noble/main amd64 libx11-dev amd64 2:1.8.7-1build1 [732 kB]
2025-09-29T03:46:59.1866232Z Get:60 http://azure.archive.ubuntu.com/ubuntu noble/main amd64 libglx-dev amd64 1.7.0-1build1 [14.2 kB]
2025-09-29T03:46:59.2057016Z Get:61 http://azure.archive.ubuntu.com/ubuntu noble/main amd64 libgl-dev amd64 1.7.0-1build1 [102 kB]
2025-09-29T03:46:59.2253232Z Get:62 http://azure.archive.ubuntu.com/ubuntu noble/main amd64 libegl-dev amd64 1.7.0-1build1 [18.2 kB]
2025-09-29T03:46:59.2437573Z Get:63 http://azure.archive.ubuntu.com/ubuntu noble/main amd64 libhttp-parser2.9 amd64 2.9.4-6build1 [22.3 kB]
2025-09-29T03:46:59.2624203Z Get:64 http://azure.archive.ubuntu.com/ubuntu noble/main amd64 libgit2-1.7 amd64 1.7.2+ds-1ubuntu3 [529 kB]
2025-09-29T03:46:59.3230151Z Get:65 http://azure.archive.ubuntu.com/ubuntu noble/main amd64 libgles1 amd64 1.7.0-1build1 [11.6 kB]
2025-09-29T03:46:59.3429635Z Get:66 http://azure.archive.ubuntu.com/ubuntu noble/main amd64 libgles2 amd64 1.7.0-1build1 [17.1 kB]
2025-09-29T03:46:59.3615628Z Get:67 http://azure.archive.ubuntu.com/ubuntu noble/main amd64 libgles-dev amd64 1.7.0-1build1 [50.5 kB]
2025-09-29T03:46:59.3818934Z Get:68 http://azure.archive.ubuntu.com/ubuntu noble/main amd64 libopengl-dev amd64 1.7.0-1build1 [3454 B]
2025-09-29T03:46:59.4013197Z Get:69 http://azure.archive.ubuntu.com/ubuntu noble/universe amd64 libqt6concurrent6t64 amd64 6.4.2+dfsg-21.1build5 [33.4 kB]
2025-09-29T03:46:59.4210740Z Get:70 http://azure.archive.ubuntu.com/ubuntu noble/universe amd64 libqt6sql6-sqlite amd64 6.4.2+dfsg-21.1build5 [57.8 kB]
2025-09-29T03:46:59.4402659Z Get:71 http://azure.archive.ubuntu.com/ubuntu noble/universe amd64 libqt6test6t64 amd64 6.4.2+dfsg-21.1build5 [167 kB]
2025-09-29T03:46:59.4602037Z Get:72 http://azure.archive.ubuntu.com/ubuntu noble/universe amd64 libqt6uitools6 amd64 6.4.2-3build3 [173 kB]
2025-09-29T03:46:59.4798053Z Get:73 http://azure.archive.ubuntu.com/ubuntu noble/universe amd64 libqt6waylandclient6 amd64 6.4.2-5build3 [251 kB]
2025-09-29T03:46:59.5001300Z Get:74 http://azure.archive.ubuntu.com/ubuntu noble/universe amd64 libqt6waylandcompositor6 amd64 6.4.2-5build3 [427 kB]
2025-09-29T03:46:59.5645180Z Get:75 http://azure.archive.ubuntu.com/ubuntu noble/universe amd64 libqt6waylandeglclienthwintegration6 amd64 6.4.2-5build3 [19.5 kB]
2025-09-29T03:46:59.5828681Z Get:76 http://azure.archive.ubuntu.com/ubuntu noble/universe amd64 libqt6waylandeglcompositorhwintegration6 amd64 6.4.2-5build3 [15.2 kB]
2025-09-29T03:46:59.6010382Z Get:77 http://azure.archive.ubuntu.com/ubuntu noble/universe amd64 libqt6wlshellintegration6 amd64 6.4.2-5build3 [38.0 kB]
2025-09-29T03:46:59.6198249Z Get:78 http://azure.archive.ubuntu.com/ubuntu noble/main amd64 libssh2-1-dev amd64 1.11.0-4.1build2 [259 kB]
2025-09-29T03:46:59.6402801Z Get:79 http://azure.archive.ubuntu.com/ubuntu noble/main amd64 libvulkan-dev amd64 1.3.275.0-1build1 [1239 kB]
2025-09-29T03:46:59.6822886Z Get:80 http://azure.archive.ubuntu.com/ubuntu noble/universe amd64 linguist-qt6 amd64 6.4.2-3build3 [368 kB]
2025-09-29T03:46:59.7030527Z Get:81 http://azure.archive.ubuntu.com/ubuntu noble/universe amd64 ninja-build amd64 1.11.1-2 [129 kB]
2025-09-29T03:46:59.7256925Z Get:82 http://azure.archive.ubuntu.com/ubuntu noble/universe amd64 qdbus-qt6 amd64 6.4.2-3build3 [30.7 kB]
2025-09-29T03:46:59.7445146Z Get:83 http://azure.archive.ubuntu.com/ubuntu noble/universe amd64 qmake6-bin amd64 6.4.2+dfsg-21.1build5 [624 kB]
2025-09-29T03:46:59.7822087Z Get:84 http://azure.archive.ubuntu.com/ubuntu noble/universe amd64 qmake6 amd64 6.4.2+dfsg-21.1build5 [178 kB]
2025-09-29T03:46:59.8021289Z Get:85 http://azure.archive.ubuntu.com/ubuntu noble/universe amd64 qt6-base-dev-tools amd64 6.4.2+dfsg-21.1build5 [970 kB]
2025-09-29T03:46:59.8424302Z Get:86 http://azure.archive.ubuntu.com/ubuntu noble/universe amd64 qt6-qpa-plugins amd64 6.4.2+dfsg-21.1build5 [89.3 kB]
2025-09-29T03:46:59.8617506Z Get:87 http://azure.archive.ubuntu.com/ubuntu noble/universe amd64 qt6-base-dev amd64 6.4.2+dfsg-21.1build5 [1458 kB]
2025-09-29T03:46:59.9132788Z Get:88 http://azure.archive.ubuntu.com/ubuntu noble/universe amd64 qt6-documentation-tools amd64 6.4.2-3build3 [646 kB]
2025-09-29T03:46:59.9546768Z Get:89 http://azure.archive.ubuntu.com/ubuntu noble/universe amd64 qt6-gtk-platformtheme amd64 6.4.2+dfsg-21.1build5 [55.1 kB]
2025-09-29T03:46:59.9739658Z Get:90 http://azure.archive.ubuntu.com/ubuntu noble/universe amd64 qt6-l10n-tools amd64 6.4.2-3build3 [486 kB]
2025-09-29T03:47:00.0098788Z Get:91 http://azure.archive.ubuntu.com/ubuntu noble/universe amd64 qt6-tools-dev-tools amd64 6.4.2-3build3 [274 kB]
2025-09-29T03:47:00.0304126Z Get:92 http://azure.archive.ubuntu.com/ubuntu noble/universe amd64 qt6-tools-dev amd64 6.4.2-3build3 [64.8 kB]
2025-09-29T03:47:00.0926091Z Get:93 http://azure.archive.ubuntu.com/ubuntu noble/universe amd64 qt6-translations-l10n all 6.4.2-1 [1761 kB]
2025-09-29T03:47:00.1478311Z Get:94 http://azure.archive.ubuntu.com/ubuntu noble/universe amd64 qt6-wayland amd64 6.4.2-5build3 [127 kB]
2025-09-29T03:47:00.2092203Z Get:95 http://azure.archive.ubuntu.com/ubuntu noble/main amd64 libhttp-parser-dev amd64 2.9.4-6build1 [21.5 kB]
2025-09-29T03:47:00.2359758Z Get:96 http://azure.archive.ubuntu.com/ubuntu noble/main amd64 libgit2-dev amd64 1.7.2+ds-1ubuntu3 [814 kB]
2025-09-29T03:47:00.2657208Z Get:97 http://azure.archive.ubuntu.com/ubuntu noble/main amd64 libglvnd-core-dev amd64 1.7.0-1build1 [13.6 kB]
2025-09-29T03:47:00.2838151Z Get:98 http://azure.archive.ubuntu.com/ubuntu noble/main amd64 libglvnd-dev amd64 1.7.0-1build1 [3198 B]
2025-09-29T03:47:00.3025393Z Get:99 http://azure.archive.ubuntu.com/ubuntu noble-updates/main amd64 libgl1-mesa-dev amd64 25.0.7-0ubuntu0.24.04.2 [20.4 kB]
2025-09-29T03:47:00.6545156Z Fetched 90.7 MB in 3s (26.6 MB/s)
2025-09-29T03:47:00.6820192Z Selecting previously unselected package libgumbo2:amd64.
2025-09-29T03:47:00.7053610Z (Reading database ... 
2025-09-29T03:47:00.7054142Z (Reading database ... 5%
2025-09-29T03:47:00.7054654Z (Reading database ... 10%
2025-09-29T03:47:00.7055148Z (Reading database ... 15%
2025-09-29T03:47:00.7055913Z (Reading database ... 20%
2025-09-29T03:47:00.7056316Z (Reading database ... 25%
2025-09-29T03:47:00.7056799Z (Reading database ... 30%
2025-09-29T03:47:00.7057063Z (Reading database ... 35%
2025-09-29T03:47:00.7057310Z (Reading database ... 40%
2025-09-29T03:47:00.7057550Z (Reading database ... 45%
2025-09-29T03:47:00.7057795Z (Reading database ... 50%
2025-09-29T03:47:00.7191554Z (Reading database ... 55%
2025-09-29T03:47:00.7540690Z (Reading database ... 60%
2025-09-29T03:47:00.7790864Z (Reading database ... 65%
2025-09-29T03:47:00.8053796Z (Reading database ... 70%
2025-09-29T03:47:00.8199709Z (Reading database ... 75%
2025-09-29T03:47:00.8550133Z (Reading database ... 80%
2025-09-29T03:47:00.8850319Z (Reading database ... 85%
2025-09-29T03:47:00.9442577Z (Reading database ... 90%
2025-09-29T03:47:00.9946085Z (Reading database ... 95%
2025-09-29T03:47:00.9946431Z (Reading database ... 100%
2025-09-29T03:47:00.9946838Z (Reading database ... 214164 files and directories currently installed.)
2025-09-29T03:47:00.9988870Z Preparing to unpack .../00-libgumbo2_0.12.0+dfsg-2build1_amd64.deb ...
2025-09-29T03:47:01.0030354Z Unpacking libgumbo2:amd64 (0.12.0+dfsg-2build1) ...
2025-09-29T03:47:01.0325960Z Selecting previously unselected package liblitehtml0t64:amd64.
2025-09-29T03:47:01.0457569Z Preparing to unpack .../01-liblitehtml0t64_0.6-1.2ubuntu2_amd64.deb ...
2025-09-29T03:47:01.0469274Z Unpacking liblitehtml0t64:amd64 (0.6-1.2ubuntu2) ...
2025-09-29T03:47:01.0757416Z Selecting previously unselected package libb2-1:amd64.
2025-09-29T03:47:01.0887952Z Preparing to unpack .../02-libb2-1_0.98.1-1.1build1_amd64.deb ...
2025-09-29T03:47:01.0901158Z Unpacking libb2-1:amd64 (0.98.1-1.1build1) ...
2025-09-29T03:47:01.1131745Z Selecting previously unselected package libdouble-conversion3:amd64.
2025-09-29T03:47:01.1263160Z Preparing to unpack .../03-libdouble-conversion3_3.3.0-1build1_amd64.deb ...
2025-09-29T03:47:01.1277534Z Unpacking libdouble-conversion3:amd64 (3.3.0-1build1) ...
2025-09-29T03:47:01.1520006Z Selecting previously unselected package libqt6core6t64:amd64.
2025-09-29T03:47:01.1653189Z Preparing to unpack .../04-libqt6core6t64_6.4.2+dfsg-21.1build5_amd64.deb ...
2025-09-29T03:47:01.1666668Z Unpacking libqt6core6t64:amd64 (6.4.2+dfsg-21.1build5) ...
2025-09-29T03:47:01.2154779Z Selecting previously unselected package libegl-mesa0:amd64.
2025-09-29T03:47:01.2284911Z Preparing to unpack .../05-libegl-mesa0_25.0.7-0ubuntu0.24.04.2_amd64.deb ...
2025-09-29T03:47:01.2299245Z Unpacking libegl-mesa0:amd64 (25.0.7-0ubuntu0.24.04.2) ...
2025-09-29T03:47:01.2573412Z Selecting previously unselected package libegl1:amd64.
2025-09-29T03:47:01.2704200Z Preparing to unpack .../06-libegl1_1.7.0-1build1_amd64.deb ...
2025-09-29T03:47:01.2715941Z Unpacking libegl1:amd64 (1.7.0-1build1) ...
2025-09-29T03:47:01.2965036Z Selecting previously unselected package libmtdev1t64:amd64.
2025-09-29T03:47:01.3096256Z Preparing to unpack .../07-libmtdev1t64_1.1.6-1.1build1_amd64.deb ...
2025-09-29T03:47:01.3109430Z Unpacking libmtdev1t64:amd64 (1.1.6-1.1build1) ...
2025-09-29T03:47:01.3342810Z Selecting previously unselected package libwacom-common.
2025-09-29T03:47:01.3474420Z Preparing to unpack .../08-libwacom-common_2.10.0-2_all.deb ...
2025-09-29T03:47:01.3506621Z Unpacking libwacom-common (2.10.0-2) ...
2025-09-29T03:47:01.4518190Z Selecting previously unselected package libwacom9:amd64.
2025-09-29T03:47:01.4650239Z Preparing to unpack .../09-libwacom9_2.10.0-2_amd64.deb ...
2025-09-29T03:47:01.4663478Z Unpacking libwacom9:amd64 (2.10.0-2) ...
2025-09-29T03:47:01.4883257Z Selecting previously unselected package libinput-bin.
2025-09-29T03:47:01.5014428Z Preparing to unpack .../10-libinput-bin_1.25.0-1ubuntu3.1_amd64.deb ...
2025-09-29T03:47:01.5026799Z Unpacking libinput-bin (1.25.0-1ubuntu3.1) ...
2025-09-29T03:47:01.5336133Z Selecting previously unselected package libinput10:amd64.
2025-09-29T03:47:01.5466999Z Preparing to unpack .../11-libinput10_1.25.0-1ubuntu3.1_amd64.deb ...
2025-09-29T03:47:01.5477580Z Unpacking libinput10:amd64 (1.25.0-1ubuntu3.1) ...
2025-09-29T03:47:01.5775353Z Selecting previously unselected package libmd4c0:amd64.
2025-09-29T03:47:01.5905761Z Preparing to unpack .../12-libmd4c0_0.4.8-1build1_amd64.deb ...
2025-09-29T03:47:01.5928428Z Unpacking libmd4c0:amd64 (0.4.8-1build1) ...
2025-09-29T03:47:01.6161920Z Selecting previously unselected package libopengl0:amd64.
2025-09-29T03:47:01.6292825Z Preparing to unpack .../13-libopengl0_1.7.0-1build1_amd64.deb ...
2025-09-29T03:47:01.6308416Z Unpacking libopengl0:amd64 (1.7.0-1build1) ...
2025-09-29T03:47:01.6563139Z Selecting previously unselected package libqt6dbus6t64:amd64.
2025-09-29T03:47:01.6697544Z Preparing to unpack .../14-libqt6dbus6t64_6.4.2+dfsg-21.1build5_amd64.deb ...
2025-09-29T03:47:01.6711863Z Unpacking libqt6dbus6t64:amd64 (6.4.2+dfsg-21.1build5) ...
2025-09-29T03:47:01.7007281Z Selecting previously unselected package libts0t64:amd64.
2025-09-29T03:47:01.7138583Z Preparing to unpack .../15-libts0t64_1.22-1.1build1_amd64.deb ...
2025-09-29T03:47:01.7151010Z Unpacking libts0t64:amd64 (1.22-1.1build1) ...
2025-09-29T03:47:01.7764262Z Selecting previously unselected package libxcb-icccm4:amd64.
2025-09-29T03:47:01.7896013Z Preparing to unpack .../16-libxcb-icccm4_0.4.1-1.1build3_amd64.deb ...
2025-09-29T03:47:01.7912137Z Unpacking libxcb-icccm4:amd64 (0.4.1-1.1build3) ...
2025-09-29T03:47:01.8171475Z Selecting previously unselected package libxcb-util1:amd64.
2025-09-29T03:47:01.8303032Z Preparing to unpack .../17-libxcb-util1_0.4.0-1build3_amd64.deb ...
2025-09-29T03:47:01.8314220Z Unpacking libxcb-util1:amd64 (0.4.0-1build3) ...
2025-09-29T03:47:01.8543331Z Selecting previously unselected package libxcb-image0:amd64.
2025-09-29T03:47:01.8674868Z Preparing to unpack .../18-libxcb-image0_0.4.0-2build1_amd64.deb ...
2025-09-29T03:47:01.8686066Z Unpacking libxcb-image0:amd64 (0.4.0-2build1) ...
2025-09-29T03:47:01.8917698Z Selecting previously unselected package libxcb-keysyms1:amd64.
2025-09-29T03:47:01.9050277Z Preparing to unpack .../19-libxcb-keysyms1_0.4.0-1build4_amd64.deb ...
2025-09-29T03:47:01.9062528Z Unpacking libxcb-keysyms1:amd64 (0.4.0-1build4) ...
2025-09-29T03:47:01.9316745Z Selecting previously unselected package libxcb-render-util0:amd64.
2025-09-29T03:47:01.9448232Z Preparing to unpack .../20-libxcb-render-util0_0.3.9-1build4_amd64.deb ...
2025-09-29T03:47:01.9461188Z Unpacking libxcb-render-util0:amd64 (0.3.9-1build4) ...
2025-09-29T03:47:01.9690981Z Selecting previously unselected package libxcb-shape0:amd64.
2025-09-29T03:47:01.9822371Z Preparing to unpack .../21-libxcb-shape0_1.15-1ubuntu2_amd64.deb ...
2025-09-29T03:47:01.9835136Z Unpacking libxcb-shape0:amd64 (1.15-1ubuntu2) ...
2025-09-29T03:47:02.0066368Z Selecting previously unselected package libxcb-xkb1:amd64.
2025-09-29T03:47:02.0197283Z Preparing to unpack .../22-libxcb-xkb1_1.15-1ubuntu2_amd64.deb ...
2025-09-29T03:47:02.0207728Z Unpacking libxcb-xkb1:amd64 (1.15-1ubuntu2) ...
2025-09-29T03:47:02.0463069Z Selecting previously unselected package libxkbcommon-x11-0:amd64.
2025-09-29T03:47:02.0601721Z Preparing to unpack .../23-libxkbcommon-x11-0_1.6.0-1build1_amd64.deb ...
2025-09-29T03:47:02.0614640Z Unpacking libxkbcommon-x11-0:amd64 (1.6.0-1build1) ...
2025-09-29T03:47:02.0865607Z Selecting previously unselected package libqt6gui6t64:amd64.
2025-09-29T03:47:02.0998010Z Preparing to unpack .../24-libqt6gui6t64_6.4.2+dfsg-21.1build5_amd64.deb ...
2025-09-29T03:47:02.1012565Z Unpacking libqt6gui6t64:amd64 (6.4.2+dfsg-21.1build5) ...
2025-09-29T03:47:02.1674801Z Selecting previously unselected package libqt6sql6t64:amd64.
2025-09-29T03:47:02.1805307Z Preparing to unpack .../25-libqt6sql6t64_6.4.2+dfsg-21.1build5_amd64.deb ...
2025-09-29T03:47:02.1818020Z Unpacking libqt6sql6t64:amd64 (6.4.2+dfsg-21.1build5) ...
2025-09-29T03:47:02.2096754Z Selecting previously unselected package libqt6widgets6t64:amd64.
2025-09-29T03:47:02.2227734Z Preparing to unpack .../26-libqt6widgets6t64_6.4.2+dfsg-21.1build5_amd64.deb ...
2025-09-29T03:47:02.2240324Z Unpacking libqt6widgets6t64:amd64 (6.4.2+dfsg-21.1build5) ...
2025-09-29T03:47:02.2800403Z Selecting previously unselected package libqt6help6:amd64.
2025-09-29T03:47:02.2931047Z Preparing to unpack .../27-libqt6help6_6.4.2-3build3_amd64.deb ...
2025-09-29T03:47:02.2945235Z Unpacking libqt6help6:amd64 (6.4.2-3build3) ...
2025-09-29T03:47:02.3213716Z Selecting previously unselected package libqt6printsupport6t64:amd64.
2025-09-29T03:47:02.3345024Z Preparing to unpack .../28-libqt6printsupport6t64_6.4.2+dfsg-21.1build5_amd64.deb ...
2025-09-29T03:47:02.3356764Z Unpacking libqt6printsupport6t64:amd64 (6.4.2+dfsg-21.1build5) ...
2025-09-29T03:47:02.3617449Z Selecting previously unselected package assistant-qt6.
2025-09-29T03:47:02.3749642Z Preparing to unpack .../29-assistant-qt6_6.4.2-3build3_amd64.deb ...
2025-09-29T03:47:02.3761982Z Unpacking assistant-qt6 (6.4.2-3build3) ...
2025-09-29T03:47:02.4064601Z Selecting previously unselected package build-essential.
2025-09-29T03:47:02.4200562Z Preparing to unpack .../30-build-essential_12.10ubuntu1_amd64.deb ...
2025-09-29T03:47:02.4214332Z Unpacking build-essential (12.10ubuntu1) ...
2025-09-29T03:47:02.4448061Z Selecting previously unselected package libjsoncpp25:amd64.
2025-09-29T03:47:02.4580052Z Preparing to unpack .../31-libjsoncpp25_1.9.5-6build1_amd64.deb ...
2025-09-29T03:47:02.4591875Z Unpacking libjsoncpp25:amd64 (1.9.5-6build1) ...
2025-09-29T03:47:02.4832364Z Selecting previously unselected package librhash0:amd64.
2025-09-29T03:47:02.4964403Z Preparing to unpack .../32-librhash0_1.4.3-3build1_amd64.deb ...
2025-09-29T03:47:02.4978839Z Unpacking librhash0:amd64 (1.4.3-3build1) ...
2025-09-29T03:47:02.5233793Z Selecting previously unselected package cmake-data.
2025-09-29T03:47:02.5365317Z Preparing to unpack .../33-cmake-data_3.28.3-1build7_all.deb ...
2025-09-29T03:47:02.5438992Z Unpacking cmake-data (3.28.3-1build7) ...
2025-09-29T03:47:03.0996082Z Selecting previously unselected package cmake.
2025-09-29T03:47:03.1142741Z Preparing to unpack .../34-cmake_3.28.3-1build7_amd64.deb ...
2025-09-29T03:47:03.1155005Z Unpacking cmake (3.28.3-1build7) ...
2025-09-29T03:47:03.2915417Z Selecting previously unselected package libqt6opengl6t64:amd64.
2025-09-29T03:47:03.3050085Z Preparing to unpack .../35-libqt6opengl6t64_6.4.2+dfsg-21.1build5_amd64.deb ...
2025-09-29T03:47:03.3062841Z Unpacking libqt6opengl6t64:amd64 (6.4.2+dfsg-21.1build5) ...
2025-09-29T03:47:03.3377007Z Selecting previously unselected package libqt6openglwidgets6t64:amd64.
2025-09-29T03:47:03.3510013Z Preparing to unpack .../36-libqt6openglwidgets6t64_6.4.2+dfsg-21.1build5_amd64.deb ...
2025-09-29T03:47:03.3521279Z Unpacking libqt6openglwidgets6t64:amd64 (6.4.2+dfsg-21.1build5) ...
2025-09-29T03:47:03.3763110Z Selecting previously unselected package libqt6xml6t64:amd64.
2025-09-29T03:47:03.3898684Z Preparing to unpack .../37-libqt6xml6t64_6.4.2+dfsg-21.1build5_amd64.deb ...
2025-09-29T03:47:03.3910470Z Unpacking libqt6xml6t64:amd64 (6.4.2+dfsg-21.1build5) ...
2025-09-29T03:47:03.4246595Z Selecting previously unselected package libqt6designer6:amd64.
2025-09-29T03:47:03.4380464Z Preparing to unpack .../38-libqt6designer6_6.4.2-3build3_amd64.deb ...
2025-09-29T03:47:03.4393172Z Unpacking libqt6designer6:amd64 (6.4.2-3build3) ...
2025-09-29T03:47:03.4840390Z Selecting previously unselected package libqt6designercomponents6:amd64.
2025-09-29T03:47:03.4973861Z Preparing to unpack .../39-libqt6designercomponents6_6.4.2-3build3_amd64.deb ...
2025-09-29T03:47:03.4985776Z Unpacking libqt6designercomponents6:amd64 (6.4.2-3build3) ...
2025-09-29T03:47:03.5340231Z Selecting previously unselected package libproxy1v5:amd64.
2025-09-29T03:47:03.5473362Z Preparing to unpack .../40-libproxy1v5_0.5.4-4build1_amd64.deb ...
2025-09-29T03:47:03.5487488Z Unpacking libproxy1v5:amd64 (0.5.4-4build1) ...
2025-09-29T03:47:03.5738538Z Selecting previously unselected package libqt6network6t64:amd64.
2025-09-29T03:47:03.5872865Z Preparing to unpack .../41-libqt6network6t64_6.4.2+dfsg-21.1build5_amd64.deb ...
2025-09-29T03:47:03.5886816Z Unpacking libqt6network6t64:amd64 (6.4.2+dfsg-21.1build5) ...
2025-09-29T03:47:03.6258101Z Selecting previously unselected package libqt6qml6:amd64.
2025-09-29T03:47:03.6391088Z Preparing to unpack .../42-libqt6qml6_6.4.2+dfsg-4build3_amd64.deb ...
2025-09-29T03:47:03.6402374Z Unpacking libqt6qml6:amd64 (6.4.2+dfsg-4build3) ...
2025-09-29T03:47:03.6851726Z Selecting previously unselected package libqt6qmlmodels6:amd64.
2025-09-29T03:47:03.6984330Z Preparing to unpack .../43-libqt6qmlmodels6_6.4.2+dfsg-4build3_amd64.deb ...
2025-09-29T03:47:03.6995790Z Unpacking libqt6qmlmodels6:amd64 (6.4.2+dfsg-4build3) ...
2025-09-29T03:47:03.7273191Z Selecting previously unselected package libqt6quick6:amd64.
2025-09-29T03:47:03.7407726Z Preparing to unpack .../44-libqt6quick6_6.4.2+dfsg-4build3_amd64.deb ...
2025-09-29T03:47:03.7422541Z Unpacking libqt6quick6:amd64 (6.4.2+dfsg-4build3) ...
2025-09-29T03:47:03.7950651Z Selecting previously unselected package libqt6quickwidgets6:amd64.
2025-09-29T03:47:03.8085294Z Preparing to unpack .../45-libqt6quickwidgets6_6.4.2+dfsg-4build3_amd64.deb ...
2025-09-29T03:47:03.8097620Z Unpacking libqt6quickwidgets6:amd64 (6.4.2+dfsg-4build3) ...
2025-09-29T03:47:03.8323551Z Selecting previously unselected package designer-qt6.
2025-09-29T03:47:03.8458033Z Preparing to unpack .../46-designer-qt6_6.4.2-3build3_amd64.deb ...
2025-09-29T03:47:03.8470285Z Unpacking designer-qt6 (6.4.2-3build3) ...
2025-09-29T03:47:03.8744746Z Selecting previously unselected package libllvm15t64:amd64.
2025-09-29T03:47:03.8880832Z Preparing to unpack .../47-libllvm15t64_1%3a15.0.7-14build3_amd64.deb ...
2025-09-29T03:47:03.8897274Z Unpacking libllvm15t64:amd64 (1:15.0.7-14build3) ...
2025-09-29T03:47:04.3388551Z Selecting previously unselected package libclang-cpp15t64.
2025-09-29T03:47:04.3521794Z Preparing to unpack .../48-libclang-cpp15t64_1%3a15.0.7-14build3_amd64.deb ...
2025-09-29T03:47:04.3534374Z Unpacking libclang-cpp15t64 (1:15.0.7-14build3) ...
2025-09-29T03:47:04.5813425Z Selecting previously unselected package libclang1-15t64.
2025-09-29T03:47:04.5947194Z Preparing to unpack .../49-libclang1-15t64_1%3a15.0.7-14build3_amd64.deb ...
2025-09-29T03:47:04.5960193Z Unpacking libclang1-15t64 (1:15.0.7-14build3) ...
2025-09-29T03:47:04.7399971Z Selecting previously unselected package xorg-sgml-doctools.
2025-09-29T03:47:04.7533469Z Preparing to unpack .../50-xorg-sgml-doctools_1%3a1.11-1.1_all.deb ...
2025-09-29T03:47:04.7544585Z Unpacking xorg-sgml-doctools (1:1.11-1.1) ...
2025-09-29T03:47:04.7851650Z Selecting previously unselected package x11proto-dev.
2025-09-29T03:47:04.7985269Z Preparing to unpack .../51-x11proto-dev_2023.2-1_all.deb ...
2025-09-29T03:47:04.7998670Z Unpacking x11proto-dev (2023.2-1) ...
2025-09-29T03:47:04.8563006Z Selecting previously unselected package libxau-dev:amd64.
2025-09-29T03:47:04.8696461Z Preparing to unpack .../52-libxau-dev_1%3a1.0.9-1build6_amd64.deb ...
2025-09-29T03:47:04.8708296Z Unpacking libxau-dev:amd64 (1:1.0.9-1build6) ...
2025-09-29T03:47:04.8953662Z Selecting previously unselected package libxdmcp-dev:amd64.
2025-09-29T03:47:04.9087771Z Preparing to unpack .../53-libxdmcp-dev_1%3a1.1.3-0ubuntu6_amd64.deb ...
2025-09-29T03:47:04.9100779Z Unpacking libxdmcp-dev:amd64 (1:1.1.3-0ubuntu6) ...
2025-09-29T03:47:04.9333516Z Selecting previously unselected package xtrans-dev.
2025-09-29T03:47:04.9467693Z Preparing to unpack .../54-xtrans-dev_1.4.0-1_all.deb ...
2025-09-29T03:47:04.9479178Z Unpacking xtrans-dev (1.4.0-1) ...
2025-09-29T03:47:04.9757436Z Selecting previously unselected package libpthread-stubs0-dev:amd64.
2025-09-29T03:47:04.9890627Z Preparing to unpack .../55-libpthread-stubs0-dev_0.4-1build3_amd64.deb ...
2025-09-29T03:47:04.9903765Z Unpacking libpthread-stubs0-dev:amd64 (0.4-1build3) ...
2025-09-29T03:47:05.0201700Z Selecting previously unselected package libxcb1-dev:amd64.
2025-09-29T03:47:05.0334318Z Preparing to unpack .../56-libxcb1-dev_1.15-1ubuntu2_amd64.deb ...
2025-09-29T03:47:05.0347747Z Unpacking libxcb1-dev:amd64 (1.15-1ubuntu2) ...
2025-09-29T03:47:05.0602998Z Selecting previously unselected package libx11-dev:amd64.
2025-09-29T03:47:05.0737126Z Preparing to unpack .../57-libx11-dev_2%3a1.8.7-1build1_amd64.deb ...
2025-09-29T03:47:05.0748195Z Unpacking libx11-dev:amd64 (2:1.8.7-1build1) ...
2025-09-29T03:47:05.1070847Z Selecting previously unselected package libglx-dev:amd64.
2025-09-29T03:47:05.1204165Z Preparing to unpack .../58-libglx-dev_1.7.0-1build1_amd64.deb ...
2025-09-29T03:47:05.1214820Z Unpacking libglx-dev:amd64 (1.7.0-1build1) ...
2025-09-29T03:47:05.1433000Z Selecting previously unselected package libgl-dev:amd64.
2025-09-29T03:47:05.1565749Z Preparing to unpack .../59-libgl-dev_1.7.0-1build1_amd64.deb ...
2025-09-29T03:47:05.1578288Z Unpacking libgl-dev:amd64 (1.7.0-1build1) ...
2025-09-29T03:47:05.1833138Z Selecting previously unselected package libegl-dev:amd64.
2025-09-29T03:47:05.1967112Z Preparing to unpack .../60-libegl-dev_1.7.0-1build1_amd64.deb ...
2025-09-29T03:47:05.1975304Z Unpacking libegl-dev:amd64 (1.7.0-1build1) ...
2025-09-29T03:47:05.2214889Z Selecting previously unselected package libhttp-parser2.9:amd64.
2025-09-29T03:47:05.2348708Z Preparing to unpack .../61-libhttp-parser2.9_2.9.4-6build1_amd64.deb ...
2025-09-29T03:47:05.2362144Z Unpacking libhttp-parser2.9:amd64 (2.9.4-6build1) ...
2025-09-29T03:47:05.2586784Z Selecting previously unselected package libgit2-1.7:amd64.
2025-09-29T03:47:05.2719928Z Preparing to unpack .../62-libgit2-1.7_1.7.2+ds-1ubuntu3_amd64.deb ...
2025-09-29T03:47:05.2732745Z Unpacking libgit2-1.7:amd64 (1.7.2+ds-1ubuntu3) ...
2025-09-29T03:47:05.3018130Z Selecting previously unselected package libgles1:amd64.
2025-09-29T03:47:05.3151927Z Preparing to unpack .../63-libgles1_1.7.0-1build1_amd64.deb ...
2025-09-29T03:47:05.3161556Z Unpacking libgles1:amd64 (1.7.0-1build1) ...
2025-09-29T03:47:05.3497155Z Selecting previously unselected package libgles2:amd64.
2025-09-29T03:47:05.3629287Z Preparing to unpack .../64-libgles2_1.7.0-1build1_amd64.deb ...
2025-09-29T03:47:05.3638601Z Unpacking libgles2:amd64 (1.7.0-1build1) ...
2025-09-29T03:47:05.3857835Z Selecting previously unselected package libgles-dev:amd64.
2025-09-29T03:47:05.3991354Z Preparing to unpack .../65-libgles-dev_1.7.0-1build1_amd64.deb ...
2025-09-29T03:47:05.4001361Z Unpacking libgles-dev:amd64 (1.7.0-1build1) ...
2025-09-29T03:47:05.4250143Z Selecting previously unselected package libopengl-dev:amd64.
2025-09-29T03:47:05.4382675Z Preparing to unpack .../66-libopengl-dev_1.7.0-1build1_amd64.deb ...
2025-09-29T03:47:05.4391735Z Unpacking libopengl-dev:amd64 (1.7.0-1build1) ...
2025-09-29T03:47:05.4648775Z Selecting previously unselected package libqt6concurrent6t64:amd64.
2025-09-29T03:47:05.4782621Z Preparing to unpack .../67-libqt6concurrent6t64_6.4.2+dfsg-21.1build5_amd64.deb ...
2025-09-29T03:47:05.4794108Z Unpacking libqt6concurrent6t64:amd64 (6.4.2+dfsg-21.1build5) ...
2025-09-29T03:47:05.4998199Z Selecting previously unselected package libqt6sql6-sqlite:amd64.
2025-09-29T03:47:05.5131739Z Preparing to unpack .../68-libqt6sql6-sqlite_6.4.2+dfsg-21.1build5_amd64.deb ...
2025-09-29T03:47:05.5140334Z Unpacking libqt6sql6-sqlite:amd64 (6.4.2+dfsg-21.1build5) ...
2025-09-29T03:47:05.5356024Z Selecting previously unselected package libqt6test6t64:amd64.
2025-09-29T03:47:05.5488857Z Preparing to unpack .../69-libqt6test6t64_6.4.2+dfsg-21.1build5_amd64.deb ...
2025-09-29T03:47:05.5499408Z Unpacking libqt6test6t64:amd64 (6.4.2+dfsg-21.1build5) ...
2025-09-29T03:47:05.5758854Z Selecting previously unselected package libqt6uitools6:amd64.
2025-09-29T03:47:05.5891466Z Preparing to unpack .../70-libqt6uitools6_6.4.2-3build3_amd64.deb ...
2025-09-29T03:47:05.5902090Z Unpacking libqt6uitools6:amd64 (6.4.2-3build3) ...
2025-09-29T03:47:05.6144658Z Selecting previously unselected package libqt6waylandclient6:amd64.
2025-09-29T03:47:05.6277187Z Preparing to unpack .../71-libqt6waylandclient6_6.4.2-5build3_amd64.deb ...
2025-09-29T03:47:05.6286836Z Unpacking libqt6waylandclient6:amd64 (6.4.2-5build3) ...
2025-09-29T03:47:05.6552310Z Selecting previously unselected package libqt6waylandcompositor6:amd64.
2025-09-29T03:47:05.6685971Z Preparing to unpack .../72-libqt6waylandcompositor6_6.4.2-5build3_amd64.deb ...
2025-09-29T03:47:05.6698123Z Unpacking libqt6waylandcompositor6:amd64 (6.4.2-5build3) ...
2025-09-29T03:47:05.7002817Z Selecting previously unselected package libqt6waylandeglclienthwintegration6:amd64.
2025-09-29T03:47:05.7137525Z Preparing to unpack .../73-libqt6waylandeglclienthwintegration6_6.4.2-5build3_amd64.deb ...
2025-09-29T03:47:05.7147098Z Unpacking libqt6waylandeglclienthwintegration6:amd64 (6.4.2-5build3) ...
2025-09-29T03:47:05.7365307Z Selecting previously unselected package libqt6waylandeglcompositorhwintegration6:amd64.
2025-09-29T03:47:05.7497983Z Preparing to unpack .../74-libqt6waylandeglcompositorhwintegration6_6.4.2-5build3_amd64.deb ...
2025-09-29T03:47:05.7512830Z Unpacking libqt6waylandeglcompositorhwintegration6:amd64 (6.4.2-5build3) ...
2025-09-29T03:47:05.7731379Z Selecting previously unselected package libqt6wlshellintegration6:amd64.
2025-09-29T03:47:05.7863914Z Preparing to unpack .../75-libqt6wlshellintegration6_6.4.2-5build3_amd64.deb ...
2025-09-29T03:47:05.7873965Z Unpacking libqt6wlshellintegration6:amd64 (6.4.2-5build3) ...
2025-09-29T03:47:05.8081600Z Selecting previously unselected package libssh2-1-dev:amd64.
2025-09-29T03:47:05.8214880Z Preparing to unpack .../76-libssh2-1-dev_1.11.0-4.1build2_amd64.deb ...
2025-09-29T03:47:05.8223719Z Unpacking libssh2-1-dev:amd64 (1.11.0-4.1build2) ...
2025-09-29T03:47:05.8763606Z Selecting previously unselected package libvulkan-dev:amd64.
2025-09-29T03:47:05.8897300Z Preparing to unpack .../77-libvulkan-dev_1.3.275.0-1build1_amd64.deb ...
2025-09-29T03:47:05.8905057Z Unpacking libvulkan-dev:amd64 (1.3.275.0-1build1) ...
2025-09-29T03:47:06.0029434Z Selecting previously unselected package linguist-qt6.
2025-09-29T03:47:06.0164761Z Preparing to unpack .../78-linguist-qt6_6.4.2-3build3_amd64.deb ...
2025-09-29T03:47:06.0177231Z Unpacking linguist-qt6 (6.4.2-3build3) ...
2025-09-29T03:47:06.0433060Z Selecting previously unselected package ninja-build.
2025-09-29T03:47:06.0566546Z Preparing to unpack .../79-ninja-build_1.11.1-2_amd64.deb ...
2025-09-29T03:47:06.0587682Z Unpacking ninja-build (1.11.1-2) ...
2025-09-29T03:47:06.1108403Z Selecting previously unselected package qdbus-qt6.
2025-09-29T03:47:06.1242004Z Preparing to unpack .../80-qdbus-qt6_6.4.2-3build3_amd64.deb ...
2025-09-29T03:47:06.1257459Z Unpacking qdbus-qt6 (6.4.2-3build3) ...
2025-09-29T03:47:06.1480288Z Selecting previously unselected package qmake6-bin.
2025-09-29T03:47:06.1613846Z Preparing to unpack .../81-qmake6-bin_6.4.2+dfsg-21.1build5_amd64.deb ...
2025-09-29T03:47:06.1623303Z Unpacking qmake6-bin (6.4.2+dfsg-21.1build5) ...
2025-09-29T03:47:06.2022072Z Selecting previously unselected package qmake6:amd64.
2025-09-29T03:47:06.2158163Z Preparing to unpack .../82-qmake6_6.4.2+dfsg-21.1build5_amd64.deb ...
2025-09-29T03:47:06.2168367Z Unpacking qmake6:amd64 (6.4.2+dfsg-21.1build5) ...
2025-09-29T03:47:06.3205824Z Selecting previously unselected package qt6-base-dev-tools.
2025-09-29T03:47:06.3341728Z Preparing to unpack .../83-qt6-base-dev-tools_6.4.2+dfsg-21.1build5_amd64.deb ...
2025-09-29T03:47:06.3352781Z Unpacking qt6-base-dev-tools (6.4.2+dfsg-21.1build5) ...
2025-09-29T03:47:06.3726161Z Selecting previously unselected package qt6-qpa-plugins:amd64.
2025-09-29T03:47:06.3861076Z Preparing to unpack .../84-qt6-qpa-plugins_6.4.2+dfsg-21.1build5_amd64.deb ...
2025-09-29T03:47:06.3871490Z Unpacking qt6-qpa-plugins:amd64 (6.4.2+dfsg-21.1build5) ...
2025-09-29T03:47:06.4107688Z Selecting previously unselected package qt6-base-dev:amd64.
2025-09-29T03:47:06.4242830Z Preparing to unpack .../85-qt6-base-dev_6.4.2+dfsg-21.1build5_amd64.deb ...
2025-09-29T03:47:06.4253277Z Unpacking qt6-base-dev:amd64 (6.4.2+dfsg-21.1build5) ...
2025-09-29T03:47:06.8800101Z Selecting previously unselected package qt6-documentation-tools.
2025-09-29T03:47:06.8943185Z Preparing to unpack .../86-qt6-documentation-tools_6.4.2-3build3_amd64.deb ...
2025-09-29T03:47:06.8952326Z Unpacking qt6-documentation-tools (6.4.2-3build3) ...
2025-09-29T03:47:06.9234184Z Selecting previously unselected package qt6-gtk-platformtheme:amd64.
2025-09-29T03:47:06.9371162Z Preparing to unpack .../87-qt6-gtk-platformtheme_6.4.2+dfsg-21.1build5_amd64.deb ...
2025-09-29T03:47:06.9382261Z Unpacking qt6-gtk-platformtheme:amd64 (6.4.2+dfsg-21.1build5) ...
2025-09-29T03:47:06.9609430Z Selecting previously unselected package qt6-l10n-tools.
2025-09-29T03:47:06.9743954Z Preparing to unpack .../88-qt6-l10n-tools_6.4.2-3build3_amd64.deb ...
2025-09-29T03:47:06.9752606Z Unpacking qt6-l10n-tools (6.4.2-3build3) ...
2025-09-29T03:47:07.0063382Z Selecting previously unselected package qt6-tools-dev-tools.
2025-09-29T03:47:07.0198009Z Preparing to unpack .../89-qt6-tools-dev-tools_6.4.2-3build3_amd64.deb ...
2025-09-29T03:47:07.0210236Z Unpacking qt6-tools-dev-tools (6.4.2-3build3) ...
2025-09-29T03:47:07.0451826Z Selecting previously unselected package qt6-tools-dev:amd64.
2025-09-29T03:47:07.0588445Z Preparing to unpack .../90-qt6-tools-dev_6.4.2-3build3_amd64.deb ...
2025-09-29T03:47:07.0598212Z Unpacking qt6-tools-dev:amd64 (6.4.2-3build3) ...
2025-09-29T03:47:07.1196557Z Selecting previously unselected package qt6-translations-l10n.
2025-09-29T03:47:07.1334609Z Preparing to unpack .../91-qt6-translations-l10n_6.4.2-1_all.deb ...
2025-09-29T03:47:07.1342969Z Unpacking qt6-translations-l10n (6.4.2-1) ...
2025-09-29T03:47:07.2358613Z Selecting previously unselected package qt6-wayland:amd64.
2025-09-29T03:47:07.2494525Z Preparing to unpack .../92-qt6-wayland_6.4.2-5build3_amd64.deb ...
2025-09-29T03:47:07.2504598Z Unpacking qt6-wayland:amd64 (6.4.2-5build3) ...
2025-09-29T03:47:07.2772678Z Selecting previously unselected package libhttp-parser-dev:amd64.
2025-09-29T03:47:07.2908025Z Preparing to unpack .../93-libhttp-parser-dev_2.9.4-6build1_amd64.deb ...
2025-09-29T03:47:07.2920652Z Unpacking libhttp-parser-dev:amd64 (2.9.4-6build1) ...
2025-09-29T03:47:07.3132206Z Selecting previously unselected package libgit2-dev:amd64.
2025-09-29T03:47:07.3267757Z Preparing to unpack .../94-libgit2-dev_1.7.2+ds-1ubuntu3_amd64.deb ...
2025-09-29T03:47:07.3278249Z Unpacking libgit2-dev:amd64 (1.7.2+ds-1ubuntu3) ...
2025-09-29T03:47:07.3807454Z Selecting previously unselected package libglvnd-core-dev:amd64.
2025-09-29T03:47:07.3942359Z Preparing to unpack .../95-libglvnd-core-dev_1.7.0-1build1_amd64.deb ...
2025-09-29T03:47:07.3952627Z Unpacking libglvnd-core-dev:amd64 (1.7.0-1build1) ...
2025-09-29T03:47:07.4185595Z Selecting previously unselected package libglvnd-dev:amd64.
2025-09-29T03:47:07.4321048Z Preparing to unpack .../96-libglvnd-dev_1.7.0-1build1_amd64.deb ...
2025-09-29T03:47:07.4329886Z Unpacking libglvnd-dev:amd64 (1.7.0-1build1) ...
2025-09-29T03:47:07.4537823Z Selecting previously unselected package libgl1-mesa-dev:amd64.
2025-09-29T03:47:07.4673453Z Preparing to unpack .../97-libgl1-mesa-dev_25.0.7-0ubuntu0.24.04.2_amd64.deb ...
2025-09-29T03:47:07.4682467Z Unpacking libgl1-mesa-dev:amd64 (25.0.7-0ubuntu0.24.04.2) ...
2025-09-29T03:47:07.5099081Z Setting up libb2-1:amd64 (0.98.1-1.1build1) ...
2025-09-29T03:47:07.5127100Z Setting up libdouble-conversion3:amd64 (3.3.0-1build1) ...
2025-09-29T03:47:07.5150321Z Setting up libproxy1v5:amd64 (0.5.4-4build1) ...
2025-09-29T03:47:07.5177399Z Setting up libvulkan-dev:amd64 (1.3.275.0-1build1) ...
2025-09-29T03:47:07.5200327Z Setting up libglvnd-core-dev:amd64 (1.7.0-1build1) ...
2025-09-29T03:47:07.5221703Z Setting up libllvm15t64:amd64 (1:15.0.7-14build3) ...
2025-09-29T03:47:07.5247302Z Setting up libts0t64:amd64 (1.22-1.1build1) ...
2025-09-29T03:47:07.5284692Z Setting up libxcb-keysyms1:amd64 (0.4.0-1build4) ...
2025-09-29T03:47:07.5309012Z Setting up libxcb-shape0:amd64 (1.15-1ubuntu2) ...
2025-09-29T03:47:07.5332536Z Setting up libxcb-render-util0:amd64 (0.3.9-1build4) ...
2025-09-29T03:47:07.5362032Z Setting up libxcb-icccm4:amd64 (0.4.1-1.1build3) ...
2025-09-29T03:47:07.5390168Z Setting up libpthread-stubs0-dev:amd64 (0.4-1build3) ...
2025-09-29T03:47:07.5417390Z Setting up libopengl0:amd64 (1.7.0-1build1) ...
2025-09-29T03:47:07.5441334Z Setting up ninja-build (1.11.1-2) ...
2025-09-29T03:47:07.5467307Z Setting up libxcb-util1:amd64 (0.4.0-1build3) ...
2025-09-29T03:47:07.5489605Z Setting up libxcb-xkb1:amd64 (1.15-1ubuntu2) ...
2025-09-29T03:47:07.5513421Z Setting up libxcb-image0:amd64 (0.4.0-2build1) ...
2025-09-29T03:47:07.5540562Z Setting up qt6-translations-l10n (6.4.2-1) ...
2025-09-29T03:47:07.5566616Z Setting up xtrans-dev (1.4.0-1) ...
2025-09-29T03:47:07.5591433Z Setting up libegl-mesa0:amd64 (25.0.7-0ubuntu0.24.04.2) ...
2025-09-29T03:47:07.5619331Z Setting up libgles2:amd64 (1.7.0-1build1) ...
2025-09-29T03:47:07.5649705Z Setting up libgumbo2:amd64 (0.12.0+dfsg-2build1) ...
2025-09-29T03:47:07.5677344Z Setting up libgles1:amd64 (1.7.0-1build1) ...
2025-09-29T03:47:07.5701019Z Setting up libxkbcommon-x11-0:amd64 (1.6.0-1build1) ...
2025-09-29T03:47:07.5726694Z Setting up libjsoncpp25:amd64 (1.9.5-6build1) ...
2025-09-29T03:47:07.5750717Z Setting up libclang1-15t64 (1:15.0.7-14build3) ...
2025-09-29T03:47:07.5776385Z Setting up libssh2-1-dev:amd64 (1.11.0-4.1build2) ...
2025-09-29T03:47:07.5802766Z Setting up libmtdev1t64:amd64 (1.1.6-1.1build1) ...
2025-09-29T03:47:07.5830500Z Setting up librhash0:amd64 (1.4.3-3build1) ...
2025-09-29T03:47:07.5857945Z Setting up libegl1:amd64 (1.7.0-1build1) ...
2025-09-29T03:47:07.5884513Z Setting up libmd4c0:amd64 (0.4.8-1build1) ...
2025-09-29T03:47:07.5909829Z Setting up build-essential (12.10ubuntu1) ...
2025-09-29T03:47:07.5936928Z Setting up xorg-sgml-doctools (1:1.11-1.1) ...
2025-09-29T03:47:07.5960751Z Setting up cmake-data (3.28.3-1build7) ...
2025-09-29T03:47:07.6033175Z Setting up libopengl-dev:amd64 (1.7.0-1build1) ...
2025-09-29T03:47:07.6057427Z Setting up libclang-cpp15t64 (1:15.0.7-14build3) ...
2025-09-29T03:47:07.6082489Z Setting up libhttp-parser2.9:amd64 (2.9.4-6build1) ...
2025-09-29T03:47:07.6109618Z Setting up libwacom-common (2.10.0-2) ...
2025-09-29T03:47:07.6134928Z Setting up libhttp-parser-dev:amd64 (2.9.4-6build1) ...
2025-09-29T03:47:07.6161907Z Setting up libqt6core6t64:amd64 (6.4.2+dfsg-21.1build5) ...
2025-09-29T03:47:07.6193086Z Setting up libwacom9:amd64 (2.10.0-2) ...
2025-09-29T03:47:07.6219566Z Setting up liblitehtml0t64:amd64 (0.6-1.2ubuntu2) ...
2025-09-29T03:47:07.6244894Z Setting up libqt6sql6t64:amd64 (6.4.2+dfsg-21.1build5) ...
2025-09-29T03:47:07.6271288Z Setting up libqt6test6t64:amd64 (6.4.2+dfsg-21.1build5) ...
2025-09-29T03:47:07.6297371Z Setting up libqt6dbus6t64:amd64 (6.4.2+dfsg-21.1build5) ...
2025-09-29T03:47:07.6321675Z Setting up libqt6concurrent6t64:amd64 (6.4.2+dfsg-21.1build5) ...
2025-09-29T03:47:07.6348263Z Setting up libqt6xml6t64:amd64 (6.4.2+dfsg-21.1build5) ...
2025-09-29T03:47:07.6374515Z Setting up libinput-bin (1.25.0-1ubuntu3.1) ...
2025-09-29T03:47:07.6404393Z Setting up libqt6sql6-sqlite:amd64 (6.4.2+dfsg-21.1build5) ...
2025-09-29T03:47:07.6434941Z Setting up qmake6-bin (6.4.2+dfsg-21.1build5) ...
2025-09-29T03:47:07.6461696Z Setting up cmake (3.28.3-1build7) ...
2025-09-29T03:47:07.6487785Z Setting up libgit2-1.7:amd64 (1.7.2+ds-1ubuntu3) ...
2025-09-29T03:47:07.6511925Z Setting up libqt6network6t64:amd64 (6.4.2+dfsg-21.1build5) ...
2025-09-29T03:47:07.6534540Z Setting up libgit2-dev:amd64 (1.7.2+ds-1ubuntu3) ...
2025-09-29T03:47:07.6555374Z Setting up libinput10:amd64 (1.25.0-1ubuntu3.1) ...
2025-09-29T03:47:07.6578827Z Setting up qt6-base-dev-tools (6.4.2+dfsg-21.1build5) ...
2025-09-29T03:47:07.6609540Z Setting up qdbus-qt6 (6.4.2-3build3) ...
2025-09-29T03:47:07.6632732Z Setting up libqt6qml6:amd64 (6.4.2+dfsg-4build3) ...
2025-09-29T03:47:07.6661088Z Setting up libqt6qmlmodels6:amd64 (6.4.2+dfsg-4build3) ...
2025-09-29T03:47:07.6682870Z Setting up qmake6:amd64 (6.4.2+dfsg-21.1build5) ...
2025-09-29T03:47:07.6707606Z Setting up libqt6gui6t64:amd64 (6.4.2+dfsg-21.1build5) ...
2025-09-29T03:47:07.6741034Z Setting up libqt6widgets6t64:amd64 (6.4.2+dfsg-21.1build5) ...
2025-09-29T03:47:07.6764578Z Setting up qt6-qpa-plugins:amd64 (6.4.2+dfsg-21.1build5) ...
2025-09-29T03:47:07.6788366Z Setting up qt6-l10n-tools (6.4.2-3build3) ...
2025-09-29T03:47:07.6810297Z Setting up libqt6help6:amd64 (6.4.2-3build3) ...
2025-09-29T03:47:07.6841455Z Setting up qt6-documentation-tools (6.4.2-3build3) ...
2025-09-29T03:47:07.6868476Z Setting up libqt6opengl6t64:amd64 (6.4.2+dfsg-21.1build5) ...
2025-09-29T03:47:07.6897189Z Setting up libqt6waylandclient6:amd64 (6.4.2-5build3) ...
2025-09-29T03:47:07.6926179Z Setting up qt6-gtk-platformtheme:amd64 (6.4.2+dfsg-21.1build5) ...
2025-09-29T03:47:07.6950076Z Setting up libqt6printsupport6t64:amd64 (6.4.2+dfsg-21.1build5) ...
2025-09-29T03:47:07.6970755Z Setting up libqt6quick6:amd64 (6.4.2+dfsg-4build3) ...
2025-09-29T03:47:07.6999419Z Setting up assistant-qt6 (6.4.2-3build3) ...
2025-09-29T03:47:07.7030174Z Setting up libqt6wlshellintegration6:amd64 (6.4.2-5build3) ...
2025-09-29T03:47:07.7058993Z Setting up libqt6waylandcompositor6:amd64 (6.4.2-5build3) ...
2025-09-29T03:47:07.7086389Z Setting up libqt6openglwidgets6t64:amd64 (6.4.2+dfsg-21.1build5) ...
2025-09-29T03:47:07.7114168Z Setting up libqt6waylandeglcompositorhwintegration6:amd64 (6.4.2-5build3) ...
2025-09-29T03:47:07.7141498Z Setting up libqt6waylandeglclienthwintegration6:amd64 (6.4.2-5build3) ...
2025-09-29T03:47:07.7164848Z Setting up libqt6quickwidgets6:amd64 (6.4.2+dfsg-4build3) ...
2025-09-29T03:47:07.7187127Z Setting up libqt6uitools6:amd64 (6.4.2-3build3) ...
2025-09-29T03:47:07.7225133Z Setting up qt6-wayland:amd64 (6.4.2-5build3) ...
2025-09-29T03:47:07.7248930Z Setting up libqt6designer6:amd64 (6.4.2-3build3) ...
2025-09-29T03:47:07.7279003Z Setting up linguist-qt6 (6.4.2-3build3) ...
2025-09-29T03:47:07.7304363Z Setting up libqt6designercomponents6:amd64 (6.4.2-3build3) ...
2025-09-29T03:47:07.7334108Z Setting up designer-qt6 (6.4.2-3build3) ...
2025-09-29T03:47:07.7479641Z Setting up qt6-tools-dev-tools (6.4.2-3build3) ...
2025-09-29T03:47:07.7627162Z Processing triggers for libc-bin (2.39-0ubuntu8.6) ...
2025-09-29T03:47:07.8194982Z Processing triggers for man-db (2.12.0-4build2) ...
2025-09-29T03:48:00.6393158Z Processing triggers for udev (255.4-1ubuntu8.10) ...
2025-09-29T03:48:01.6517345Z Processing triggers for sgml-base (1.31) ...
2025-09-29T03:48:01.6801381Z Setting up x11proto-dev (2023.2-1) ...
2025-09-29T03:48:01.6857036Z Setting up libxau-dev:amd64 (1:1.0.9-1build6) ...
2025-09-29T03:48:01.6909445Z Setting up libxdmcp-dev:amd64 (1:1.1.3-0ubuntu6) ...
2025-09-29T03:48:01.6962793Z Setting up libxcb1-dev:amd64 (1.15-1ubuntu2) ...
2025-09-29T03:48:01.6990377Z Setting up libx11-dev:amd64 (2:1.8.7-1build1) ...
2025-09-29T03:48:01.7052119Z Setting up libglx-dev:amd64 (1.7.0-1build1) ...
2025-09-29T03:48:01.7082688Z Setting up libgl-dev:amd64 (1.7.0-1build1) ...
2025-09-29T03:48:01.7110448Z Setting up libegl-dev:amd64 (1.7.0-1build1) ...
2025-09-29T03:48:01.7151565Z Setting up qt6-base-dev:amd64 (6.4.2+dfsg-21.1build5) ...
2025-09-29T03:48:01.7192821Z Setting up qt6-tools-dev:amd64 (6.4.2-3build3) ...
2025-09-29T03:48:01.7228614Z Setting up libgles-dev:amd64 (1.7.0-1build1) ...
2025-09-29T03:48:01.7258286Z Setting up libglvnd-dev:amd64 (1.7.0-1build1) ...
2025-09-29T03:48:01.7290966Z Setting up libgl1-mesa-dev:amd64 (25.0.7-0ubuntu0.24.04.2) ...
2025-09-29T03:48:02.9937858Z 
2025-09-29T03:48:02.9938296Z Running kernel seems to be up-to-date.
2025-09-29T03:48:02.9938573Z 
2025-09-29T03:48:02.9938673Z Restarting services...
2025-09-29T03:48:03.0010238Z 
2025-09-29T03:48:03.0010720Z Service restarts being deferred:
2025-09-29T03:48:03.0012289Z  systemctl restart hosted-compute-agent.service
2025-09-29T03:48:03.0012672Z 
2025-09-29T03:48:03.0012837Z No containers need to be restarted.
2025-09-29T03:48:03.0013121Z 
2025-09-29T03:48:03.0013308Z No user sessions are running outdated binaries.
2025-09-29T03:48:03.0013629Z 
2025-09-29T03:48:03.0013915Z No VM guests are running outdated hypervisor (qemu) binaries on this host.
2025-09-29T03:48:03.9098139Z ##[group]Run mkdir build
2025-09-29T03:48:03.9098408Z [36;1mmkdir build[0m
2025-09-29T03:48:03.9098586Z [36;1mcd build[0m
2025-09-29T03:48:03.9098769Z [36;1mcmake \[0m
2025-09-29T03:48:03.9098942Z [36;1m  -GNinja \[0m
2025-09-29T03:48:03.9099143Z [36;1m  -DCMAKE_BUILD_TYPE=Release \[0m
2025-09-29T03:48:03.9099397Z [36;1m  -DBUILD_TESTS=ON \[0m
2025-09-29T03:48:03.9099597Z [36;1m  ..[0m
2025-09-29T03:48:03.9133617Z shell: /usr/bin/bash -e {0}
2025-09-29T03:48:03.9133843Z env:
2025-09-29T03:48:03.9134012Z   CMAKE_VERSION: 3.20.0
2025-09-29T03:48:03.9134206Z   QT_VERSION: 6.5.0
2025-09-29T03:48:03.9134386Z ##[endgroup]
2025-09-29T03:48:09.0420974Z -- The CXX compiler identification is GNU 13.3.0
2025-09-29T03:48:09.1696025Z -- The C compiler identification is GNU 13.3.0
2025-09-29T03:48:09.4692381Z -- Detecting CXX compiler ABI info
2025-09-29T03:48:09.8825863Z -- Detecting CXX compiler ABI info - done
2025-09-29T03:48:09.8991165Z -- Check for working CXX compiler: /usr/bin/c++ - skipped
2025-09-29T03:48:09.9141908Z -- Detecting CXX compile features
2025-09-29T03:48:09.9283281Z -- Detecting CXX compile features - done
2025-09-29T03:48:10.0156343Z -- Detecting C compiler ABI info
2025-09-29T03:48:10.0970775Z -- Detecting C compiler ABI info - done
2025-09-29T03:48:10.1132477Z -- Check for working C compiler: /usr/bin/cc - skipped
2025-09-29T03:48:10.1136173Z -- Detecting C compile features
2025-09-29T03:48:10.1140697Z -- Detecting C compile features - done
2025-09-29T03:48:10.1363532Z -- Building for Linux with Qt
2025-09-29T03:48:10.2621191Z -- Performing Test CMAKE_HAVE_LIBC_PTHREAD
2025-09-29T03:48:10.3963931Z -- Performing Test CMAKE_HAVE_LIBC_PTHREAD - Success
2025-09-29T03:48:10.4153582Z -- Found Threads: TRUE
2025-09-29T03:48:10.4170392Z -- Performing Test HAVE_STDATOMIC
2025-09-29T03:48:11.4202434Z -- Performing Test HAVE_STDATOMIC - Success
2025-09-29T03:48:11.4211392Z -- Found WrapAtomic: TRUE
2025-09-29T03:48:11.4835184Z -- Found OpenGL: /usr/lib/x86_64-linux-gnu/libOpenGL.so
2025-09-29T03:48:11.4847090Z -- Found WrapOpenGL: TRUE
2025-09-29T03:48:11.6800998Z -- Could NOT find XKB (missing: XKB_LIBRARY XKB_INCLUDE_DIR) (Required is at least version "0.5.0")
2025-09-29T03:48:11.7789576Z -- Found WrapVulkanHeaders: /usr/include
2025-09-29T03:48:11.7905918Z -- Found Qt6: 6.4.2
2025-09-29T03:48:11.7940641Z -- Found PkgConfig: /usr/bin/pkg-config (found version "1.8.1")
2025-09-29T03:48:11.7949285Z -- Checking for module 'libgit2'
2025-09-29T03:48:11.8042494Z --   Found libgit2, version 1.7.2
2025-09-29T03:48:11.8273566Z -- Found libgit2: 1.7.2
2025-09-29T03:48:11.9147824Z -- Configuring done (6.5s)
2025-09-29T03:48:12.1037908Z -- Generating done (0.2s)
2025-09-29T03:48:12.1046297Z -- Build files have been written to: /home/runner/work/VersionTools/VersionTools/build
2025-09-29T03:48:12.1150356Z ##[group]Run cd build
2025-09-29T03:48:12.1150594Z [36;1mcd build[0m
2025-09-29T03:48:12.1150814Z [36;1mninja -j$(nproc)[0m
2025-09-29T03:48:12.1182891Z shell: /usr/bin/bash -e {0}
2025-09-29T03:48:12.1183106Z env:
2025-09-29T03:48:12.1183266Z   CMAKE_VERSION: 3.20.0
2025-09-29T03:48:12.1183454Z   QT_VERSION: 6.5.0
2025-09-29T03:48:12.1183640Z ##[endgroup]
2025-09-29T03:48:12.1840356Z [1/16] Automatic MOC and UIC for target GitCore
2025-09-29T03:48:12.1959673Z [2/16] Building CXX object src/core/CMakeFiles/GitCore.dir/GitCore_autogen/mocs_compilation.cpp.o
2025-09-29T03:48:14.2280558Z [3/16] Building CXX object src/core/CMakeFiles/GitCore.dir/SystemCommand.cpp.o
2025-09-29T03:48:14.2281437Z FAILED: [code=1] src/core/CMakeFiles/GitCore.dir/SystemCommand.cpp.o 
2025-09-29T03:48:14.2285315Z /usr/bin/c++ -DNDEBUG -DUSE_LIBGIT2 -I/home/runner/work/VersionTools/VersionTools/build/src/core/GitCore_autogen/include -I/home/runner/work/VersionTools/VersionTools/src -I/home/runner/work/VersionTools/VersionTools/src/core -Wall -Wextra -Wpedantic -O3 -DNDEBUG -std=gnu++17 -O3 -MD -MT src/core/CMakeFiles/GitCore.dir/SystemCommand.cpp.o -MF src/core/CMakeFiles/GitCore.dir/SystemCommand.cpp.o.d -o src/core/CMakeFiles/GitCore.dir/SystemCommand.cpp.o -c /home/runner/work/VersionTools/VersionTools/src/core/SystemCommand.cpp
2025-09-29T03:48:14.2289463Z In file included from /home/runner/work/VersionTools/VersionTools/src/core/SystemCommand.cpp:1:
2025-09-29T03:48:14.2291581Z /home/runner/work/VersionTools/VersionTools/src/core/SystemCommand.h:58:10: error: ‘unique_ptr’ in namespace ‘std’ does not name a template type
2025-09-29T03:48:14.2298452Z    58 |     std::unique_ptr<Impl> pImpl;
2025-09-29T03:48:14.2298883Z       |          ^~~~~~~~~~
2025-09-29T03:48:14.2300601Z /home/runner/work/VersionTools/VersionTools/src/core/SystemCommand.h:6:1: note: ‘std::unique_ptr’ is defined in header ‘<memory>’; did you forget to ‘#include <memory>’?
2025-09-29T03:48:14.2301863Z     5 | #include <functional>
2025-09-29T03:48:14.2302276Z   +++ |+#include <memory>
2025-09-29T03:48:14.2302626Z     6 | 
2025-09-29T03:48:14.2303924Z /home/runner/work/VersionTools/VersionTools/src/core/SystemCommand.cpp: In constructor ‘VersionTools::SystemCommand::SystemCommand()’:
2025-09-29T03:48:14.2306903Z /home/runner/work/VersionTools/VersionTools/src/core/SystemCommand.cpp:60:34: error: class ‘VersionTools::SystemCommand’ does not have any field named ‘pImpl’
2025-09-29T03:48:14.2308751Z    60 | SystemCommand::SystemCommand() : pImpl(std::make_unique<Impl>()) {}
2025-09-29T03:48:14.2309501Z       |                                  ^~~~~
2025-09-29T03:48:14.2311921Z /home/runner/work/VersionTools/VersionTools/src/core/SystemCommand.cpp: In member function ‘VersionTools::SystemCommandResult VersionTools::SystemCommand::execute(const std::string&, const std::vector<std::__cxx11::basic_string<char> >&, const std::string&)’:
2025-09-29T03:48:14.2314688Z /home/runner/work/VersionTools/VersionTools/src/core/SystemCommand.cpp:69:5: error: ‘pImpl’ was not declared in this scope; did you mean ‘Impl’?
2025-09-29T03:48:14.2316137Z    69 |     pImpl->cancelled = false;
2025-09-29T03:48:14.2316541Z       |     ^~~~~
2025-09-29T03:48:14.2316846Z       |     Impl
2025-09-29T03:48:14.2319078Z /home/runner/work/VersionTools/VersionTools/src/core/SystemCommand.cpp: In member function ‘VersionTools::SystemCommandResult VersionTools::SystemCommand::executeUnix(const std::string&, const std::vector<std::__cxx11::basic_string<char> >&, const std::string&)’:
2025-09-29T03:48:14.2321958Z /home/runner/work/VersionTools/VersionTools/src/core/SystemCommand.cpp:225:41: error: ‘pImpl’ was not declared in this scope; did you mean ‘Impl’?
2025-09-29T03:48:14.2323356Z   225 |         for (const auto& [key, value] : pImpl->environmentVariables) {
2025-09-29T03:48:14.2323946Z       |                                         ^~~~~
2025-09-29T03:48:14.2324407Z       |                                         Impl
2025-09-29T03:48:14.2326367Z /home/runner/work/VersionTools/VersionTools/src/core/SystemCommand.cpp:230:21: error: ‘pImpl’ was not declared in this scope; did you mean ‘Impl’?
2025-09-29T03:48:14.2327653Z   230 |         auto argv = pImpl->buildArgVector(command, args);
2025-09-29T03:48:14.2328154Z       |                     ^~~~~
2025-09-29T03:48:14.2328503Z       |                     Impl
2025-09-29T03:48:14.2329844Z /home/runner/work/VersionTools/VersionTools/src/core/SystemCommand.cpp:242:5: error: ‘pImpl’ was not declared in this scope; did you mean ‘Impl’?
2025-09-29T03:48:14.2331045Z   242 |     pImpl->childPid = pid;
2025-09-29T03:48:14.2331442Z       |     ^~~~~
2025-09-29T03:48:14.2331751Z       |     Impl
2025-09-29T03:48:14.2333095Z /home/runner/work/VersionTools/VersionTools/src/core/SystemCommand.cpp: In member function ‘void VersionTools::SystemCommand::cancel()’:
2025-09-29T03:48:14.2335099Z /home/runner/work/VersionTools/VersionTools/src/core/SystemCommand.cpp:349:5: error: ‘pImpl’ was not declared in this scope; did you mean ‘Impl’?
2025-09-29T03:48:14.2336489Z   349 |     pImpl->cancelled = true;
2025-09-29T03:48:14.2336890Z       |     ^~~~~
2025-09-29T03:48:14.2337177Z       |     Impl
2025-09-29T03:48:14.2338866Z /home/runner/work/VersionTools/VersionTools/src/core/SystemCommand.cpp: In member function ‘void VersionTools::SystemCommand::setEnvironmentVariable(const std::string&, const std::string&)’:
2025-09-29T03:48:14.2341322Z /home/runner/work/VersionTools/VersionTools/src/core/SystemCommand.cpp:363:5: error: ‘pImpl’ was not declared in this scope; did you mean ‘Impl’?
2025-09-29T03:48:14.2342564Z   363 |     pImpl->environmentVariables[name] = value;
2025-09-29T03:48:14.2343052Z       |     ^~~~~
2025-09-29T03:48:14.2343358Z       |     Impl
2025-09-29T03:48:14.2344878Z /home/runner/work/VersionTools/VersionTools/src/core/SystemCommand.cpp: In member function ‘void VersionTools::SystemCommand::clearEnvironmentVariables()’:
2025-09-29T03:48:14.2347363Z /home/runner/work/VersionTools/VersionTools/src/core/SystemCommand.cpp:367:5: error: ‘pImpl’ was not declared in this scope; did you mean ‘Impl’?
2025-09-29T03:48:14.2348585Z   367 |     pImpl->environmentVariables.clear();
2025-09-29T03:48:14.2349062Z       |     ^~~~~
2025-09-29T03:48:14.2349365Z       |     Impl
2025-09-29T03:48:14.2350766Z /home/runner/work/VersionTools/VersionTools/src/core/SystemCommand.cpp: In member function ‘void VersionTools::SystemCommand::setTimeout(int)’:
2025-09-29T03:48:14.2353191Z /home/runner/work/VersionTools/VersionTools/src/core/SystemCommand.cpp:371:5: error: ‘pImpl’ was not declared in this scope; did you mean ‘Impl’?
2025-09-29T03:48:14.2354391Z   371 |     pImpl->timeoutMs = timeoutMs;
2025-09-29T03:48:14.2354824Z       |     ^~~~~
2025-09-29T03:48:14.2355125Z       |     Impl
2025-09-29T03:48:18.1089099Z [4/16] Building CXX object src/core/CMakeFiles/GitCore.dir/GitUtils.cpp.o
2025-09-29T03:48:19.5163206Z [5/16] Building CXX object src/core/CMakeFiles/GitCore.dir/GitManager.cpp.o
2025-09-29T03:48:19.5163817Z ninja: build stopped: subcommand failed.
2025-09-29T03:48:19.5180690Z ##[error]Process completed with exit code 1.
2025-09-29T03:48:19.5290955Z Post job cleanup.
2025-09-29T03:48:19.6229531Z [command]/usr/bin/git version
2025-09-29T03:48:19.6267018Z git version 2.51.0
2025-09-29T03:48:19.6310676Z Temporarily overriding HOME='/home/runner/work/_temp/14c1f76a-71e1-4a06-8aa0-9569c3cf8e5d' before making global git config changes
2025-09-29T03:48:19.6311591Z Adding repository directory to the temporary git global config as a safe directory
2025-09-29T03:48:19.6323752Z [command]/usr/bin/git config --global --add safe.directory /home/runner/work/VersionTools/VersionTools
2025-09-29T03:48:19.6358822Z [command]/usr/bin/git config --local --name-only --get-regexp core\.sshCommand
2025-09-29T03:48:19.6391229Z [command]/usr/bin/git submodule foreach --recursive sh -c "git config --local --name-only --get-regexp 'core\.sshCommand' && git config --local --unset-all 'core.sshCommand' || :"
2025-09-29T03:48:19.6611973Z [command]/usr/bin/git config --local --name-only --get-regexp http\.https\:\/\/github\.com\/\.extraheader
2025-09-29T03:48:19.6632037Z http.https://github.com/.extraheader
2025-09-29T03:48:19.6644074Z [command]/usr/bin/git config --local --unset-all http.https://github.com/.extraheader
2025-09-29T03:48:19.6673613Z [command]/usr/bin/git submodule foreach --recursive sh -c "git config --local --name-only --get-regexp 'http\.https\:\/\/github\.com\/\.extraheader' && git config --local --unset-all 'http.https://github.com/.extraheader' || :"
2025-09-29T03:48:19.7001298Z Cleaning up orphan processes
